go test  -v ./internal/tui ./internal/terminaltext ./internal/cli ./cmd/tusk -run 'TestCalendar_|TestForm_VisiblePositionAndTimezone'
=== RUN   TestCalendar_ChooseAndCancelPreserveDraft
--- PASS: TestCalendar_ChooseAndCancelPreserveDraft (0.02s)
=== RUN   TestCalendar_CivilNavigation
=== RUN   TestCalendar_CivilNavigation/2024-01-31/pgdown
=== RUN   TestCalendar_CivilNavigation/2025-01-31/pgdown
=== RUN   TestCalendar_CivilNavigation/2026-03-31/pgup
=== RUN   TestCalendar_CivilNavigation/2026-12-31/right
=== RUN   TestCalendar_CivilNavigation/2026-01-01/left
=== RUN   TestCalendar_CivilNavigation/2026-09-29/up_down_down
=== RUN   TestCalendar_CivilNavigation/2026-10-15/t
=== RUN   TestCalendar_CivilNavigation/tomorrow/
=== RUN   TestCalendar_CivilNavigation/invalid/
=== RUN   TestCalendar_CivilNavigation//
=== RUN   TestCalendar_CivilNavigation/0001-01-01/left_up_pgup
=== RUN   TestCalendar_CivilNavigation/9999-12-31/right_down_pgdown
--- PASS: TestCalendar_CivilNavigation (0.10s)
    --- PASS: TestCalendar_CivilNavigation/2024-01-31/pgdown (0.01s)
    --- PASS: TestCalendar_CivilNavigation/2025-01-31/pgdown (0.01s)
    --- PASS: TestCalendar_CivilNavigation/2026-03-31/pgup (0.01s)
    --- PASS: TestCalendar_CivilNavigation/2026-12-31/right (0.01s)
    --- PASS: TestCalendar_CivilNavigation/2026-01-01/left (0.01s)
    --- PASS: TestCalendar_CivilNavigation/2026-09-29/up_down_down (0.01s)
    --- PASS: TestCalendar_CivilNavigation/2026-10-15/t (0.01s)
    --- PASS: TestCalendar_CivilNavigation/tomorrow/ (0.01s)
    --- PASS: TestCalendar_CivilNavigation/invalid/ (0.02s)
    --- PASS: TestCalendar_CivilNavigation// (0.01s)
    --- PASS: TestCalendar_CivilNavigation/0001-01-01/left_up_pgup (0.01s)
    --- PASS: TestCalendar_CivilNavigation/9999-12-31/right_down_pgdown (0.01s)
=== RUN   TestCalendar_LocalTodayAndDST
--- PASS: TestCalendar_LocalTodayAndDST (0.03s)
=== RUN   TestCalendar_LayoutPurityAndResize
--- PASS: TestCalendar_LayoutPurityAndResize (0.10s)
=== RUN   TestCalendar_RealStorageSaveAndUnchangedEdit
--- PASS: TestCalendar_RealStorageSaveAndUnchangedEdit (0.02s)
=== RUN   TestForm_VisiblePositionAndTimezone
--- PASS: TestForm_VisiblePositionAndTimezone (0.01s)
PASS
ok  	github.com/newbpydev/tusk/internal/tui	0.291s
testing: warning: no tests to run
PASS
ok  	github.com/newbpydev/tusk/internal/terminaltext	0.003s [no tests to run]
testing: warning: no tests to run
PASS
ok  	github.com/newbpydev/tusk/internal/cli	0.005s [no tests to run]
testing: warning: no tests to run
PASS
ok  	github.com/newbpydev/tusk/cmd/tusk	0.006s [no tests to run]
go version
go version go1.25.0 linux/amd64
Building CLI and tests: linux/amd64 (CGO_ENABLED=0; native execution separate)
Building CLI and tests: linux/arm64 (CGO_ENABLED=0; native execution separate)
Building CLI and tests: darwin/amd64 (CGO_ENABLED=0; native execution separate)
Building CLI and tests: darwin/arm64 (CGO_ENABLED=0; native execution separate)
Building CLI and tests: windows/amd64 (CGO_ENABLED=0; native execution separate)
Compiling TUI tests: linux/amd64 (CGO_ENABLED=0; native execution separate)
Compiling TUI tests: linux/arm64 (CGO_ENABLED=0; native execution separate)
Compiling TUI tests: darwin/amd64 (CGO_ENABLED=0; native execution separate)
Compiling TUI tests: darwin/arm64 (CGO_ENABLED=0; native execution separate)
Compiling TUI tests: windows/amd64 (CGO_ENABLED=0; native execution separate)
