mkdir -p "bin/"
CGO_ENABLED=0 go build -o "bin/tusk" ./cmd/tusk
go run ./scripts/cli-bench --binary "bin/tusk" --output "docs/verification-evidence/005/cli-latency.json"
run=1 --help/invalid-config=false            p90=  4.373ms p95=  4.856ms p99=  5.503ms max=  5.988ms target_misses=4 passed=true 
run=1 --version/invalid-config=false         p90=  4.312ms p95=  4.534ms p99=  5.550ms max=  5.756ms target_misses=3 passed=true 
run=1 --help/invalid-config=true             p90=  4.429ms p95=  4.754ms p99=  4.804ms max=  5.280ms target_misses=1 passed=true 
run=1 --version/invalid-config=true          p90=  4.465ms p95=  4.610ms p99=  4.828ms max=  6.446ms target_misses=1 passed=true 
run=1 0/list/json=false                      p90=  6.664ms p95=  6.786ms p99=  7.028ms max=  7.269ms target_misses=0 passed=true 
run=1 0/list/json=true                       p90=  6.609ms p95=  6.827ms p99=  7.234ms max=  7.592ms target_misses=0 passed=true 
run=1 0/tree/json=false                      p90=  6.872ms p95=  7.086ms p99=  7.627ms max=  7.739ms target_misses=0 passed=true 
run=1 0/tree/json=true                       p90=  6.606ms p95=  6.953ms p99=  7.423ms max=  7.913ms target_misses=0 passed=true 
run=1 0/stats/json=false                     p90=  6.407ms p95=  6.637ms p99=  6.889ms max=  7.352ms target_misses=0 passed=true 
run=1 0/stats/json=true                      p90=  6.457ms p95=  6.607ms p99=  7.623ms max=  8.055ms target_misses=0 passed=true 
run=1 0/history/json=false                   p90=  6.477ms p95=  7.140ms p99=  7.897ms max=  8.164ms target_misses=0 passed=true 
run=1 0/history/json=true                    p90=  6.379ms p95=  6.765ms p99=  7.657ms max=  7.973ms target_misses=0 passed=true 
run=1 100/list/json=false                    p90=  7.288ms p95=  7.664ms p99=  8.459ms max= 10.498ms target_misses=0 passed=true 
run=1 100/list/json=true                     p90=  7.130ms p95=  7.342ms p99=  7.856ms max=  7.995ms target_misses=0 passed=true 
run=1 100/tree/json=false                    p90=  7.391ms p95=  7.607ms p99=  8.551ms max=  8.561ms target_misses=0 passed=true 
run=1 100/tree/json=true                     p90=  7.887ms p95=  8.022ms p99=  8.309ms max=  9.115ms target_misses=0 passed=true 
run=1 100/stats/json=false                   p90=  7.213ms p95=  8.267ms p99=  9.311ms max= 11.132ms target_misses=0 passed=true 
run=1 100/stats/json=true                    p90=  7.246ms p95=  7.537ms p99=  8.400ms max=  8.595ms target_misses=0 passed=true 
run=1 100/history/json=false                 p90=  6.804ms p95=  7.090ms p99=  7.680ms max=  7.882ms target_misses=0 passed=true 
run=1 100/history/json=true                  p90=  7.075ms p95=  7.429ms p99=  7.565ms max=  9.510ms target_misses=0 passed=true 
run=1 1000/list/json=false                   p90= 12.601ms p95= 12.959ms p99= 13.274ms max= 13.343ms target_misses=0 passed=true 
run=1 1000/list/json=true                    p90= 15.204ms p95= 18.459ms p99= 21.335ms max= 22.318ms target_misses=11 passed=false 
run=1 1000/tree/json=false                   p90= 13.670ms p95= 13.899ms p99= 14.678ms max= 15.002ms target_misses=1 passed=true 
run=1 1000/tree/json=true                    p90= 15.899ms p95= 18.254ms p99= 21.753ms max= 22.506ms target_misses=17 passed=false 
run=1 1000/stats/json=false                  p90= 11.411ms p95= 11.887ms p99= 12.776ms max= 15.750ms target_misses=1 passed=true 
run=1 1000/stats/json=true                   p90= 11.678ms p95= 12.084ms p99= 19.043ms max= 19.210ms target_misses=3 passed=true 
run=1 1000/history/json=false                p90=  6.685ms p95=  6.920ms p99=  7.242ms max=  8.107ms target_misses=0 passed=true 
run=1 1000/history/json=true                 p90=  6.799ms p95=  7.064ms p99=  7.609ms max=  8.656ms target_misses=0 passed=true 
run=2 --help/invalid-config=false            p90=  4.403ms p95=  4.803ms p99=  5.197ms max=  5.811ms target_misses=3 passed=true 
run=2 --version/invalid-config=false         p90=  4.203ms p95=  4.320ms p99=  4.633ms max=  5.339ms target_misses=1 passed=true 
run=2 --help/invalid-config=true             p90=  4.298ms p95=  4.397ms p99=  5.388ms max=  5.419ms target_misses=3 passed=true 
run=2 --version/invalid-config=true          p90=  4.367ms p95=  4.564ms p99=  5.113ms max=  5.566ms target_misses=2 passed=true 
run=2 0/list/json=false                      p90=  6.351ms p95=  6.657ms p99=  7.568ms max=  8.491ms target_misses=0 passed=true 
run=2 0/list/json=true                       p90=  6.572ms p95=  6.775ms p99=  7.172ms max=  8.000ms target_misses=0 passed=true 
run=2 0/tree/json=false                      p90=  6.455ms p95=  6.682ms p99=  7.217ms max=  7.924ms target_misses=0 passed=true 
run=2 0/tree/json=true                       p90=  6.429ms p95=  6.529ms p99=  7.666ms max=  7.740ms target_misses=0 passed=true 
run=2 0/stats/json=false                     p90=  6.526ms p95=  6.768ms p99=  7.033ms max=  7.858ms target_misses=0 passed=true 
run=2 0/stats/json=true                      p90=  6.232ms p95=  6.585ms p99=  8.215ms max=  8.488ms target_misses=0 passed=true 
run=2 0/history/json=false                   p90=  6.322ms p95=  6.577ms p99=  6.859ms max=  6.932ms target_misses=0 passed=true 
run=2 0/history/json=true                    p90=  6.580ms p95=  6.761ms p99=  7.300ms max=  8.060ms target_misses=0 passed=true 
run=2 100/list/json=false                    p90=  7.003ms p95=  7.148ms p99=  7.399ms max=  8.541ms target_misses=0 passed=true 
run=2 100/list/json=true                     p90=  7.487ms p95=  7.816ms p99=  8.516ms max=  8.517ms target_misses=0 passed=true 
run=2 100/tree/json=false                    p90=  7.315ms p95=  7.669ms p99=  8.646ms max=  8.887ms target_misses=0 passed=true 
run=2 100/tree/json=true                     p90=  7.500ms p95=  7.884ms p99=  8.767ms max=  8.833ms target_misses=0 passed=true 
run=2 100/stats/json=false                   p90=  7.021ms p95=  7.202ms p99=  7.835ms max= 10.980ms target_misses=0 passed=true 
run=2 100/stats/json=true                    p90=  7.214ms p95=  7.505ms p99=  7.705ms max= 10.484ms target_misses=0 passed=true 
run=2 100/history/json=false                 p90=  6.695ms p95=  7.070ms p99=  7.477ms max=  7.525ms target_misses=0 passed=true 
run=2 100/history/json=true                  p90=  6.893ms p95=  7.032ms p99=  7.419ms max=  7.447ms target_misses=0 passed=true 
run=2 1000/list/json=false                   p90= 12.897ms p95= 13.414ms p99= 20.204ms max= 20.481ms target_misses=2 passed=true 
run=2 1000/list/json=true                    p90= 13.148ms p95= 14.002ms p99= 17.886ms max= 18.202ms target_misses=3 passed=true 
run=2 1000/tree/json=false                   p90= 14.046ms p95= 14.230ms p99= 14.759ms max= 19.084ms target_misses=1 passed=true 
run=2 1000/tree/json=true                    p90= 18.864ms p95= 21.016ms p99= 22.220ms max= 22.351ms target_misses=25 passed=false 
run=2 1000/stats/json=false                  p90= 11.919ms p95= 12.327ms p99= 13.325ms max= 15.988ms target_misses=1 passed=true 
run=2 1000/stats/json=true                   p90= 11.607ms p95= 12.148ms p99= 17.821ms max= 18.592ms target_misses=2 passed=true 
run=2 1000/history/json=false                p90=  6.802ms p95=  6.969ms p99=  7.349ms max=  7.754ms target_misses=0 passed=true 
run=2 1000/history/json=true                 p90=  6.788ms p95=  6.943ms p99=  7.727ms max=  7.783ms target_misses=0 passed=true 
run=3 --help/invalid-config=false            p90=  4.224ms p95=  4.408ms p99=  5.035ms max=  5.247ms target_misses=2 passed=true 
run=3 --version/invalid-config=false         p90=  4.227ms p95=  4.307ms p99=  4.571ms max=  6.124ms target_misses=1 passed=true 
run=3 --help/invalid-config=true             p90=  4.344ms p95=  4.360ms p99=  4.770ms max=  4.999ms target_misses=0 passed=true 
run=3 --version/invalid-config=true          p90=  4.343ms p95=  4.690ms p99=  4.919ms max=  4.943ms target_misses=0 passed=true 
run=3 0/list/json=false                      p90=  6.544ms p95=  7.052ms p99=  7.924ms max=  8.001ms target_misses=0 passed=true 
run=3 0/list/json=true                       p90=  6.365ms p95=  6.654ms p99=  7.315ms max=  7.413ms target_misses=0 passed=true 
run=3 0/tree/json=false                      p90=  6.511ms p95=  6.664ms p99=  8.013ms max=  8.245ms target_misses=0 passed=true 
run=3 0/tree/json=true                       p90=  6.244ms p95=  6.567ms p99=  7.253ms max=  7.369ms target_misses=0 passed=true 
run=3 0/stats/json=false                     p90=  6.759ms p95=  7.093ms p99=  7.227ms max=  7.331ms target_misses=0 passed=true 
run=3 0/stats/json=true                      p90=  6.748ms p95=  7.060ms p99=  7.472ms max=  7.507ms target_misses=0 passed=true 
run=3 0/history/json=false                   p90=  6.766ms p95=  7.239ms p99=  7.509ms max=  8.561ms target_misses=0 passed=true 
run=3 0/history/json=true                    p90=  6.558ms p95=  6.851ms p99=  8.371ms max=  8.702ms target_misses=0 passed=true 
run=3 100/list/json=false                    p90=  7.190ms p95=  7.570ms p99=  8.788ms max= 10.442ms target_misses=0 passed=true 
run=3 100/list/json=true                     p90=  7.511ms p95=  8.015ms p99=  9.246ms max=  9.341ms target_misses=0 passed=true 
run=3 100/tree/json=false                    p90=  7.031ms p95=  7.305ms p99=  7.640ms max=  7.647ms target_misses=0 passed=true 
run=3 100/tree/json=true                     p90=  7.797ms p95=  8.139ms p99=  8.707ms max= 10.237ms target_misses=0 passed=true 
run=3 100/stats/json=false                   p90=  7.098ms p95=  7.342ms p99=  7.622ms max=  8.583ms target_misses=0 passed=true 
run=3 100/stats/json=true                    p90=  7.290ms p95=  7.697ms p99=  8.222ms max=  8.825ms target_misses=0 passed=true 
run=3 100/history/json=false                 p90=  6.634ms p95=  7.051ms p99=  7.251ms max=  7.695ms target_misses=0 passed=true 
run=3 100/history/json=true                  p90=  6.933ms p95=  7.476ms p99=  8.446ms max=  8.737ms target_misses=0 passed=true 
run=3 1000/list/json=false                   p90= 12.791ms p95= 13.259ms p99= 19.022ms max= 20.583ms target_misses=2 passed=true 
run=3 1000/list/json=true                    p90= 16.311ms p95= 19.514ms p99= 20.863ms max= 20.938ms target_misses=12 passed=false 
run=3 1000/tree/json=false                   p90= 14.120ms p95= 14.650ms p99= 19.198ms max= 22.058ms target_misses=3 passed=true 
run=3 1000/tree/json=true                    p90= 19.317ms p95= 20.587ms p99= 23.089ms max= 23.457ms target_misses=25 passed=false 
run=3 1000/stats/json=false                  p90= 11.534ms p95= 12.546ms p99= 15.375ms max= 16.317ms target_misses=2 passed=true 
run=3 1000/stats/json=true                   p90= 11.736ms p95= 13.218ms p99= 16.727ms max= 18.240ms target_misses=2 passed=true 
run=3 1000/history/json=false                p90=  7.130ms p95=  7.566ms p99=  7.977ms max=  8.418ms target_misses=0 passed=true 
run=3 1000/history/json=true                 p90=  6.929ms p95=  7.336ms p99=  7.933ms max=  8.285ms target_misses=0 passed=true 
exit status 1
make: *** [Makefile:177: bench-cli] Error 1
