mkdir -p "bin/"
CGO_ENABLED=0 go build -o "bin/tusk" ./cmd/tusk
go run ./scripts/cli-bench --binary "bin/tusk" --output "docs/verification-evidence/005/cli-latency.json"
run=1 --help/invalid-config=false            p90=  4.280ms p95=  4.492ms p99=  4.765ms max=  4.952ms target_misses=0 passed=true 
run=1 --version/invalid-config=false         p90=  4.088ms p95=  4.239ms p99=  4.360ms max=  4.451ms target_misses=0 passed=true 
run=1 --help/invalid-config=true             p90=  4.247ms p95=  4.421ms p99=  4.930ms max=  5.006ms target_misses=1 passed=true 
run=1 --version/invalid-config=true          p90=  4.174ms p95=  4.212ms p99=  4.810ms max=  4.896ms target_misses=0 passed=true 
run=1 0/list/json=false                      p90=  6.180ms p95=  6.483ms p99=  7.054ms max=  7.462ms target_misses=0 passed=true 
run=1 0/list/json=true                       p90=  6.237ms p95=  6.587ms p99=  7.250ms max=  7.745ms target_misses=0 passed=true 
run=1 0/tree/json=false                      p90=  6.425ms p95=  6.694ms p99=  6.918ms max=  7.260ms target_misses=0 passed=true 
run=1 0/tree/json=true                       p90=  6.530ms p95=  6.781ms p99=  7.062ms max=  7.133ms target_misses=0 passed=true 
run=1 0/stats/json=false                     p90=  6.466ms p95=  6.634ms p99=  7.716ms max=  7.992ms target_misses=0 passed=true 
run=1 0/stats/json=true                      p90=  6.570ms p95=  6.758ms p99=  7.184ms max=  7.678ms target_misses=0 passed=true 
run=1 0/history/json=false                   p90=  6.275ms p95=  6.643ms p99=  7.207ms max=  7.215ms target_misses=0 passed=true 
run=1 0/history/json=true                    p90=  6.629ms p95=  6.916ms p99=  7.364ms max=  7.429ms target_misses=0 passed=true 
run=1 100/list/json=false                    p90=  6.846ms p95=  7.163ms p99=  7.966ms max=  8.896ms target_misses=0 passed=true 
run=1 100/list/json=true                     p90=  7.181ms p95=  7.385ms p99=  8.599ms max=  9.341ms target_misses=0 passed=true 
run=1 100/tree/json=false                    p90=  6.890ms p95=  7.424ms p99=  8.551ms max=  8.795ms target_misses=0 passed=true 
run=1 100/tree/json=true                     p90=  7.467ms p95=  7.510ms p99=  8.707ms max=  9.081ms target_misses=0 passed=true 
run=1 100/stats/json=false                   p90=  6.835ms p95=  7.332ms p99=  7.591ms max=  7.680ms target_misses=0 passed=true 
run=1 100/stats/json=true                    p90=  6.871ms p95=  7.126ms p99=  7.538ms max=  7.780ms target_misses=0 passed=true 
run=1 100/history/json=false                 p90=  6.472ms p95=  6.653ms p99=  7.061ms max=  8.275ms target_misses=0 passed=true 
run=1 100/history/json=true                  p90=  6.988ms p95=  7.365ms p99=  7.716ms max=  7.724ms target_misses=0 passed=true 
run=1 1000/list/json=false                   p90= 12.764ms p95= 13.235ms p99= 18.579ms max= 18.801ms target_misses=2 passed=true 
run=1 1000/list/json=true                    p90= 15.178ms p95= 18.167ms p99= 20.831ms max= 21.669ms target_misses=11 passed=false 
run=1 1000/tree/json=false                   p90= 13.405ms p95= 13.860ms p99= 14.485ms max= 18.620ms target_misses=1 passed=true 
run=1 1000/tree/json=true                    p90= 16.185ms p95= 19.904ms p99= 20.744ms max= 22.045ms target_misses=15 passed=false 
run=1 1000/stats/json=false                  p90= 10.988ms p95= 11.116ms p99= 11.968ms max= 13.429ms target_misses=0 passed=true 
run=1 1000/stats/json=true                   p90= 11.207ms p95= 11.680ms p99= 12.180ms max= 17.963ms target_misses=1 passed=true 
run=1 1000/history/json=false                p90=  6.533ms p95=  6.867ms p99=  7.939ms max=  8.160ms target_misses=0 passed=true 
run=1 1000/history/json=true                 p90=  6.537ms p95=  6.753ms p99=  7.353ms max=  8.039ms target_misses=0 passed=true 
run=2 --help/invalid-config=false            p90=  4.130ms p95=  4.238ms p99=  4.820ms max=  4.911ms target_misses=0 passed=true 
run=2 --version/invalid-config=false         p90=  4.046ms p95=  4.208ms p99=  4.930ms max=  5.761ms target_misses=1 passed=true 
run=2 --help/invalid-config=true             p90=  3.978ms p95=  4.180ms p99=  4.492ms max=  4.835ms target_misses=0 passed=true 
run=2 --version/invalid-config=true          p90=  4.125ms p95=  4.392ms p99=  4.591ms max=  4.810ms target_misses=0 passed=true 
run=2 0/list/json=false                      p90=  6.503ms p95=  6.764ms p99=  6.896ms max=  7.307ms target_misses=0 passed=true 
run=2 0/list/json=true                       p90=  6.641ms p95=  6.897ms p99=  7.335ms max=  7.456ms target_misses=0 passed=true 
run=2 0/tree/json=false                      p90=  6.419ms p95=  6.791ms p99=  6.944ms max=  7.658ms target_misses=0 passed=true 
run=2 0/tree/json=true                       p90=  6.272ms p95=  6.463ms p99=  7.111ms max=  7.614ms target_misses=0 passed=true 
run=2 0/stats/json=false                     p90=  6.178ms p95=  6.262ms p99=  6.412ms max=  6.782ms target_misses=0 passed=true 
run=2 0/stats/json=true                      p90=  6.496ms p95=  6.819ms p99=  7.379ms max=  7.625ms target_misses=0 passed=true 
run=2 0/history/json=false                   p90=  6.471ms p95=  6.750ms p99=  6.881ms max=  7.651ms target_misses=0 passed=true 
run=2 0/history/json=true                    p90=  6.610ms p95=  6.695ms p99=  7.258ms max=  7.424ms target_misses=0 passed=true 
run=2 100/list/json=false                    p90=  6.836ms p95=  7.128ms p99=  7.969ms max=  8.026ms target_misses=0 passed=true 
run=2 100/list/json=true                     p90=  7.033ms p95=  7.170ms p99=  7.980ms max= 10.136ms target_misses=0 passed=true 
run=2 100/tree/json=false                    p90=  7.002ms p95=  7.302ms p99=  7.525ms max=  7.587ms target_misses=0 passed=true 
run=2 100/tree/json=true                     p90=  7.316ms p95=  7.586ms p99=  8.496ms max=  8.710ms target_misses=0 passed=true 
run=2 100/stats/json=false                   p90=  6.728ms p95=  7.013ms p99=  7.310ms max=  7.433ms target_misses=0 passed=true 
run=2 100/stats/json=true                    p90=  6.839ms p95=  6.964ms p99=  7.409ms max=  7.637ms target_misses=0 passed=true 
run=2 100/history/json=false                 p90=  6.330ms p95=  6.470ms p99=  7.322ms max=  7.973ms target_misses=0 passed=true 
run=2 100/history/json=true                  p90=  6.762ms p95=  6.896ms p99=  8.036ms max=  8.140ms target_misses=0 passed=true 
run=2 1000/list/json=false                   p90= 12.591ms p95= 12.780ms p99= 13.353ms max= 13.778ms target_misses=0 passed=true 
run=2 1000/list/json=true                    p90= 15.740ms p95= 17.624ms p99= 30.999ms max= 34.321ms target_misses=12 passed=false 
run=2 1000/tree/json=false                   p90= 16.050ms p95= 17.548ms p99= 22.106ms max= 23.180ms target_misses=23 passed=false 
run=2 1000/tree/json=true                    p90= 14.749ms p95= 15.424ms p99= 16.961ms max= 17.885ms target_misses=9 passed=true 
run=2 1000/stats/json=false                  p90= 11.445ms p95= 11.589ms p99= 12.393ms max= 13.028ms target_misses=0 passed=true 
run=2 1000/stats/json=true                   p90= 11.547ms p95= 12.104ms p99= 12.727ms max= 12.824ms target_misses=0 passed=true 
run=2 1000/history/json=false                p90=  7.258ms p95=  7.461ms p99=  8.584ms max=  9.424ms target_misses=0 passed=true 
run=2 1000/history/json=true                 p90=  7.462ms p95=  7.890ms p99=  8.688ms max=  8.847ms target_misses=0 passed=true 
run=3 --help/invalid-config=false            p90=  4.775ms p95=  5.079ms p99=  5.321ms max=  5.381ms target_misses=7 passed=true 
run=3 --version/invalid-config=false         p90=  5.641ms p95=  6.391ms p99=  6.746ms max=  7.345ms target_misses=19 passed=false 
run=3 --help/invalid-config=true             p90=  4.849ms p95=  5.248ms p99=  6.604ms max=  7.511ms target_misses=8 passed=true 
run=3 --version/invalid-config=true          p90=  4.811ms p95=  5.225ms p99=  5.279ms max=  6.938ms target_misses=8 passed=true 
run=3 0/list/json=false                      p90=  7.108ms p95=  7.329ms p99=  7.706ms max=  8.617ms target_misses=0 passed=true 
run=3 0/list/json=true                       p90=  7.018ms p95=  7.377ms p99=  8.865ms max=  9.077ms target_misses=0 passed=true 
run=3 0/tree/json=false                      p90=  6.493ms p95=  6.845ms p99=  7.262ms max=  7.294ms target_misses=0 passed=true 
run=3 0/tree/json=true                       p90= 11.721ms p95= 17.808ms p99= 20.616ms max= 24.862ms target_misses=6 passed=true 
run=3 0/stats/json=false                     p90=  8.121ms p95=  8.556ms p99= 10.540ms max= 11.632ms target_misses=0 passed=true 
run=3 0/stats/json=true                      p90=  8.198ms p95=  8.521ms p99= 11.563ms max= 12.178ms target_misses=0 passed=true 
run=3 0/history/json=false                   p90=  9.746ms p95= 11.454ms p99= 20.567ms max= 28.568ms target_misses=3 passed=true 
run=3 0/history/json=true                    p90=  9.804ms p95= 10.908ms p99= 15.970ms max= 16.531ms target_misses=3 passed=true 
run=3 100/list/json=false                    p90= 15.184ms p95= 19.520ms p99= 23.945ms max= 28.200ms target_misses=11 passed=false 
run=3 100/list/json=true                     p90=  9.802ms p95= 10.683ms p99= 12.584ms max= 13.991ms target_misses=0 passed=true 
run=3 100/tree/json=false                    p90= 10.413ms p95= 11.382ms p99= 12.833ms max= 13.636ms target_misses=0 passed=true 
run=3 100/tree/json=true                     p90=  8.077ms p95=  8.573ms p99= 10.068ms max= 10.105ms target_misses=0 passed=true 
run=3 100/stats/json=false                   p90=  6.870ms p95=  6.971ms p99=  7.493ms max=  7.537ms target_misses=0 passed=true 
run=3 100/stats/json=true                    p90=  6.912ms p95=  7.466ms p99=  7.969ms max=  8.364ms target_misses=0 passed=true 
run=3 100/history/json=false                 p90=  7.191ms p95=  7.773ms p99=  8.952ms max=  9.961ms target_misses=0 passed=true 
run=3 100/history/json=true                  p90=  7.103ms p95=  7.477ms p99=  7.802ms max=  7.984ms target_misses=0 passed=true 
run=3 1000/list/json=false                   p90= 12.815ms p95= 13.232ms p99= 14.327ms max= 14.691ms target_misses=0 passed=true 
run=3 1000/list/json=true                    p90= 13.845ms p95= 17.856ms p99= 21.191ms max= 22.050ms target_misses=8 passed=true 
run=3 1000/tree/json=false                   p90= 13.195ms p95= 13.677ms p99= 14.313ms max= 19.892ms target_misses=1 passed=true 
run=3 1000/tree/json=true                    p90= 15.023ms p95= 15.935ms p99= 22.582ms max= 23.733ms target_misses=11 passed=false 
run=3 1000/stats/json=false                  p90= 11.270ms p95= 11.697ms p99= 12.209ms max= 12.264ms target_misses=0 passed=true 
run=3 1000/stats/json=true                   p90= 11.611ms p95= 11.701ms p99= 12.483ms max= 13.110ms target_misses=0 passed=true 
run=3 1000/history/json=false                p90=  6.616ms p95=  6.808ms p99=  7.748ms max=  8.346ms target_misses=0 passed=true 
run=3 1000/history/json=true                 p90=  6.947ms p95=  7.254ms p99=  7.693ms max=  7.726ms target_misses=0 passed=true 
exit status 1
make: *** [Makefile:177: bench-cli] Error 1
