mkdir -p "bin/"
CGO_ENABLED=0 go build -o "bin/tusk" ./cmd/tusk
go run ./scripts/cli-bench --binary "bin/tusk" --output "docs/verification-evidence/005/cli-latency.json"
run=1 --help/invalid-config=false            p90= 20.514ms p95= 20.868ms p99= 22.332ms max= 22.852ms target_misses=100 passed=false 
run=1 --version/invalid-config=false         p90= 19.165ms p95= 19.889ms p99= 21.465ms max= 23.668ms target_misses=100 passed=false 
run=1 --help/invalid-config=true             p90= 18.812ms p95= 19.540ms p99= 21.464ms max= 24.739ms target_misses=100 passed=false 
run=1 --version/invalid-config=true          p90= 17.961ms p95= 21.997ms p99= 24.468ms max= 30.054ms target_misses=100 passed=false 
run=1 0/list/json=false                      p90= 22.771ms p95= 23.920ms p99= 27.616ms max= 28.339ms target_misses=100 passed=false 
run=1 0/list/json=true                       p90= 21.211ms p95= 25.532ms p99= 26.547ms max= 26.834ms target_misses=100 passed=false 
run=1 0/tree/json=false                      p90= 22.476ms p95= 25.006ms p99= 26.546ms max= 28.882ms target_misses=100 passed=false 
run=1 0/tree/json=true                       p90= 20.950ms p95= 22.819ms p99= 25.677ms max= 26.141ms target_misses=100 passed=false 
run=1 0/stats/json=false                     p90= 21.380ms p95= 21.648ms p99= 23.321ms max= 26.885ms target_misses=100 passed=false 
run=1 0/stats/json=true                      p90= 21.039ms p95= 21.414ms p99= 25.499ms max= 26.641ms target_misses=100 passed=false 
run=1 0/history/json=false                   p90= 21.272ms p95= 22.340ms p99= 24.663ms max= 26.112ms target_misses=100 passed=false 
run=1 0/history/json=true                    p90= 20.859ms p95= 21.260ms p99= 25.389ms max= 27.303ms target_misses=100 passed=false 
run=1 100/list/json=false                    p90= 25.365ms p95= 29.567ms p99= 41.453ms max= 49.703ms target_misses=100 passed=false 
run=1 100/list/json=true                     p90= 22.265ms p95= 23.419ms p99= 26.646ms max= 27.172ms target_misses=100 passed=false 
run=1 100/tree/json=false                    p90= 21.606ms p95= 22.048ms p99= 27.168ms max= 28.106ms target_misses=100 passed=false 
run=1 100/tree/json=true                     p90= 22.382ms p95= 25.921ms p99= 29.144ms max= 33.143ms target_misses=100 passed=false 
run=1 100/stats/json=false                   p90= 22.213ms p95= 23.294ms p99= 24.700ms max= 27.127ms target_misses=100 passed=false 
run=1 100/stats/json=true                    p90= 21.074ms p95= 22.220ms p99= 24.648ms max= 25.640ms target_misses=100 passed=false 
run=1 100/history/json=false                 p90= 21.111ms p95= 22.098ms p99= 24.951ms max= 26.907ms target_misses=100 passed=false 
run=1 100/history/json=true                  p90= 20.487ms p95= 21.003ms p99= 25.460ms max= 26.228ms target_misses=100 passed=false 
run=1 1000/list/json=false                   p90= 28.757ms p95= 32.224ms p99= 37.124ms max= 38.756ms target_misses=100 passed=false 
run=1 1000/list/json=true                    p90= 31.758ms p95= 32.744ms p99= 36.404ms max= 37.603ms target_misses=100 passed=false 
run=1 1000/tree/json=false                   p90= 28.009ms p95= 30.598ms p99= 31.541ms max= 31.896ms target_misses=100 passed=false 
run=1 1000/tree/json=true                    p90= 30.352ms p95= 31.345ms p99= 34.554ms max= 35.180ms target_misses=100 passed=false 
run=1 1000/stats/json=false                  p90= 26.950ms p95= 28.516ms p99= 30.365ms max= 35.174ms target_misses=100 passed=false 
run=1 1000/stats/json=true                   p90= 28.001ms p95= 30.427ms p99= 36.422ms max= 38.427ms target_misses=100 passed=false 
run=1 1000/history/json=false                p90= 22.705ms p95= 23.556ms p99= 24.637ms max= 24.772ms target_misses=100 passed=false 
run=1 1000/history/json=true                 p90= 21.612ms p95= 22.321ms p99= 27.399ms max= 27.902ms target_misses=100 passed=false 
run=2 --help/invalid-config=false            p90= 18.630ms p95= 19.135ms p99= 20.951ms max= 23.323ms target_misses=100 passed=false 
run=2 --version/invalid-config=false         p90= 18.363ms p95= 19.057ms p99= 21.500ms max= 24.135ms target_misses=100 passed=false 
run=2 --help/invalid-config=true             p90= 19.521ms p95= 21.115ms p99= 25.162ms max= 25.857ms target_misses=100 passed=false 
run=2 --version/invalid-config=true          p90= 18.954ms p95= 20.055ms p99= 20.658ms max= 21.222ms target_misses=100 passed=false 
run=2 0/list/json=false                      p90= 21.698ms p95= 22.508ms p99= 25.209ms max= 26.111ms target_misses=100 passed=false 
run=2 0/list/json=true                       p90= 21.404ms p95= 22.245ms p99= 28.444ms max= 29.523ms target_misses=100 passed=false 
run=2 0/tree/json=false                      p90= 21.152ms p95= 22.503ms p99= 25.123ms max= 26.599ms target_misses=100 passed=false 
run=2 0/tree/json=true                       p90= 22.107ms p95= 22.717ms p99= 25.549ms max= 26.137ms target_misses=100 passed=false 
run=2 0/stats/json=false                     p90= 22.997ms p95= 24.036ms p99= 42.138ms max= 42.676ms target_misses=100 passed=false 
run=2 0/stats/json=true                      p90= 22.056ms p95= 23.329ms p99= 26.816ms max= 32.471ms target_misses=100 passed=false 
run=2 0/history/json=false                   p90= 20.922ms p95= 22.730ms p99= 24.786ms max= 26.484ms target_misses=100 passed=false 
run=2 0/history/json=true                    p90= 20.493ms p95= 20.988ms p99= 24.139ms max= 24.809ms target_misses=100 passed=false 
run=2 100/list/json=false                    p90= 21.569ms p95= 22.764ms p99= 25.507ms max= 27.728ms target_misses=100 passed=false 
run=2 100/list/json=true                     p90= 21.977ms p95= 23.689ms p99= 26.528ms max= 26.726ms target_misses=100 passed=false 
run=2 100/tree/json=false                    p90= 21.735ms p95= 22.381ms p99= 25.344ms max= 25.814ms target_misses=100 passed=false 
run=2 100/tree/json=true                     p90= 22.068ms p95= 24.152ms p99= 25.056ms max= 26.043ms target_misses=100 passed=false 
run=2 100/stats/json=false                   p90= 23.039ms p95= 24.997ms p99= 35.534ms max= 41.134ms target_misses=100 passed=false 
run=2 100/stats/json=true                    p90= 22.166ms p95= 26.041ms p99= 29.051ms max= 49.644ms target_misses=100 passed=false 
run=2 100/history/json=false                 p90= 20.357ms p95= 21.226ms p99= 27.043ms max= 29.204ms target_misses=100 passed=false 
run=2 100/history/json=true                  p90= 21.401ms p95= 23.029ms p99= 24.544ms max= 26.637ms target_misses=100 passed=false 
run=2 1000/list/json=false                   p90= 28.580ms p95= 29.380ms p99= 31.994ms max= 32.250ms target_misses=100 passed=false 
run=2 1000/list/json=true                    p90= 29.292ms p95= 30.835ms p99= 32.007ms max= 34.263ms target_misses=100 passed=false 
run=2 1000/tree/json=false                   p90= 27.603ms p95= 29.265ms p99= 32.194ms max= 34.746ms target_misses=100 passed=false 
run=2 1000/tree/json=true                    p90= 33.362ms p95= 34.435ms p99= 35.240ms max= 41.572ms target_misses=100 passed=false 
run=2 1000/stats/json=false                  p90= 27.138ms p95= 30.131ms p99= 32.015ms max= 32.973ms target_misses=100 passed=false 
run=2 1000/stats/json=true                   p90= 27.036ms p95= 27.482ms p99= 30.865ms max= 30.891ms target_misses=100 passed=false 
run=2 1000/history/json=false                p90= 22.114ms p95= 23.254ms p99= 25.230ms max= 25.508ms target_misses=100 passed=false 
run=2 1000/history/json=true                 p90= 20.330ms p95= 21.586ms p99= 27.182ms max= 30.004ms target_misses=100 passed=false 
run=3 --help/invalid-config=false            p90= 17.843ms p95= 19.857ms p99= 22.587ms max= 24.379ms target_misses=100 passed=false 
run=3 --version/invalid-config=false         p90= 18.039ms p95= 19.299ms p99= 22.779ms max= 24.851ms target_misses=100 passed=false 
run=3 --help/invalid-config=true             p90= 21.319ms p95= 27.440ms p99= 37.339ms max= 51.348ms target_misses=100 passed=false 
run=3 --version/invalid-config=true          p90= 21.437ms p95= 22.352ms p99= 24.883ms max= 25.857ms target_misses=100 passed=false 
run=3 0/list/json=false                      p90= 20.844ms p95= 25.303ms p99= 27.073ms max= 27.143ms target_misses=100 passed=false 
run=3 0/list/json=true                       p90= 22.361ms p95= 24.221ms p99= 31.925ms max= 37.882ms target_misses=100 passed=false 
run=3 0/tree/json=false                      p90= 20.669ms p95= 22.917ms p99= 26.328ms max= 34.331ms target_misses=100 passed=false 
run=3 0/tree/json=true                       p90= 22.904ms p95= 27.044ms p99= 29.035ms max= 29.155ms target_misses=100 passed=false 
run=3 0/stats/json=false                     p90= 21.005ms p95= 21.754ms p99= 25.984ms max= 26.334ms target_misses=100 passed=false 
run=3 0/stats/json=true                      p90= 21.381ms p95= 22.339ms p99= 26.258ms max= 29.495ms target_misses=100 passed=false 
run=3 0/history/json=false                   p90= 21.309ms p95= 23.131ms p99= 26.336ms max= 39.043ms target_misses=100 passed=false 
run=3 0/history/json=true                    p90= 21.000ms p95= 21.804ms p99= 23.241ms max= 23.425ms target_misses=100 passed=false 
run=3 100/list/json=false                    p90= 21.086ms p95= 21.668ms p99= 25.038ms max= 26.699ms target_misses=100 passed=false 
run=3 100/list/json=true                     p90= 22.594ms p95= 24.733ms p99= 29.777ms max= 53.733ms target_misses=100 passed=false 
run=3 100/tree/json=false                    p90= 22.139ms p95= 24.278ms p99= 25.862ms max= 28.289ms target_misses=100 passed=false 
run=3 100/tree/json=true                     p90= 25.961ms p95= 28.689ms p99= 37.559ms max= 40.784ms target_misses=100 passed=false 
run=3 100/stats/json=false                   p90= 21.595ms p95= 23.370ms p99= 32.174ms max= 44.249ms target_misses=100 passed=false 
run=3 100/stats/json=true                    p90= 23.277ms p95= 24.223ms p99= 25.670ms max= 26.953ms target_misses=100 passed=false 
run=3 100/history/json=false                 p90= 21.847ms p95= 22.569ms p99= 24.924ms max= 24.958ms target_misses=100 passed=false 
run=3 100/history/json=true                  p90= 20.974ms p95= 21.528ms p99= 22.389ms max= 24.699ms target_misses=100 passed=false 
run=3 1000/list/json=false                   p90= 29.305ms p95= 30.759ms p99= 32.790ms max= 38.271ms target_misses=100 passed=false 
run=3 1000/list/json=true                    p90= 29.587ms p95= 30.677ms p99= 42.359ms max= 45.643ms target_misses=100 passed=false 
run=3 1000/tree/json=false                   p90= 28.614ms p95= 30.879ms p99= 36.775ms max= 44.956ms target_misses=100 passed=false 
run=3 1000/tree/json=true                    p90= 30.965ms p95= 33.574ms p99= 36.129ms max= 38.736ms target_misses=100 passed=false 
run=3 1000/stats/json=false                  p90= 28.340ms p95= 31.884ms p99= 35.863ms max= 41.817ms target_misses=100 passed=false 
run=3 1000/stats/json=true                   p90= 27.812ms p95= 29.254ms p99= 33.845ms max= 35.044ms target_misses=100 passed=false 
run=3 1000/history/json=false                p90= 20.598ms p95= 21.501ms p99= 23.267ms max= 27.587ms target_misses=100 passed=false 
run=3 1000/history/json=true                 p90= 20.981ms p95= 22.394ms p99= 24.998ms max= 27.799ms target_misses=100 passed=false 
exit status 1
make: *** [Makefile:177: bench-cli] Error 1
