mkdir -p "bin/"
CGO_ENABLED=0 go build -o "bin/tusk" ./cmd/tusk
go run ./scripts/cli-bench --binary "bin/tusk" --output "docs/verification-evidence/005/cli-latency.json"
run=1 --help/invalid-config=false            p90=  6.345ms p95=  7.932ms p99=  9.342ms max= 10.575ms target_misses=72 passed=false 
run=1 --version/invalid-config=false         p90=  6.090ms p95=  6.459ms p99=  6.848ms max=  9.603ms target_misses=53 passed=false 
run=1 --help/invalid-config=true             p90=  7.407ms p95= 11.056ms p99= 13.816ms max= 17.301ms target_misses=74 passed=false 
run=1 --version/invalid-config=true          p90=  6.572ms p95=  7.227ms p99=  9.008ms max=  9.068ms target_misses=66 passed=false 
run=1 0/list/json=false                      p90=  8.092ms p95=  8.569ms p99=  9.610ms max= 12.795ms target_misses=0 passed=true 
run=1 0/list/json=true                       p90=  9.034ms p95=  9.789ms p99=  9.925ms max=  9.987ms target_misses=0 passed=true 
run=1 0/tree/json=false                      p90=  8.615ms p95=  9.069ms p99= 10.385ms max= 15.828ms target_misses=1 passed=true 
run=1 0/tree/json=true                       p90=  8.005ms p95=  8.475ms p99=  8.802ms max=  8.813ms target_misses=0 passed=true 
run=1 0/stats/json=false                     p90=  9.645ms p95=  9.956ms p99= 10.915ms max= 12.549ms target_misses=0 passed=true 
run=1 0/stats/json=true                      p90=  8.473ms p95=  8.896ms p99= 10.360ms max= 10.964ms target_misses=0 passed=true 
run=1 0/history/json=false                   p90=  9.647ms p95= 10.784ms p99= 16.694ms max= 17.816ms target_misses=2 passed=true 
run=1 0/history/json=true                    p90=  8.462ms p95=  8.858ms p99= 10.266ms max= 10.870ms target_misses=0 passed=true 
run=1 100/list/json=false                    p90=  9.574ms p95= 10.281ms p99= 10.818ms max= 11.538ms target_misses=0 passed=true 
run=1 100/list/json=true                     p90=  9.499ms p95=  9.717ms p99= 10.591ms max= 10.963ms target_misses=0 passed=true 
run=1 100/tree/json=false                    p90=  9.075ms p95=  9.463ms p99= 10.072ms max= 10.207ms target_misses=0 passed=true 
run=1 100/tree/json=true                     p90=  9.002ms p95=  9.355ms p99= 10.231ms max= 10.316ms target_misses=0 passed=true 
run=1 100/stats/json=false                   p90=  8.955ms p95= 10.083ms p99= 11.927ms max= 12.810ms target_misses=0 passed=true 
run=1 100/stats/json=true                    p90=  9.072ms p95=  9.462ms p99= 11.119ms max= 13.185ms target_misses=0 passed=true 
run=1 100/history/json=false                 p90=  8.876ms p95=  9.501ms p99= 10.076ms max= 10.772ms target_misses=0 passed=true 
run=1 100/history/json=true                  p90=  9.690ms p95= 11.133ms p99= 12.297ms max= 17.687ms target_misses=1 passed=true 
run=1 1000/list/json=false                   p90= 15.627ms p95= 16.267ms p99= 17.738ms max= 18.050ms target_misses=17 passed=false 
run=1 1000/list/json=true                    p90= 16.444ms p95= 16.982ms p99= 18.544ms max= 19.066ms target_misses=29 passed=false 
run=1 1000/tree/json=false                   p90= 16.844ms p95= 17.444ms p99= 21.193ms max= 21.726ms target_misses=30 passed=false 
run=1 1000/tree/json=true                    p90= 17.385ms p95= 18.597ms p99= 21.404ms max= 36.641ms target_misses=35 passed=false 
run=1 1000/stats/json=false                  p90= 16.859ms p95= 18.489ms p99= 19.682ms max= 25.580ms target_misses=15 passed=false 
run=1 1000/stats/json=true                   p90= 14.870ms p95= 15.418ms p99= 16.885ms max= 17.072ms target_misses=9 passed=true 
run=1 1000/history/json=false                p90=  8.417ms p95=  8.710ms p99=  9.304ms max= 10.450ms target_misses=0 passed=true 
run=1 1000/history/json=true                 p90=  9.055ms p95=  9.601ms p99= 10.713ms max= 11.115ms target_misses=0 passed=true 
run=2 --help/invalid-config=false            p90=  6.941ms p95=  7.702ms p99=  8.409ms max=  9.719ms target_misses=77 passed=false 
run=2 --version/invalid-config=false         p90=  7.601ms p95= 10.143ms p99= 13.871ms max= 18.783ms target_misses=82 passed=false 
run=2 --help/invalid-config=true             p90=  5.944ms p95=  6.346ms p99=  6.646ms max=  7.235ms target_misses=61 passed=false 
run=2 --version/invalid-config=true          p90=  6.210ms p95=  6.906ms p99=  7.500ms max=  9.215ms target_misses=63 passed=false 
run=2 0/list/json=false                      p90=  8.132ms p95=  8.532ms p99=  9.201ms max=  9.201ms target_misses=0 passed=true 
run=2 0/list/json=true                       p90=  8.600ms p95=  9.658ms p99= 14.123ms max= 15.993ms target_misses=1 passed=true 
run=2 0/tree/json=false                      p90=  8.613ms p95=  8.794ms p99=  9.739ms max= 10.270ms target_misses=0 passed=true 
run=2 0/tree/json=true                       p90=  8.002ms p95=  8.671ms p99= 10.306ms max= 10.312ms target_misses=0 passed=true 
run=2 0/stats/json=false                     p90=  8.185ms p95=  8.630ms p99=  9.053ms max= 10.452ms target_misses=0 passed=true 
run=2 0/stats/json=true                      p90=  8.482ms p95=  9.915ms p99= 11.216ms max= 11.892ms target_misses=0 passed=true 
run=2 0/history/json=false                   p90=  8.774ms p95=  9.902ms p99= 12.959ms max= 16.509ms target_misses=1 passed=true 
run=2 0/history/json=true                    p90=  8.256ms p95=  8.593ms p99=  9.628ms max=  9.702ms target_misses=0 passed=true 
run=2 100/list/json=false                    p90= 10.132ms p95= 11.488ms p99= 14.687ms max= 25.500ms target_misses=1 passed=true 
run=2 100/list/json=true                     p90=  9.311ms p95=  9.855ms p99= 10.289ms max= 10.989ms target_misses=0 passed=true 
run=2 100/tree/json=false                    p90= 10.588ms p95= 12.084ms p99= 13.019ms max= 13.119ms target_misses=0 passed=true 
run=2 100/tree/json=true                     p90=  9.266ms p95= 10.116ms p99= 10.588ms max= 11.411ms target_misses=0 passed=true 
run=2 100/stats/json=false                   p90=  9.066ms p95=  9.408ms p99=  9.939ms max= 10.767ms target_misses=0 passed=true 
run=2 100/stats/json=true                    p90=  9.014ms p95=  9.300ms p99= 10.591ms max= 10.866ms target_misses=0 passed=true 
run=2 100/history/json=false                 p90=  8.375ms p95=  8.656ms p99=  9.169ms max= 10.443ms target_misses=0 passed=true 
run=2 100/history/json=true                  p90=  8.131ms p95=  8.503ms p99=  9.168ms max=  9.579ms target_misses=0 passed=true 
run=2 1000/list/json=false                   p90= 16.889ms p95= 18.394ms p99= 21.931ms max= 25.759ms target_misses=30 passed=false 
run=2 1000/list/json=true                    p90= 16.819ms p95= 18.194ms p99= 19.929ms max= 23.404ms target_misses=35 passed=false 
run=2 1000/tree/json=false                   p90= 16.000ms p95= 17.035ms p99= 17.791ms max= 18.709ms target_misses=21 passed=false 
run=2 1000/tree/json=true                    p90= 18.488ms p95= 20.058ms p99= 22.312ms max= 26.590ms target_misses=53 passed=false 
run=2 1000/stats/json=false                  p90= 15.111ms p95= 15.973ms p99= 21.565ms max= 29.062ms target_misses=13 passed=false 
run=2 1000/stats/json=true                   p90= 14.314ms p95= 14.892ms p99= 17.431ms max= 18.313ms target_misses=5 passed=true 
run=2 1000/history/json=false                p90=  8.751ms p95=  9.789ms p99= 11.843ms max= 12.213ms target_misses=0 passed=true 
run=2 1000/history/json=true                 p90=  8.664ms p95=  9.273ms p99= 10.301ms max= 10.327ms target_misses=0 passed=true 
run=3 --help/invalid-config=false            p90=  6.029ms p95=  6.456ms p99=  7.475ms max=  8.154ms target_misses=62 passed=false 
run=3 --version/invalid-config=false         p90=  6.172ms p95=  6.505ms p99=  6.844ms max=  8.041ms target_misses=73 passed=false 
run=3 --help/invalid-config=true             p90=  7.696ms p95=  8.267ms p99=  8.879ms max=  9.973ms target_misses=85 passed=false 
run=3 --version/invalid-config=true          p90=  6.129ms p95=  6.285ms p99=  7.641ms max=  8.525ms target_misses=69 passed=false 
run=3 0/list/json=false                      p90=  9.820ms p95= 10.275ms p99= 10.831ms max= 11.668ms target_misses=0 passed=true 
run=3 0/list/json=true                       p90=  8.159ms p95=  8.512ms p99=  9.047ms max=  9.428ms target_misses=0 passed=true 
run=3 0/tree/json=false                      p90=  9.027ms p95= 10.006ms p99= 15.103ms max= 19.022ms target_misses=2 passed=true 
run=3 0/tree/json=true                       p90=  9.520ms p95=  9.972ms p99= 11.849ms max= 12.352ms target_misses=0 passed=true 
run=3 0/stats/json=false                     p90= 10.034ms p95= 10.918ms p99= 12.112ms max= 12.635ms target_misses=0 passed=true 
run=3 0/stats/json=true                      p90= 19.279ms p95= 23.516ms p99= 29.837ms max= 30.864ms target_misses=18 passed=false 
run=3 0/history/json=false                   p90=  8.674ms p95=  9.415ms p99=  9.968ms max= 10.078ms target_misses=0 passed=true 
run=3 0/history/json=true                    p90=  9.890ms p95= 10.655ms p99= 14.116ms max= 16.139ms target_misses=1 passed=true 
run=3 100/list/json=false                    p90= 19.739ms p95= 23.589ms p99= 29.013ms max= 39.045ms target_misses=16 passed=false 
run=3 100/list/json=true                     p90= 10.729ms p95= 11.266ms p99= 12.514ms max= 16.212ms target_misses=1 passed=true 
run=3 100/tree/json=false                    p90= 11.392ms p95= 11.974ms p99= 12.592ms max= 13.110ms target_misses=0 passed=true 
run=3 100/tree/json=true                     p90= 11.449ms p95= 12.623ms p99= 14.658ms max= 15.202ms target_misses=1 passed=true 
run=3 100/stats/json=false                   p90=  9.513ms p95=  9.717ms p99= 10.529ms max= 10.861ms target_misses=0 passed=true 
run=3 100/stats/json=true                    p90=  9.220ms p95=  9.872ms p99= 10.985ms max= 11.437ms target_misses=0 passed=true 
run=3 100/history/json=false                 p90=  8.817ms p95= 10.275ms p99= 10.913ms max= 11.345ms target_misses=0 passed=true 
run=3 100/history/json=true                  p90=  9.386ms p95= 12.451ms p99= 20.619ms max= 20.813ms target_misses=3 passed=true 
run=3 1000/list/json=false                   p90= 15.588ms p95= 16.833ms p99= 17.600ms max= 17.609ms target_misses=21 passed=false 
run=3 1000/list/json=true                    p90= 16.823ms p95= 17.385ms p99= 20.490ms max= 20.974ms target_misses=34 passed=false 
run=3 1000/tree/json=false                   p90= 16.021ms p95= 16.261ms p99= 17.454ms max= 17.753ms target_misses=29 passed=false 
run=3 1000/tree/json=true                    p90= 18.290ms p95= 19.822ms p99= 28.703ms max= 34.551ms target_misses=48 passed=false 
run=3 1000/stats/json=false                  p90= 14.633ms p95= 15.293ms p99= 16.050ms max= 16.239ms target_misses=8 passed=true 
run=3 1000/stats/json=true                   p90= 13.856ms p95= 14.413ms p99= 15.612ms max= 15.842ms target_misses=3 passed=true 
run=3 1000/history/json=false                p90=  8.621ms p95=  8.844ms p99=  9.091ms max=  9.337ms target_misses=0 passed=true 
run=3 1000/history/json=true                 p90=  9.180ms p95=  9.627ms p99= 10.221ms max= 10.602ms target_misses=0 passed=true 
exit status 1
make: *** [Makefile:177: bench-cli] Error 1
