make: Entering directory '/tmp/tusk-005-cli-control.V6VJYE'
mkdir -p "/tmp/"
CGO_ENABLED=0 go build -o "/tmp/tusk-u6-cli-control" ./cmd/tusk
go run ./scripts/cli-bench --binary "/tmp/tusk-u6-cli-control" --output "/home/newbpydev/Development/Xoomby/tusk/docs/verification-evidence/005/u6-logs/cli-latency-control.json"
run=1 --help/invalid-config=false            p90=  3.277ms p95=  3.461ms p99=  3.702ms max=  3.714ms target_misses=0 passed=true 
run=1 --version/invalid-config=false         p90=  3.058ms p95=  3.200ms p99=  3.529ms max=  3.912ms target_misses=0 passed=true 
run=1 --help/invalid-config=true             p90=  3.013ms p95=  3.240ms p99=  3.401ms max=  3.410ms target_misses=0 passed=true 
run=1 --version/invalid-config=true          p90=  2.999ms p95=  3.297ms p99=  3.859ms max=  3.929ms target_misses=0 passed=true 
run=1 0/list/json=false                      p90=  5.437ms p95=  5.551ms p99=  5.819ms max=  6.891ms target_misses=0 passed=true 
run=1 0/list/json=true                       p90=  5.356ms p95=  5.680ms p99=  6.381ms max= 10.111ms target_misses=0 passed=true 
run=1 0/tree/json=false                      p90=  5.254ms p95=  5.551ms p99=  6.336ms max=  6.383ms target_misses=0 passed=true 
run=1 0/tree/json=true                       p90=  5.164ms p95=  5.445ms p99=  5.946ms max=  6.554ms target_misses=0 passed=true 
run=1 0/stats/json=false                     p90=  5.113ms p95=  5.298ms p99=  6.199ms max=  7.937ms target_misses=0 passed=true 
run=1 0/stats/json=true                      p90=  5.326ms p95=  5.451ms p99=  6.152ms max=  6.275ms target_misses=0 passed=true 
run=1 0/history/json=false                   p90=  5.257ms p95=  5.546ms p99=  6.500ms max=  7.190ms target_misses=0 passed=true 
run=1 0/history/json=true                    p90=  5.423ms p95=  5.567ms p99=  5.943ms max=  6.005ms target_misses=0 passed=true 
run=1 100/list/json=false                    p90=  5.734ms p95=  6.079ms p99=  6.466ms max=  6.523ms target_misses=0 passed=true 
run=1 100/list/json=true                     p90=  6.113ms p95=  6.768ms p99=  7.212ms max=  7.708ms target_misses=0 passed=true 
run=1 100/tree/json=false                    p90=  5.874ms p95=  6.394ms p99=  6.521ms max=  7.281ms target_misses=0 passed=true 
run=1 100/tree/json=true                     p90=  6.015ms p95=  6.059ms p99=  7.098ms max= 10.688ms target_misses=0 passed=true 
run=1 100/stats/json=false                   p90=  5.714ms p95=  5.944ms p99=  6.371ms max=  8.682ms target_misses=0 passed=true 
run=1 100/stats/json=true                    p90=  5.794ms p95=  6.097ms p99=  6.314ms max=  6.665ms target_misses=0 passed=true 
run=1 100/history/json=false                 p90=  5.353ms p95=  5.593ms p99=  5.855ms max=  6.824ms target_misses=0 passed=true 
run=1 100/history/json=true                  p90=  5.396ms p95=  5.623ms p99=  6.150ms max=  6.346ms target_misses=0 passed=true 
run=1 1000/list/json=false                   p90= 10.750ms p95= 11.148ms p99= 12.646ms max= 13.419ms target_misses=0 passed=true 
run=1 1000/list/json=true                    p90= 11.835ms p95= 14.886ms p99= 19.325ms max= 19.597ms target_misses=5 passed=true 
run=1 1000/tree/json=false                   p90= 11.736ms p95= 12.579ms p99= 13.290ms max= 18.180ms target_misses=1 passed=true 
run=1 1000/tree/json=true                    p90= 17.549ms p95= 19.618ms p99= 20.491ms max= 20.541ms target_misses=11 passed=false 
run=1 1000/stats/json=false                  p90= 10.848ms p95= 11.436ms p99= 11.670ms max= 16.113ms target_misses=1 passed=true 
run=1 1000/stats/json=true                   p90=  9.982ms p95= 10.797ms p99= 15.027ms max= 22.055ms target_misses=2 passed=true 
run=1 1000/history/json=false                p90=  5.638ms p95=  5.835ms p99=  6.400ms max=  6.603ms target_misses=0 passed=true 
run=1 1000/history/json=true                 p90=  5.618ms p95=  5.931ms p99=  6.841ms max=  6.940ms target_misses=0 passed=true 
run=2 --help/invalid-config=false            p90=  3.071ms p95=  3.305ms p99=  3.660ms max=  4.055ms target_misses=0 passed=true 
run=2 --version/invalid-config=false         p90=  3.046ms p95=  3.186ms p99=  3.478ms max=  3.648ms target_misses=0 passed=true 
run=2 --help/invalid-config=true             p90=  2.855ms p95=  3.001ms p99=  3.502ms max=  3.776ms target_misses=0 passed=true 
run=2 --version/invalid-config=true          p90=  3.058ms p95=  3.273ms p99=  3.541ms max=  4.041ms target_misses=0 passed=true 
run=2 0/list/json=false                      p90=  5.285ms p95=  5.488ms p99=  5.994ms max=  6.391ms target_misses=0 passed=true 
run=2 0/list/json=true                       p90=  5.413ms p95=  5.585ms p99=  5.781ms max=  5.864ms target_misses=0 passed=true 
run=2 0/tree/json=false                      p90=  5.092ms p95=  5.336ms p99=  7.087ms max=  7.236ms target_misses=0 passed=true 
run=2 0/tree/json=true                       p90=  5.104ms p95=  5.758ms p99=  6.132ms max=  6.184ms target_misses=0 passed=true 
run=2 0/stats/json=false                     p90=  5.144ms p95=  5.295ms p99=  5.663ms max=  5.981ms target_misses=0 passed=true 
run=2 0/stats/json=true                      p90=  5.567ms p95=  5.781ms p99=  6.663ms max=  6.742ms target_misses=0 passed=true 
run=2 0/history/json=false                   p90=  5.365ms p95=  5.457ms p99=  5.971ms max=  6.335ms target_misses=0 passed=true 
run=2 0/history/json=true                    p90=  5.654ms p95=  5.842ms p99=  6.091ms max=  6.437ms target_misses=0 passed=true 
run=2 100/list/json=false                    p90=  5.811ms p95=  6.100ms p99=  6.507ms max=  6.545ms target_misses=0 passed=true 
run=2 100/list/json=true                     p90=  5.978ms p95=  6.184ms p99=  6.645ms max=  6.665ms target_misses=0 passed=true 
run=2 100/tree/json=false                    p90=  5.750ms p95=  5.946ms p99=  6.816ms max=  6.898ms target_misses=0 passed=true 
run=2 100/tree/json=true                     p90=  6.327ms p95=  6.783ms p99= 11.148ms max= 12.686ms target_misses=0 passed=true 
run=2 100/stats/json=false                   p90=  5.792ms p95=  6.373ms p99=  6.645ms max=  6.716ms target_misses=0 passed=true 
run=2 100/stats/json=true                    p90=  5.848ms p95=  5.942ms p99=  7.265ms max=  7.356ms target_misses=0 passed=true 
run=2 100/history/json=false                 p90=  5.253ms p95=  5.489ms p99=  6.117ms max=  6.351ms target_misses=0 passed=true 
run=2 100/history/json=true                  p90=  5.444ms p95=  5.621ms p99=  6.637ms max=  7.379ms target_misses=0 passed=true 
run=2 1000/list/json=false                   p90= 11.234ms p95= 11.701ms p99= 16.204ms max= 17.748ms target_misses=3 passed=true 
run=2 1000/list/json=true                    p90= 11.968ms p95= 12.321ms p99= 16.151ms max= 16.541ms target_misses=2 passed=true 
run=2 1000/tree/json=false                   p90= 12.152ms p95= 12.701ms p99= 14.296ms max= 14.415ms target_misses=0 passed=true 
run=2 1000/tree/json=true                    p90= 17.741ms p95= 18.481ms p99= 19.723ms max= 20.627ms target_misses=13 passed=false 
run=2 1000/stats/json=false                  p90=  9.884ms p95= 10.086ms p99= 10.740ms max= 10.963ms target_misses=0 passed=true 
run=2 1000/stats/json=true                   p90= 10.077ms p95= 10.341ms p99= 14.056ms max= 17.322ms target_misses=1 passed=true 
run=2 1000/history/json=false                p90=  5.424ms p95=  5.646ms p99=  5.760ms max=  6.048ms target_misses=0 passed=true 
run=2 1000/history/json=true                 p90=  5.718ms p95=  5.915ms p99=  6.611ms max=  6.723ms target_misses=0 passed=true 
run=3 --help/invalid-config=false            p90=  2.940ms p95=  3.069ms p99=  3.426ms max=  3.661ms target_misses=0 passed=true 
run=3 --version/invalid-config=false         p90=  3.092ms p95=  3.256ms p99=  3.617ms max=  3.673ms target_misses=0 passed=true 
run=3 --help/invalid-config=true             p90=  3.090ms p95=  3.368ms p99=  3.706ms max=  3.909ms target_misses=0 passed=true 
run=3 --version/invalid-config=true          p90=  3.145ms p95=  3.465ms p99=  3.650ms max=  4.446ms target_misses=0 passed=true 
run=3 0/list/json=false                      p90=  5.350ms p95=  5.729ms p99=  5.870ms max=  6.174ms target_misses=0 passed=true 
run=3 0/list/json=true                       p90=  5.245ms p95=  5.380ms p99=  6.009ms max=  6.012ms target_misses=0 passed=true 
run=3 0/tree/json=false                      p90=  5.361ms p95=  5.557ms p99=  6.734ms max=  7.557ms target_misses=0 passed=true 
run=3 0/tree/json=true                       p90=  5.401ms p95=  5.560ms p99=  6.077ms max=  6.308ms target_misses=0 passed=true 
run=3 0/stats/json=false                     p90=  5.188ms p95=  5.515ms p99=  5.816ms max=  6.214ms target_misses=0 passed=true 
run=3 0/stats/json=true                      p90=  5.392ms p95=  5.744ms p99=  7.177ms max=  8.010ms target_misses=0 passed=true 
run=3 0/history/json=false                   p90=  5.221ms p95=  5.427ms p99=  5.757ms max=  6.015ms target_misses=0 passed=true 
run=3 0/history/json=true                    p90=  5.830ms p95=  6.283ms p99=  6.797ms max=  7.504ms target_misses=0 passed=true 
run=3 100/list/json=false                    p90=  5.847ms p95=  6.208ms p99=  6.465ms max=  6.467ms target_misses=0 passed=true 
run=3 100/list/json=true                     p90=  6.017ms p95=  6.200ms p99=  6.431ms max=  6.702ms target_misses=0 passed=true 
run=3 100/tree/json=false                    p90=  6.238ms p95=  6.501ms p99=  7.122ms max=  7.151ms target_misses=0 passed=true 
run=3 100/tree/json=true                     p90=  5.988ms p95=  6.343ms p99=  6.551ms max=  6.947ms target_misses=0 passed=true 
run=3 100/stats/json=false                   p90=  5.647ms p95=  6.014ms p99=  6.494ms max=  6.627ms target_misses=0 passed=true 
run=3 100/stats/json=true                    p90=  5.783ms p95=  5.965ms p99=  6.948ms max=  7.196ms target_misses=0 passed=true 
run=3 100/history/json=false                 p90=  5.283ms p95=  5.399ms p99=  5.717ms max=  6.102ms target_misses=0 passed=true 
run=3 100/history/json=true                  p90=  5.407ms p95=  5.725ms p99=  6.121ms max=  6.329ms target_misses=0 passed=true 
run=3 1000/list/json=false                   p90= 11.043ms p95= 11.504ms p99= 14.104ms max= 14.156ms target_misses=0 passed=true 
run=3 1000/list/json=true                    p90= 12.347ms p95= 15.497ms p99= 18.603ms max= 18.913ms target_misses=7 passed=true 
run=3 1000/tree/json=false                   p90= 11.629ms p95= 12.271ms p99= 13.187ms max= 13.679ms target_misses=0 passed=true 
run=3 1000/tree/json=true                    p90= 12.322ms p95= 17.247ms p99= 19.764ms max= 20.857ms target_misses=7 passed=true 
run=3 1000/stats/json=false                  p90=  9.597ms p95=  9.841ms p99= 11.277ms max= 13.286ms target_misses=0 passed=true 
run=3 1000/stats/json=true                   p90= 10.023ms p95= 10.614ms p99= 12.384ms max= 16.007ms target_misses=1 passed=true 
run=3 1000/history/json=false                p90=  5.285ms p95=  5.485ms p99=  5.948ms max=  7.262ms target_misses=0 passed=true 
run=3 1000/history/json=true                 p90=  5.234ms p95=  5.319ms p99=  5.466ms max=  5.771ms target_misses=0 passed=true 
exit status 1
make: *** [Makefile:151: bench-cli] Error 1
make: Leaving directory '/tmp/tusk-005-cli-control.V6VJYE'
