mkdir -p "bin/"
CGO_ENABLED=0 go build -o "bin/tusk" ./cmd/tusk
go run ./scripts/cli-bench --binary "bin/tusk" --output "docs/verification-evidence/005/cli-latency.json"
run=1 --help/invalid-config=false            p90=  4.534ms p95=  4.921ms p99=  5.708ms max=  6.046ms target_misses=4 passed=true 
run=1 --version/invalid-config=false         p90=  5.023ms p95=  5.367ms p99=  5.951ms max=  6.689ms target_misses=11 passed=false 
run=1 --help/invalid-config=true             p90=  4.783ms p95=  5.073ms p99=  5.984ms max=  6.019ms target_misses=6 passed=true 
run=1 --version/invalid-config=true          p90=  4.770ms p95=  5.171ms p99=  5.493ms max=  5.926ms target_misses=8 passed=true 
run=1 0/list/json=false                      p90=  7.208ms p95=  7.710ms p99= 10.543ms max= 32.232ms target_misses=1 passed=true 
run=1 0/list/json=true                       p90=  6.948ms p95=  7.311ms p99=  7.666ms max=  8.012ms target_misses=0 passed=true 
run=1 0/tree/json=false                      p90=  6.342ms p95=  6.717ms p99=  8.086ms max=  8.200ms target_misses=0 passed=true 
run=1 0/tree/json=true                       p90=  7.616ms p95=  8.545ms p99=  9.949ms max= 10.320ms target_misses=0 passed=true 
run=1 0/stats/json=false                     p90=  8.489ms p95=  9.549ms p99= 16.376ms max= 21.092ms target_misses=2 passed=true 
run=1 0/stats/json=true                      p90=  6.628ms p95=  7.224ms p99=  7.890ms max=  9.405ms target_misses=0 passed=true 
run=1 0/history/json=false                   p90=  6.477ms p95=  6.949ms p99=  8.100ms max=  9.276ms target_misses=0 passed=true 
run=1 0/history/json=true                    p90=  6.610ms p95=  6.885ms p99=  7.371ms max=  8.126ms target_misses=0 passed=true 
run=1 100/list/json=false                    p90=  6.995ms p95=  7.580ms p99=  8.359ms max=  8.882ms target_misses=0 passed=true 
run=1 100/list/json=true                     p90=  7.672ms p95=  8.080ms p99=  9.159ms max= 10.400ms target_misses=0 passed=true 
run=1 100/tree/json=false                    p90=  7.075ms p95=  7.250ms p99=  7.726ms max=  7.943ms target_misses=0 passed=true 
run=1 100/tree/json=true                     p90=  6.914ms p95=  7.052ms p99=  7.863ms max=  8.468ms target_misses=0 passed=true 
run=1 100/stats/json=false                   p90=  7.012ms p95=  7.366ms p99=  8.818ms max=  9.508ms target_misses=0 passed=true 
run=1 100/stats/json=true                    p90=  6.997ms p95=  7.281ms p99=  7.723ms max=  8.195ms target_misses=0 passed=true 
run=1 100/history/json=false                 p90=  6.553ms p95=  6.704ms p99=  7.302ms max=  7.698ms target_misses=0 passed=true 
run=1 100/history/json=true                  p90=  6.883ms p95=  7.219ms p99=  8.450ms max=  8.613ms target_misses=0 passed=true 
run=1 1000/list/json=false                   p90= 12.328ms p95= 12.620ms p99= 13.678ms max= 14.010ms target_misses=0 passed=true 
run=1 1000/list/json=true                    p90= 13.959ms p95= 15.738ms p99= 19.100ms max= 21.432ms target_misses=7 passed=true 
run=1 1000/tree/json=false                   p90= 14.845ms p95= 16.469ms p99= 20.839ms max= 23.239ms target_misses=9 passed=true 
run=1 1000/tree/json=true                    p90= 17.045ms p95= 19.658ms p99= 22.477ms max= 24.490ms target_misses=21 passed=false 
run=1 1000/stats/json=false                  p90= 15.741ms p95= 17.462ms p99= 23.591ms max= 30.663ms target_misses=12 passed=false 
run=1 1000/stats/json=true                   p90= 32.021ms p95= 35.147ms p99= 42.672ms max= 47.481ms target_misses=55 passed=false 
run=1 1000/history/json=false                p90= 17.526ms p95= 20.053ms p99= 25.731ms max= 31.389ms target_misses=21 passed=false 
run=1 1000/history/json=true                 p90= 13.855ms p95= 16.193ms p99= 22.701ms max= 24.651ms target_misses=7 passed=true 
run=2 --help/invalid-config=false            p90=  4.381ms p95=  4.851ms p99=  5.520ms max=  6.484ms target_misses=5 passed=true 
run=2 --version/invalid-config=false         p90=  4.393ms p95=  4.548ms p99=  4.835ms max=  5.078ms target_misses=1 passed=true 
run=2 --help/invalid-config=true             p90=  4.529ms p95=  4.715ms p99=  5.436ms max=  5.710ms target_misses=2 passed=true 
run=2 --version/invalid-config=true          p90=  4.575ms p95=  4.800ms p99=  5.918ms max=  5.977ms target_misses=3 passed=true 
run=2 0/list/json=false                      p90=  7.080ms p95=  7.505ms p99=  9.028ms max=  9.321ms target_misses=0 passed=true 
run=2 0/list/json=true                       p90=  6.792ms p95=  7.156ms p99=  7.881ms max=  7.996ms target_misses=0 passed=true 
run=2 0/tree/json=false                      p90=  8.338ms p95=  9.177ms p99= 12.989ms max= 16.779ms target_misses=1 passed=true 
run=2 0/tree/json=true                       p90=  6.607ms p95=  6.940ms p99=  7.272ms max=  8.045ms target_misses=0 passed=true 
run=2 0/stats/json=false                     p90=  8.213ms p95= 11.011ms p99= 12.660ms max= 16.168ms target_misses=1 passed=true 
run=2 0/stats/json=true                      p90=  7.858ms p95=  8.917ms p99= 10.266ms max= 12.129ms target_misses=0 passed=true 
run=2 0/history/json=false                   p90=  9.434ms p95=  9.801ms p99= 12.707ms max= 14.972ms target_misses=0 passed=true 
run=2 0/history/json=true                    p90=  7.211ms p95=  7.617ms p99=  8.177ms max=  8.642ms target_misses=0 passed=true 
run=2 100/list/json=false                    p90=  7.220ms p95=  7.426ms p99=  9.380ms max= 10.497ms target_misses=0 passed=true 
run=2 100/list/json=true                     p90=  7.348ms p95=  7.594ms p99=  8.441ms max=  9.864ms target_misses=0 passed=true 
run=2 100/tree/json=false                    p90=  7.596ms p95=  8.099ms p99=  9.617ms max= 16.718ms target_misses=1 passed=true 
run=2 100/tree/json=true                     p90=  7.605ms p95=  7.995ms p99=  9.476ms max=  9.689ms target_misses=0 passed=true 
run=2 100/stats/json=false                   p90=  7.392ms p95=  7.808ms p99=  8.593ms max=  9.780ms target_misses=0 passed=true 
run=2 100/stats/json=true                    p90=  7.479ms p95=  7.817ms p99=  9.708ms max= 10.091ms target_misses=0 passed=true 
run=2 100/history/json=false                 p90=  7.144ms p95=  7.313ms p99=  8.641ms max= 11.969ms target_misses=0 passed=true 
run=2 100/history/json=true                  p90=  9.024ms p95=  9.518ms p99= 11.281ms max= 11.372ms target_misses=0 passed=true 
run=2 1000/list/json=false                   p90= 13.613ms p95= 14.799ms p99= 16.138ms max= 17.835ms target_misses=4 passed=true 
run=2 1000/list/json=true                    p90= 13.782ms p95= 15.216ms p99= 17.676ms max= 22.042ms target_misses=6 passed=true 
run=2 1000/tree/json=false                   p90= 14.919ms p95= 15.782ms p99= 17.546ms max= 18.689ms target_misses=10 passed=true 
run=2 1000/tree/json=true                    p90= 16.325ms p95= 17.152ms p99= 20.224ms max= 22.548ms target_misses=21 passed=false 
run=2 1000/stats/json=false                  p90= 11.578ms p95= 12.249ms p99= 13.417ms max= 13.864ms target_misses=0 passed=true 
run=2 1000/stats/json=true                   p90= 12.130ms p95= 12.525ms p99= 13.600ms max= 18.447ms target_misses=1 passed=true 
run=2 1000/history/json=false                p90=  8.408ms p95=  8.921ms p99= 10.852ms max= 10.868ms target_misses=0 passed=true 
run=2 1000/history/json=true                 p90= 11.036ms p95= 12.365ms p99= 15.488ms max= 18.440ms target_misses=2 passed=true 
run=3 --help/invalid-config=false            p90=  4.499ms p95=  4.822ms p99=  5.841ms max=  5.928ms target_misses=5 passed=true 
run=3 --version/invalid-config=false         p90=  5.280ms p95=  5.823ms p99=  6.716ms max=  7.978ms target_misses=16 passed=false 
run=3 --help/invalid-config=true             p90=  6.665ms p95=  7.101ms p99=  8.216ms max=  8.614ms target_misses=38 passed=false 
run=3 --version/invalid-config=true          p90=  9.437ms p95= 11.281ms p99= 14.254ms max= 14.876ms target_misses=68 passed=false 
run=3 0/list/json=false                      p90=  8.739ms p95=  9.003ms p99=  9.681ms max= 12.397ms target_misses=0 passed=true 
run=3 0/list/json=true                       p90=  8.424ms p95=  9.647ms p99= 10.263ms max= 10.964ms target_misses=0 passed=true 
run=3 0/tree/json=false                      p90=  8.582ms p95=  9.110ms p99=  9.836ms max= 10.454ms target_misses=0 passed=true 
run=3 0/tree/json=true                       p90=  7.564ms p95=  8.695ms p99=  9.243ms max=  9.833ms target_misses=0 passed=true 
run=3 0/stats/json=false                     p90=  7.004ms p95=  7.222ms p99=  7.754ms max=  8.099ms target_misses=0 passed=true 
run=3 0/stats/json=true                      p90=  7.171ms p95=  7.354ms p99=  8.669ms max=  8.791ms target_misses=0 passed=true 
run=3 0/history/json=false                   p90=  7.764ms p95=  8.001ms p99=  8.794ms max=  9.475ms target_misses=0 passed=true 
run=3 0/history/json=true                    p90=  7.981ms p95=  8.411ms p99=  9.221ms max= 10.015ms target_misses=0 passed=true 
run=3 100/list/json=false                    p90=  8.996ms p95=  9.796ms p99= 10.854ms max= 19.115ms target_misses=1 passed=true 
run=3 100/list/json=true                     p90=  8.750ms p95=  9.331ms p99= 10.052ms max= 10.893ms target_misses=0 passed=true 
run=3 100/tree/json=false                    p90= 15.683ms p95= 19.626ms p99= 24.322ms max= 25.887ms target_misses=12 passed=false 
run=3 100/tree/json=true                     p90=  8.231ms p95=  8.904ms p99= 12.340ms max= 12.710ms target_misses=0 passed=true 
run=3 100/stats/json=false                   p90=  7.521ms p95=  7.837ms p99=  8.137ms max=  8.146ms target_misses=0 passed=true 
run=3 100/stats/json=true                    p90=  7.026ms p95=  7.489ms p99=  8.222ms max=  9.036ms target_misses=0 passed=true 
run=3 100/history/json=false                 p90=  6.782ms p95=  7.048ms p99=  7.995ms max=  8.635ms target_misses=0 passed=true 
run=3 100/history/json=true                  p90=  6.660ms p95=  6.961ms p99=  8.320ms max=  9.728ms target_misses=0 passed=true 
run=3 1000/list/json=false                   p90= 12.670ms p95= 12.933ms p99= 14.008ms max= 14.192ms target_misses=0 passed=true 
run=3 1000/list/json=true                    p90= 13.716ms p95= 15.038ms p99= 19.785ms max= 19.854ms target_misses=6 passed=true 
run=3 1000/tree/json=false                   p90= 13.270ms p95= 13.651ms p99= 14.604ms max= 19.828ms target_misses=1 passed=true 
run=3 1000/tree/json=true                    p90= 14.932ms p95= 16.230ms p99= 19.656ms max= 20.633ms target_misses=10 passed=true 
run=3 1000/stats/json=false                  p90= 10.985ms p95= 11.497ms p99= 11.973ms max= 13.223ms target_misses=0 passed=true 
run=3 1000/stats/json=true                   p90= 11.031ms p95= 11.843ms p99= 12.532ms max= 13.304ms target_misses=0 passed=true 
run=3 1000/history/json=false                p90=  7.159ms p95=  7.908ms p99=  8.784ms max=  8.800ms target_misses=0 passed=true 
run=3 1000/history/json=true                 p90=  6.600ms p95=  7.034ms p99=  7.655ms max=  8.178ms target_misses=0 passed=true 
exit status 1
make: *** [Makefile:177: bench-cli] Error 1
