mkdir -p "bin/"
CGO_ENABLED=0 go build -o "bin/tusk" ./cmd/tusk
go run ./scripts/cli-bench --binary "bin/tusk" --output "docs/verification-evidence/005/cli-latency.json"
run=1 --help/invalid-config=false            p90=  4.160ms p95=  4.355ms p99=  4.854ms max=  4.866ms target_misses=0 passed=true 
run=1 --version/invalid-config=false         p90=  4.404ms p95=  4.551ms p99=  5.032ms max=  5.038ms target_misses=2 passed=true 
run=1 --help/invalid-config=true             p90=  4.304ms p95=  4.771ms p99=  4.913ms max=  5.102ms target_misses=1 passed=true 
run=1 --version/invalid-config=true          p90=  4.251ms p95=  4.354ms p99=  5.090ms max=  5.440ms target_misses=2 passed=true 
run=1 0/list/json=false                      p90=  6.175ms p95=  6.500ms p99=  7.070ms max=  7.389ms target_misses=0 passed=true 
run=1 0/list/json=true                       p90=  6.356ms p95=  6.923ms p99=  7.518ms max=  7.926ms target_misses=0 passed=true 
run=1 0/tree/json=false                      p90=  6.100ms p95=  6.379ms p99=  7.094ms max=  8.261ms target_misses=0 passed=true 
run=1 0/tree/json=true                       p90=  6.138ms p95=  6.541ms p99=  7.416ms max=  7.912ms target_misses=0 passed=true 
run=1 0/stats/json=false                     p90=  6.437ms p95=  6.575ms p99=  7.723ms max=  9.443ms target_misses=0 passed=true 
run=1 0/stats/json=true                      p90=  6.349ms p95=  6.507ms p99=  6.731ms max=  7.681ms target_misses=0 passed=true 
run=1 0/history/json=false                   p90=  6.284ms p95=  6.398ms p99=  7.013ms max=  7.121ms target_misses=0 passed=true 
run=1 0/history/json=true                    p90=  6.126ms p95=  6.461ms p99=  6.882ms max=  7.189ms target_misses=0 passed=true 
run=1 100/list/json=false                    p90=  7.009ms p95=  7.198ms p99=  7.355ms max=  7.375ms target_misses=0 passed=true 
run=1 100/list/json=true                     p90=  6.960ms p95=  7.353ms p99=  7.894ms max=  8.137ms target_misses=0 passed=true 
run=1 100/tree/json=false                    p90=  6.744ms p95=  7.148ms p99=  7.598ms max=  7.673ms target_misses=0 passed=true 
run=1 100/tree/json=true                     p90=  7.168ms p95=  7.676ms p99= 13.281ms max= 14.243ms target_misses=0 passed=true 
run=1 100/stats/json=false                   p90=  6.493ms p95=  6.759ms p99=  7.220ms max=  7.629ms target_misses=0 passed=true 
run=1 100/stats/json=true                    p90=  6.768ms p95=  7.093ms p99=  7.719ms max=  8.358ms target_misses=0 passed=true 
run=1 100/history/json=false                 p90=  6.414ms p95=  6.746ms p99=  7.096ms max=  7.142ms target_misses=0 passed=true 
run=1 100/history/json=true                  p90=  6.041ms p95=  6.455ms p99=  6.656ms max=  7.423ms target_misses=0 passed=true 
run=1 1000/list/json=false                   p90= 12.038ms p95= 12.244ms p99= 12.981ms max= 13.683ms target_misses=0 passed=true 
run=1 1000/list/json=true                    p90= 12.185ms p95= 12.539ms p99= 12.862ms max= 13.002ms target_misses=0 passed=true 
run=1 1000/tree/json=false                   p90= 13.005ms p95= 13.284ms p99= 15.017ms max= 15.364ms target_misses=2 passed=true 
run=1 1000/tree/json=true                    p90= 13.873ms p95= 14.507ms p99= 19.046ms max= 20.143ms target_misses=3 passed=true 
run=1 1000/stats/json=false                  p90= 10.765ms p95= 11.019ms p99= 11.716ms max= 17.866ms target_misses=1 passed=true 
run=1 1000/stats/json=true                   p90= 11.169ms p95= 11.531ms p99= 13.367ms max= 13.829ms target_misses=0 passed=true 
run=1 1000/history/json=false                p90=  6.264ms p95=  6.373ms p99=  6.620ms max=  6.779ms target_misses=0 passed=true 
run=1 1000/history/json=true                 p90=  6.444ms p95=  6.552ms p99=  7.152ms max=  7.784ms target_misses=0 passed=true 
run=2 --help/invalid-config=false            p90=  4.592ms p95=  4.866ms p99=  5.138ms max=  5.739ms target_misses=3 passed=true 
run=2 --version/invalid-config=false         p90=  4.088ms p95=  4.292ms p99=  4.469ms max=  4.549ms target_misses=0 passed=true 
run=2 --help/invalid-config=true             p90=  4.137ms p95=  4.476ms p99=  4.615ms max=  4.881ms target_misses=0 passed=true 
run=2 --version/invalid-config=true          p90=  4.227ms p95=  4.665ms p99=  4.887ms max=  5.429ms target_misses=1 passed=true 
run=2 0/list/json=false                      p90=  6.219ms p95=  6.423ms p99=  7.220ms max=  8.013ms target_misses=0 passed=true 
run=2 0/list/json=true                       p90=  6.337ms p95=  6.639ms p99=  7.139ms max=  7.848ms target_misses=0 passed=true 
run=2 0/tree/json=false                      p90=  6.102ms p95=  6.246ms p99=  6.414ms max=  6.460ms target_misses=0 passed=true 
run=2 0/tree/json=true                       p90=  6.236ms p95=  6.913ms p99=  7.509ms max=  8.146ms target_misses=0 passed=true 
run=2 0/stats/json=false                     p90=  6.218ms p95=  6.549ms p99=  7.132ms max=  7.151ms target_misses=0 passed=true 
run=2 0/stats/json=true                      p90=  6.277ms p95=  6.534ms p99=  6.947ms max=  8.045ms target_misses=0 passed=true 
run=2 0/history/json=false                   p90=  6.207ms p95=  6.632ms p99=  7.086ms max=  7.175ms target_misses=0 passed=true 
run=2 0/history/json=true                    p90=  6.676ms p95=  7.170ms p99=  9.909ms max= 11.793ms target_misses=0 passed=true 
run=2 100/list/json=false                    p90=  6.721ms p95=  6.973ms p99=  7.876ms max=  8.118ms target_misses=0 passed=true 
run=2 100/list/json=true                     p90=  6.975ms p95=  8.048ms p99=  9.622ms max=  9.956ms target_misses=0 passed=true 
run=2 100/tree/json=false                    p90=  6.586ms p95=  6.737ms p99=  7.030ms max=  7.858ms target_misses=0 passed=true 
run=2 100/tree/json=true                     p90=  6.847ms p95=  6.940ms p99=  7.116ms max=  7.539ms target_misses=0 passed=true 
run=2 100/stats/json=false                   p90=  6.544ms p95=  6.826ms p99=  7.618ms max=  7.651ms target_misses=0 passed=true 
run=2 100/stats/json=true                    p90=  6.652ms p95=  7.229ms p99=  7.561ms max=  9.654ms target_misses=0 passed=true 
run=2 100/history/json=false                 p90=  6.433ms p95=  6.787ms p99=  7.025ms max=  7.873ms target_misses=0 passed=true 
run=2 100/history/json=true                  p90=  6.547ms p95=  6.819ms p99=  7.311ms max=  7.563ms target_misses=0 passed=true 
run=2 1000/list/json=false                   p90= 12.077ms p95= 12.500ms p99= 13.076ms max= 13.200ms target_misses=0 passed=true 
run=2 1000/list/json=true                    p90= 11.949ms p95= 12.456ms p99= 13.572ms max= 17.849ms target_misses=1 passed=true 
run=2 1000/tree/json=false                   p90= 13.045ms p95= 13.505ms p99= 14.121ms max= 14.134ms target_misses=0 passed=true 
run=2 1000/tree/json=true                    p90= 13.594ms p95= 14.310ms p99= 19.067ms max= 19.071ms target_misses=3 passed=true 
run=2 1000/stats/json=false                  p90= 10.257ms p95= 10.569ms p99= 11.361ms max= 11.792ms target_misses=0 passed=true 
run=2 1000/stats/json=true                   p90= 10.664ms p95= 11.139ms p99= 11.762ms max= 12.613ms target_misses=0 passed=true 
run=2 1000/history/json=false                p90=  6.295ms p95=  6.504ms p99=  6.964ms max=  7.050ms target_misses=0 passed=true 
run=2 1000/history/json=true                 p90=  6.480ms p95=  6.860ms p99=  7.248ms max=  7.514ms target_misses=0 passed=true 
run=3 --help/invalid-config=false            p90=  4.283ms p95=  4.397ms p99=  4.900ms max=  5.177ms target_misses=1 passed=true 
run=3 --version/invalid-config=false         p90=  4.327ms p95=  4.657ms p99=  6.181ms max=  6.242ms target_misses=4 passed=true 
run=3 --help/invalid-config=true             p90=  4.187ms p95=  4.420ms p99=  4.974ms max=  5.285ms target_misses=1 passed=true 
run=3 --version/invalid-config=true          p90=  4.389ms p95=  4.665ms p99=  6.279ms max=  6.297ms target_misses=3 passed=true 
run=3 0/list/json=false                      p90=  6.207ms p95=  6.470ms p99=  6.788ms max=  7.516ms target_misses=0 passed=true 
run=3 0/list/json=true                       p90=  6.127ms p95=  6.312ms p99=  6.593ms max=  6.862ms target_misses=0 passed=true 
run=3 0/tree/json=false                      p90=  6.257ms p95=  6.329ms p99=  6.966ms max=  6.979ms target_misses=0 passed=true 
run=3 0/tree/json=true                       p90=  5.749ms p95=  5.891ms p99=  6.774ms max=  6.787ms target_misses=0 passed=true 
run=3 0/stats/json=false                     p90=  6.427ms p95=  6.558ms p99=  7.147ms max=  7.612ms target_misses=0 passed=true 
run=3 0/stats/json=true                      p90=  6.213ms p95=  6.397ms p99=  6.945ms max=  7.222ms target_misses=0 passed=true 
run=3 0/history/json=false                   p90=  6.578ms p95=  7.327ms p99=  8.137ms max=  8.306ms target_misses=0 passed=true 
run=3 0/history/json=true                    p90=  6.413ms p95=  6.583ms p99=  7.324ms max=  7.820ms target_misses=0 passed=true 
run=3 100/list/json=false                    p90=  6.627ms p95=  6.725ms p99=  7.267ms max=  7.378ms target_misses=0 passed=true 
run=3 100/list/json=true                     p90=  6.805ms p95=  7.050ms p99=  7.333ms max=  7.987ms target_misses=0 passed=true 
run=3 100/tree/json=false                    p90=  6.961ms p95=  7.249ms p99=  7.693ms max=  7.852ms target_misses=0 passed=true 
run=3 100/tree/json=true                     p90=  7.211ms p95=  7.642ms p99=  8.084ms max=  8.320ms target_misses=0 passed=true 
run=3 100/stats/json=false                   p90=  6.982ms p95=  7.200ms p99=  7.619ms max=  8.585ms target_misses=0 passed=true 
run=3 100/stats/json=true                    p90=  6.641ms p95=  6.831ms p99=  7.071ms max=  7.117ms target_misses=0 passed=true 
run=3 100/history/json=false                 p90=  6.387ms p95=  6.763ms p99=  7.193ms max=  7.908ms target_misses=0 passed=true 
run=3 100/history/json=true                  p90=  6.712ms p95=  6.997ms p99=  7.693ms max=  7.881ms target_misses=0 passed=true 
run=3 1000/list/json=false                   p90= 12.412ms p95= 12.565ms p99= 12.641ms max= 12.811ms target_misses=0 passed=true 
run=3 1000/list/json=true                    p90= 12.305ms p95= 13.249ms p99= 18.849ms max= 27.346ms target_misses=4 passed=true 
run=3 1000/tree/json=false                   p90= 13.873ms p95= 14.533ms p99= 19.546ms max= 27.451ms target_misses=4 passed=true 
run=3 1000/tree/json=true                    p90= 13.369ms p95= 13.668ms p99= 14.690ms max= 14.740ms target_misses=0 passed=true 
run=3 1000/stats/json=false                  p90= 10.510ms p95= 10.960ms p99= 11.635ms max= 12.430ms target_misses=0 passed=true 
run=3 1000/stats/json=true                   p90= 10.992ms p95= 11.492ms p99= 12.289ms max= 12.664ms target_misses=0 passed=true 
run=3 1000/history/json=false                p90=  7.108ms p95=  7.965ms p99=  9.016ms max=  9.078ms target_misses=0 passed=true 
run=3 1000/history/json=true                 p90=  7.443ms p95=  8.195ms p99= 11.297ms max= 11.589ms target_misses=0 passed=true 
