mkdir -p "bin/"
CGO_ENABLED=0 go build -o "bin/tusk" ./cmd/tusk
go run ./scripts/cli-bench --binary "bin/tusk" --output "docs/verification-evidence/005/cli-latency.json"
run=1 --help/invalid-config=false            p90=  4.317ms p95=  4.738ms p99=  5.142ms max=  5.399ms target_misses=2 passed=true 
run=1 --version/invalid-config=false         p90=  4.178ms p95=  4.310ms p99=  5.131ms max=  6.819ms target_misses=3 passed=true 
run=1 --help/invalid-config=true             p90=  4.323ms p95=  4.557ms p99=  5.148ms max=  5.249ms target_misses=4 passed=true 
run=1 --version/invalid-config=true          p90=  4.382ms p95=  4.423ms p99=  5.425ms max=  6.857ms target_misses=2 passed=true 
run=1 0/list/json=false                      p90=  6.177ms p95=  6.301ms p99=  6.658ms max=  7.100ms target_misses=0 passed=true 
run=1 0/list/json=true                       p90=  6.359ms p95=  6.561ms p99=  7.110ms max=  7.730ms target_misses=0 passed=true 
run=1 0/tree/json=false                      p90=  6.410ms p95=  6.648ms p99=  8.857ms max=  9.138ms target_misses=0 passed=true 
run=1 0/tree/json=true                       p90=  6.643ms p95=  7.200ms p99=  7.676ms max=  8.502ms target_misses=0 passed=true 
run=1 0/stats/json=false                     p90=  6.215ms p95=  6.687ms p99=  7.247ms max=  7.269ms target_misses=0 passed=true 
run=1 0/stats/json=true                      p90=  6.220ms p95=  6.333ms p99=  7.141ms max=  7.325ms target_misses=0 passed=true 
run=1 0/history/json=false                   p90=  6.438ms p95=  6.672ms p99=  7.510ms max=  7.513ms target_misses=0 passed=true 
run=1 0/history/json=true                    p90=  6.666ms p95=  7.169ms p99=  7.574ms max=  8.328ms target_misses=0 passed=true 
run=1 100/list/json=false                    p90=  7.245ms p95=  7.624ms p99=  9.062ms max=  9.904ms target_misses=0 passed=true 
run=1 100/list/json=true                     p90=  6.806ms p95=  7.028ms p99=  8.145ms max=  8.211ms target_misses=0 passed=true 
run=1 100/tree/json=false                    p90=  6.922ms p95=  7.319ms p99=  8.090ms max=  9.014ms target_misses=0 passed=true 
run=1 100/tree/json=true                     p90=  7.490ms p95=  7.733ms p99=  8.369ms max=  8.753ms target_misses=0 passed=true 
run=1 100/stats/json=false                   p90=  6.986ms p95=  7.289ms p99=  7.788ms max=  9.894ms target_misses=0 passed=true 
run=1 100/stats/json=true                    p90=  7.117ms p95=  7.518ms p99=  7.761ms max=  8.658ms target_misses=0 passed=true 
run=1 100/history/json=false                 p90=  6.489ms p95=  6.664ms p99=  7.116ms max=  7.712ms target_misses=0 passed=true 
run=1 100/history/json=true                  p90=  6.560ms p95=  6.957ms p99=  7.239ms max=  7.387ms target_misses=0 passed=true 
run=1 1000/list/json=false                   p90= 12.935ms p95= 14.610ms p99= 19.406ms max= 25.954ms target_misses=4 passed=true 
run=1 1000/list/json=true                    p90= 13.547ms p95= 16.756ms p99= 20.153ms max= 22.827ms target_misses=8 passed=true 
run=1 1000/tree/json=false                   p90= 13.531ms p95= 14.248ms p99= 14.683ms max= 20.206ms target_misses=1 passed=true 
run=1 1000/tree/json=true                    p90= 14.644ms p95= 15.488ms p99= 17.511ms max= 22.354ms target_misses=9 passed=true 
run=1 1000/stats/json=false                  p90= 11.276ms p95= 11.657ms p99= 16.833ms max= 18.698ms target_misses=2 passed=true 
run=1 1000/stats/json=true                   p90= 10.864ms p95= 11.296ms p99= 11.718ms max= 12.185ms target_misses=0 passed=true 
run=1 1000/history/json=false                p90=  6.454ms p95=  6.943ms p99=  7.274ms max=  8.011ms target_misses=0 passed=true 
run=1 1000/history/json=true                 p90=  6.558ms p95=  6.867ms p99=  7.432ms max=  7.491ms target_misses=0 passed=true 
run=2 --help/invalid-config=false            p90=  4.309ms p95=  4.400ms p99=  5.210ms max=  5.561ms target_misses=3 passed=true 
run=2 --version/invalid-config=false         p90=  4.282ms p95=  4.654ms p99=  5.097ms max=  5.109ms target_misses=4 passed=true 
run=2 --help/invalid-config=true             p90=  4.366ms p95=  4.497ms p99=  5.384ms max=  7.205ms target_misses=2 passed=true 
run=2 --version/invalid-config=true          p90=  4.061ms p95=  4.324ms p99=  4.713ms max=  4.747ms target_misses=0 passed=true 
run=2 0/list/json=false                      p90=  6.531ms p95=  6.707ms p99=  7.032ms max=  7.289ms target_misses=0 passed=true 
run=2 0/list/json=true                       p90=  6.268ms p95=  6.471ms p99=  7.248ms max=  8.645ms target_misses=0 passed=true 
run=2 0/tree/json=false                      p90=  6.506ms p95=  6.746ms p99=  7.079ms max=  7.813ms target_misses=0 passed=true 
run=2 0/tree/json=true                       p90=  6.131ms p95=  6.462ms p99=  7.143ms max=  7.779ms target_misses=0 passed=true 
run=2 0/stats/json=false                     p90=  6.362ms p95=  6.767ms p99=  8.119ms max= 10.011ms target_misses=0 passed=true 
run=2 0/stats/json=true                      p90=  6.655ms p95=  7.644ms p99=  9.260ms max= 15.968ms target_misses=1 passed=true 
run=2 0/history/json=false                   p90=  6.447ms p95=  6.612ms p99=  6.965ms max=  7.527ms target_misses=0 passed=true 
run=2 0/history/json=true                    p90=  6.616ms p95=  6.905ms p99=  7.429ms max=  7.750ms target_misses=0 passed=true 
run=2 100/list/json=false                    p90=  7.405ms p95=  8.197ms p99= 10.719ms max= 18.332ms target_misses=1 passed=true 
run=2 100/list/json=true                     p90=  7.180ms p95=  7.574ms p99=  8.105ms max=  8.536ms target_misses=0 passed=true 
run=2 100/tree/json=false                    p90=  7.183ms p95=  7.506ms p99=  8.011ms max=  8.085ms target_misses=0 passed=true 
run=2 100/tree/json=true                     p90=  7.638ms p95=  7.861ms p99=  8.592ms max=  8.919ms target_misses=0 passed=true 
run=2 100/stats/json=false                   p90=  6.741ms p95=  6.925ms p99=  7.184ms max=  7.579ms target_misses=0 passed=true 
run=2 100/stats/json=true                    p90=  6.800ms p95=  6.999ms p99=  7.814ms max=  8.038ms target_misses=0 passed=true 
run=2 100/history/json=false                 p90=  6.923ms p95=  7.258ms p99=  7.813ms max=  7.910ms target_misses=0 passed=true 
run=2 100/history/json=true                  p90=  6.781ms p95=  7.089ms p99=  7.764ms max=  8.320ms target_misses=0 passed=true 
run=2 1000/list/json=false                   p90= 12.833ms p95= 13.274ms p99= 14.074ms max= 18.689ms target_misses=1 passed=true 
run=2 1000/list/json=true                    p90= 12.777ms p95= 13.428ms p99= 18.685ms max= 18.963ms target_misses=3 passed=true 
run=2 1000/tree/json=false                   p90= 13.395ms p95= 13.925ms p99= 15.621ms max= 19.366ms target_misses=3 passed=true 
run=2 1000/tree/json=true                    p90= 15.029ms p95= 18.617ms p99= 20.943ms max= 21.492ms target_misses=12 passed=false 
run=2 1000/stats/json=false                  p90= 10.513ms p95= 10.749ms p99= 11.277ms max= 11.792ms target_misses=0 passed=true 
run=2 1000/stats/json=true                   p90= 11.310ms p95= 11.998ms p99= 16.037ms max= 21.133ms target_misses=3 passed=true 
run=2 1000/history/json=false                p90=  6.724ms p95=  6.888ms p99=  7.169ms max=  8.417ms target_misses=0 passed=true 
run=2 1000/history/json=true                 p90=  6.810ms p95=  7.017ms p99=  7.583ms max=  8.056ms target_misses=0 passed=true 
run=3 --help/invalid-config=false            p90=  4.340ms p95=  4.567ms p99=  5.636ms max=  6.642ms target_misses=4 passed=true 
run=3 --version/invalid-config=false         p90=  4.345ms p95=  4.540ms p99=  5.166ms max=  5.488ms target_misses=3 passed=true 
run=3 --help/invalid-config=true             p90=  4.113ms p95=  4.316ms p99=  4.747ms max=  4.775ms target_misses=0 passed=true 
run=3 --version/invalid-config=true          p90=  4.274ms p95=  4.372ms p99=  5.038ms max=  5.179ms target_misses=3 passed=true 
run=3 0/list/json=false                      p90=  6.267ms p95=  6.681ms p99=  7.178ms max=  7.568ms target_misses=0 passed=true 
run=3 0/list/json=true                       p90=  6.709ms p95=  7.102ms p99=  7.447ms max=  7.687ms target_misses=0 passed=true 
run=3 0/tree/json=false                      p90=  6.334ms p95=  6.689ms p99=  7.011ms max=  8.445ms target_misses=0 passed=true 
run=3 0/tree/json=true                       p90=  6.406ms p95=  6.641ms p99=  6.778ms max=  7.241ms target_misses=0 passed=true 
run=3 0/stats/json=false                     p90=  6.333ms p95=  6.583ms p99=  7.003ms max=  7.409ms target_misses=0 passed=true 
run=3 0/stats/json=true                      p90=  6.654ms p95=  6.942ms p99=  7.170ms max=  8.542ms target_misses=0 passed=true 
run=3 0/history/json=false                   p90=  6.694ms p95=  6.990ms p99=  7.580ms max=  8.189ms target_misses=0 passed=true 
run=3 0/history/json=true                    p90=  6.650ms p95=  6.927ms p99=  7.600ms max=  8.555ms target_misses=0 passed=true 
run=3 100/list/json=false                    p90=  7.058ms p95=  7.268ms p99=  7.524ms max=  9.195ms target_misses=0 passed=true 
run=3 100/list/json=true                     p90=  7.263ms p95=  7.558ms p99=  7.979ms max=  8.545ms target_misses=0 passed=true 
run=3 100/tree/json=false                    p90=  7.281ms p95=  7.611ms p99=  8.843ms max= 10.971ms target_misses=0 passed=true 
run=3 100/tree/json=true                     p90=  7.509ms p95=  7.929ms p99= 10.022ms max= 10.089ms target_misses=0 passed=true 
run=3 100/stats/json=false                   p90=  6.760ms p95=  7.100ms p99=  7.515ms max=  7.793ms target_misses=0 passed=true 
run=3 100/stats/json=true                    p90=  6.940ms p95=  7.344ms p99=  7.712ms max=  8.081ms target_misses=0 passed=true 
run=3 100/history/json=false                 p90=  7.040ms p95=  7.277ms p99=  8.056ms max=  8.207ms target_misses=0 passed=true 
run=3 100/history/json=true                  p90=  6.702ms p95=  7.093ms p99=  8.680ms max=  8.755ms target_misses=0 passed=true 
run=3 1000/list/json=false                   p90= 12.403ms p95= 12.666ms p99= 13.324ms max= 14.503ms target_misses=0 passed=true 
run=3 1000/list/json=true                    p90= 13.632ms p95= 15.160ms p99= 19.149ms max= 22.014ms target_misses=6 passed=true 
run=3 1000/tree/json=false                   p90= 13.628ms p95= 14.062ms p99= 16.389ms max= 16.656ms target_misses=3 passed=true 
run=3 1000/tree/json=true                    p90= 15.174ms p95= 16.974ms p99= 21.079ms max= 21.517ms target_misses=11 passed=false 
run=3 1000/stats/json=false                  p90= 10.886ms p95= 11.459ms p99= 15.642ms max= 16.339ms target_misses=2 passed=true 
run=3 1000/stats/json=true                   p90= 11.161ms p95= 11.758ms p99= 15.114ms max= 17.167ms target_misses=2 passed=true 
run=3 1000/history/json=false                p90=  6.306ms p95=  6.611ms p99=  7.709ms max=  7.973ms target_misses=0 passed=true 
run=3 1000/history/json=true                 p90=  6.642ms p95=  6.726ms p99=  7.196ms max=  7.836ms target_misses=0 passed=true 
exit status 1
make: *** [Makefile:177: bench-cli] Error 1
