==> Formatting Go files with gofmt -s...
==> Successfully formatted Go files.
go test  -v ./internal/tui ./internal/terminaltext ./internal/cli ./cmd/tusk -run 'TestWorkflow|TestTUIMeasurement'
=== RUN   TestTUIMeasurements
    bench_test.go:158: retained measurements run only through make bench-tui
--- SKIP: TestTUIMeasurements (0.00s)
=== RUN   TestWorkflow_StressCommandsStayBounded
--- PASS: TestWorkflow_StressCommandsStayBounded (1.23s)
=== RUN   TestTUIMeasurement_SummaryRetainsSamplesAndRejectsMisses
--- PASS: TestTUIMeasurement_SummaryRetainsSamplesAndRejectsMisses (0.00s)
=== RUN   TestTUIMeasurement_RejectsInvalidWarmupsAndEmptyWork
--- PASS: TestTUIMeasurement_RejectsInvalidWarmupsAndEmptyWork (0.01s)
=== RUN   TestWorkflow_EditConflictReadbackAndQuit
--- PASS: TestWorkflow_EditConflictReadbackAndQuit (0.06s)
=== RUN   TestWorkflow_ToggleErrorsHaveActionableBrowseHints
--- PASS: TestWorkflow_ToggleErrorsHaveActionableBrowseHints (0.03s)
=== RUN   TestWorkflow_AllStatesKeepViewPure
=== RUN   TestWorkflow_AllStatesKeepViewPure/loading
=== RUN   TestWorkflow_AllStatesKeepViewPure/empty
=== RUN   TestWorkflow_AllStatesKeepViewPure/loaded
=== RUN   TestWorkflow_AllStatesKeepViewPure/failure
=== RUN   TestWorkflow_AllStatesKeepViewPure/stale
=== RUN   TestWorkflow_AllStatesKeepViewPure/form
=== RUN   TestWorkflow_AllStatesKeepViewPure/filter
=== RUN   TestWorkflow_AllStatesKeepViewPure/delete
=== RUN   TestWorkflow_AllStatesKeepViewPure/recovery
--- PASS: TestWorkflow_AllStatesKeepViewPure (0.03s)
    --- PASS: TestWorkflow_AllStatesKeepViewPure/loading (0.00s)
    --- PASS: TestWorkflow_AllStatesKeepViewPure/empty (0.00s)
    --- PASS: TestWorkflow_AllStatesKeepViewPure/loaded (0.00s)
    --- PASS: TestWorkflow_AllStatesKeepViewPure/failure (0.00s)
    --- PASS: TestWorkflow_AllStatesKeepViewPure/stale (0.00s)
    --- PASS: TestWorkflow_AllStatesKeepViewPure/form (0.01s)
    --- PASS: TestWorkflow_AllStatesKeepViewPure/filter (0.00s)
    --- PASS: TestWorkflow_AllStatesKeepViewPure/delete (0.00s)
    --- PASS: TestWorkflow_AllStatesKeepViewPure/recovery (0.00s)
PASS
ok  	github.com/newbpydev/tusk/internal/tui	1.382s
testing: warning: no tests to run
PASS
ok  	github.com/newbpydev/tusk/internal/terminaltext	0.003s [no tests to run]
testing: warning: no tests to run
PASS
ok  	github.com/newbpydev/tusk/internal/cli	0.006s [no tests to run]
testing: warning: no tests to run
PASS
ok  	github.com/newbpydev/tusk/cmd/tusk	0.022s [no tests to run]
