go test  -v ./internal/tui ./internal/terminaltext ./internal/cli ./cmd/tusk -run 'TestPresentation|TestWorkspace'
=== RUN   TestWorkspace_PersistentControlsAndQuickViews
    presentation_test.go:25: quick views missing from keyboard help
--- FAIL: TestWorkspace_PersistentControlsAndQuickViews (0.01s)
=== RUN   TestPresentation_ModalInsetsAndFieldAlignment
    presentation_test.go:81: checkbox groups need a blank row
--- FAIL: TestPresentation_ModalInsetsAndFieldAlignment (0.01s)
=== RUN   TestWorkspace_TodayRollsOverAtLocalMidnight
--- PASS: TestWorkspace_TodayRollsOverAtLocalMidnight (0.00s)
=== RUN   TestPresentation_DetailsPrioritizeTaskContent
--- PASS: TestPresentation_DetailsPrioritizeTaskContent (0.00s)
FAIL
FAIL	github.com/newbpydev/tusk/internal/tui	0.038s
testing: warning: no tests to run
PASS
ok  	github.com/newbpydev/tusk/internal/terminaltext	(cached) [no tests to run]
testing: warning: no tests to run
PASS
ok  	github.com/newbpydev/tusk/internal/cli	(cached) [no tests to run]
testing: warning: no tests to run
PASS
ok  	github.com/newbpydev/tusk/cmd/tusk	0.020s [no tests to run]
FAIL
make: *** [Makefile:117: test-tui] Error 1
