==> Formatting Go files with gofmt -s...
==> Successfully formatted Go files.
go test  -v ./internal/tui ./internal/terminaltext ./internal/cli ./cmd/tusk -run 'TestTUIMeasurement_Summary|TestWorkflow'
=== RUN   TestWorkflow_StressCommandsStayBounded
--- PASS: TestWorkflow_StressCommandsStayBounded (1.20s)
=== RUN   TestTUIMeasurement_SummaryRetainsSamplesAndRejectsMisses
--- PASS: TestTUIMeasurement_SummaryRetainsSamplesAndRejectsMisses (0.00s)
=== RUN   TestWorkflow_ToggleErrorsHaveActionableBrowseHints
--- PASS: TestWorkflow_ToggleErrorsHaveActionableBrowseHints (0.03s)
PASS
ok  	github.com/newbpydev/tusk/internal/tui	1.257s
testing: warning: no tests to run
PASS
ok  	github.com/newbpydev/tusk/internal/terminaltext	(cached) [no tests to run]
testing: warning: no tests to run
PASS
ok  	github.com/newbpydev/tusk/internal/cli	(cached) [no tests to run]
testing: warning: no tests to run
PASS
ok  	github.com/newbpydev/tusk/cmd/tusk	(cached) [no tests to run]
