==> Formatting Go files with gofmt -s...
==> Successfully formatted Go files.
go test  -v ./internal/tui ./internal/terminaltext ./internal/cli ./cmd/tusk -run 'TestTUIMeasurement|TestForm_Readonly'
=== RUN   TestTUIMeasurements
    bench_test.go:158: retained measurements run only through make bench-tui
--- SKIP: TestTUIMeasurements (0.00s)
=== RUN   TestForm_ReadonlyPreviewPreparationIsBounded
--- PASS: TestForm_ReadonlyPreviewPreparationIsBounded (0.10s)
=== RUN   TestTUIMeasurement_SummaryRetainsSamplesAndRejectsMisses
--- PASS: TestTUIMeasurement_SummaryRetainsSamplesAndRejectsMisses (0.00s)
=== RUN   TestTUIMeasurement_RejectsInvalidWarmupsAndEmptyWork
--- PASS: TestTUIMeasurement_RejectsInvalidWarmupsAndEmptyWork (0.01s)
PASS
ok  	github.com/newbpydev/tusk/internal/tui	0.131s
testing: warning: no tests to run
PASS
ok  	github.com/newbpydev/tusk/internal/terminaltext	0.003s [no tests to run]
testing: warning: no tests to run
PASS
ok  	github.com/newbpydev/tusk/internal/cli	0.006s [no tests to run]
testing: warning: no tests to run
PASS
ok  	github.com/newbpydev/tusk/cmd/tusk	0.021s [no tests to run]
