init internal/bytealg @0.005 ms, 0.001 ms clock, 0 bytes, 0 allocs
init internal/runtime/gc/scan @0.032 ms, 0.001 ms clock, 0 bytes, 0 allocs
init runtime @0.043 ms, 0.063 ms clock, 0 bytes, 0 allocs
init crypto/internal/fips140deps/cpu @0.56 ms, 0.006 ms clock, 0 bytes, 0 allocs
init math @0.58 ms, 0.006 ms clock, 0 bytes, 0 allocs
init github.com/charmbracelet/x/ansi/parser @0.60 ms, 0.024 ms clock, 4128 bytes, 3 allocs
init errors @0.65 ms, 0.001 ms clock, 0 bytes, 0 allocs
init iter @0.66 ms, 0.011 ms clock, 0 bytes, 1 allocs
init sync @0.68 ms, 0 ms clock, 0 bytes, 0 allocs
init internal/godebug @0.69 ms, 0.026 ms clock, 992 bytes, 27 allocs
init encoding/base32 @0.73 ms, 0.014 ms clock, 640 bytes, 2 allocs
init encoding/base64 @0.76 ms, 0.007 ms clock, 1408 bytes, 4 allocs
init crypto @0.78 ms, 0.007 ms clock, 176 bytes, 1 allocs
init hash/crc32 @0.79 ms, 0.025 ms clock, 1152 bytes, 5 allocs
init syscall @0.84 ms, 0.008 ms clock, 2176 bytes, 5 allocs
init time @0.86 ms, 0.004 ms clock, 256 bytes, 2 allocs
init context @0.87 ms, 0.005 ms clock, 112 bytes, 1 allocs
init internal/poll @0.88 ms, 0.005 ms clock, 72 bytes, 2 allocs
init io/fs @0.90 ms, 0.001 ms clock, 0 bytes, 0 allocs
init os @0.91 ms, 0.014 ms clock, 432 bytes, 9 allocs
init os/signal @0.93 ms, 0.004 ms clock, 0 bytes, 0 allocs
init time/tzdata @0.96 ms, 0.005 ms clock, 0 bytes, 0 allocs
init unicode @0.97 ms, 0.031 ms clock, 13280 bytes, 20 allocs
init reflect @1.0 ms, 0.001 ms clock, 0 bytes, 0 allocs
init golang.org/x/text/unicode/norm @1.0 ms, 0.006 ms clock, 0 bytes, 0 allocs
init log @1.0 ms, 0.007 ms clock, 64 bytes, 2 allocs
init modernc.org/libc/sys/types @1.0 ms, 0.018 ms clock, 48 bytes, 1 allocs
init modernc.org/libc/uuid/uuid @1.0 ms, 0.001 ms clock, 48 bytes, 1 allocs
init compress/flate @1.1 ms, 0.001 ms clock, 216 bytes, 6 allocs
init compress/gzip @1.1 ms, 0 ms clock, 0 bytes, 0 allocs
init crypto/internal/fips140 @1.1 ms, 0.007 ms clock, 480 bytes, 9 allocs
init crypto/internal/fips140/sha3 @1.1 ms, 0.001 ms clock, 0 bytes, 0 allocs
init crypto/internal/fips140/sha256 @1.1 ms, 0.002 ms clock, 144 bytes, 2 allocs
init crypto/internal/fips140/sha512 @1.1 ms, 0.004 ms clock, 192 bytes, 1 allocs
init crypto/internal/fips140/hmac @1.1 ms, 0 ms clock, 0 bytes, 0 allocs
init crypto/internal/fips140/check @1.1 ms, 0.001 ms clock, 0 bytes, 0 allocs
init crypto/fips140 @1.1 ms, 0.001 ms clock, 48 bytes, 1 allocs
init crypto/internal/fips140/aes @1.1 ms, 0.001 ms clock, 0 bytes, 0 allocs
init crypto/internal/fips140/drbg @1.1 ms, 0.001 ms clock, 0 bytes, 0 allocs
init crypto/internal/fips140/aes/gcm @1.1 ms, 0.002 ms clock, 400 bytes, 2 allocs
init crypto/md5 @1.1 ms, 0.001 ms clock, 0 bytes, 0 allocs
init crypto/sha1 @1.2 ms, 0.001 ms clock, 0 bytes, 0 allocs
init crypto/sha256 @1.2 ms, 0.003 ms clock, 0 bytes, 0 allocs
init encoding/json/jsontext @1.2 ms, 0.008 ms clock, 0 bytes, 0 allocs
init encoding/json/v2 @1.2 ms, 0.008 ms clock, 408 bytes, 15 allocs
init encoding/json @1.2 ms, 0.001 ms clock, 224 bytes, 2 allocs
init encoding/xml @1.2 ms, 0.015 ms clock, 18776 bytes, 6 allocs
init flag @1.2 ms, 0 ms clock, 128 bytes, 2 allocs
init github.com/dlclark/regexp2/syntax @1.2 ms, 0.035 ms clock, 28984 bytes, 48 allocs
init golang.org/x/net/html @1.3 ms, 0.064 ms clock, 113144 bytes, 16 allocs
init golang.org/x/sys/unix @1.3 ms, 0.004 ms clock, 48 bytes, 1 allocs
init github.com/muesli/cancelreader @1.4 ms, 0.003 ms clock, 16 bytes, 1 allocs
init golang.org/x/text/internal/language @1.4 ms, 0.011 ms clock, 4112 bytes, 8 allocs
init golang.org/x/text/internal/language/compact @1.4 ms, 0.012 ms clock, 560 bytes, 8 allocs
init golang.org/x/text/language @1.4 ms, 0.023 ms clock, 256 bytes, 3 allocs
init golang.org/x/text/cases @1.4 ms, 0.017 ms clock, 2600 bytes, 38 allocs
init html @1.4 ms, 0.004 ms clock, 312 bytes, 4 allocs
init image @1.5 ms, 0.003 ms clock, 0 bytes, 0 allocs
init io/ioutil @1.5 ms, 0.003 ms clock, 0 bytes, 0 allocs
init math/big @1.5 ms, 0.001 ms clock, 0 bytes, 0 allocs
init crypto/rand @1.5 ms, 0.001 ms clock, 0 bytes, 0 allocs
init modernc.org/mathutil @1.5 ms, 0.026 ms clock, 352 bytes, 15 allocs
init modernc.org/memory @1.5 ms, 0.001 ms clock, 0 bytes, 0 allocs
init github.com/xo/terminfo @1.5 ms, 0.001 ms clock, 48 bytes, 1 allocs
init path/filepath @1.5 ms, 0.004 ms clock, 0 bytes, 0 allocs
init github.com/atotto/clipboard @1.5 ms, 0.12 ms clock, 46360 bytes, 343 allocs
init regexp/syntax @1.7 ms, 0.006 ms clock, 2344 bytes, 6 allocs
init regexp @1.7 ms, 0.003 ms clock, 0 bytes, 0 allocs
init github.com/alecthomas/chroma/v2 @1.7 ms, 0.022 ms clock, 16976 bytes, 30 allocs
init github.com/alecthomas/chroma/v2/formatters/svg @1.7 ms, 0.001 ms clock, 256 bytes, 2 allocs
init github.com/alecthomas/chroma/v2/formatters @1.7 ms, 0.055 ms clock, 32728 bytes, 42 allocs
init github.com/alecthomas/chroma/v2/lexers @1.8 ms, 4.4 ms clock, 2323312 bytes, 25861 allocs
init github.com/alecthomas/chroma/v2/styles @6.2 ms, 6.4 ms clock, 1606768 bytes, 34060 allocs
init github.com/dustin/go-humanize @12 ms, 0.046 ms clock, 8944 bytes, 118 allocs
init github.com/gorilla/css/scanner @12 ms, 0.37 ms clock, 223648 bytes, 1805 allocs
init github.com/aymerick/douceur/parser @13 ms, 0.005 ms clock, 2824 bytes, 31 allocs
init github.com/mattn/go-runewidth @13 ms, 0.010 ms clock, 4736 bytes, 38 allocs
init github.com/microcosm-cc/bluemonday/css @13 ms, 0.46 ms clock, 494912 bytes, 3780 allocs
init text/template/parse @13 ms, 0.008 ms clock, 504 bytes, 4 allocs
init database/sql/driver @13 ms, 0.001 ms clock, 0 bytes, 0 allocs
init database/sql @13 ms, 0.004 ms clock, 48 bytes, 1 allocs
init vendor/golang.org/x/net/dns/dnsmessage @13 ms, 0.004 ms clock, 768 bytes, 6 allocs
init net/netip @13 ms, 0.024 ms clock, 744 bytes, 18 allocs
init net @13 ms, 0.006 ms clock, 752 bytes, 15 allocs
init github.com/google/uuid @13 ms, 0.002 ms clock, 0 bytes, 0 allocs
init github.com/spf13/pflag @13 ms, 0.001 ms clock, 256 bytes, 1 allocs
init modernc.org/libc @13 ms, 0.15 ms clock, 2280 bytes, 25 allocs
init modernc.org/sqlite/lib @13 ms, 0.048 ms clock, 0 bytes, 0 allocs
init github.com/charmbracelet/x/ansi @14 ms, 0.001 ms clock, 0 bytes, 0 allocs
init github.com/charmbracelet/bubbletea @14 ms, 0.091 ms clock, 94632 bytes, 211 allocs
init github.com/microcosm-cc/bluemonday @14 ms, 0.37 ms clock, 296048 bytes, 1224 allocs
init github.com/yuin/goldmark/util @14 ms, 0.18 ms clock, 146152 bytes, 1967 allocs
init github.com/yuin/goldmark/ast @14 ms, 0.009 ms clock, 992 bytes, 5 allocs
init github.com/yuin/goldmark-emoji/ast @14 ms, 0.004 ms clock, 0 bytes, 0 allocs
init github.com/yuin/goldmark/extension/ast @14 ms, 0.002 ms clock, 1152 bytes, 1 allocs
init github.com/yuin/goldmark/parser @14 ms, 0.14 ms clock, 110312 bytes, 934 allocs
init github.com/yuin/goldmark/renderer/html @14 ms, 0.030 ms clock, 18888 bytes, 163 allocs
init github.com/yuin/goldmark @14 ms, 0.011 ms clock, 15072 bytes, 25 allocs
init github.com/yuin/goldmark/extension @14 ms, 0.62 ms clock, 265632 bytes, 2095 allocs
init modernc.org/sqlite @15 ms, 0.021 ms clock, 1392 bytes, 19 allocs
init text/template @15 ms, 0.002 ms clock, 72 bytes, 2 allocs
init github.com/muesli/termenv @15 ms, 0.009 ms clock, 792 bytes, 7 allocs
init github.com/charmbracelet/lipgloss @15 ms, 0.001 ms clock, 0 bytes, 0 allocs
init github.com/charmbracelet/bubbles/textinput @15 ms, 0.011 ms clock, 1504 bytes, 32 allocs
init github.com/charmbracelet/bubbles/textarea @15 ms, 0.084 ms clock, 2000 bytes, 44 allocs
init github.com/charmbracelet/glamour/ansi @15 ms, 0.033 ms clock, 3344 bytes, 11 allocs
init github.com/charmbracelet/glamour/styles @15 ms, 0.13 ms clock, 2896 bytes, 235 allocs
init github.com/spf13/cobra @15 ms, 0.009 ms clock, 1192 bytes, 14 allocs
