mkdir -p "bin/"
CGO_ENABLED=0 go build -o "bin/tusk" ./cmd/tusk
go run ./scripts/cli-bench --binary "bin/tusk" --output "docs/verification-evidence/005/cli-latency.json"
run=1 --help/invalid-config=false            p90= 11.568ms p95= 12.318ms p99= 14.011ms max= 14.093ms target_misses=95 passed=false 
run=1 --version/invalid-config=false         p90=  7.598ms p95=  8.199ms p99=  9.290ms max= 10.785ms target_misses=75 passed=false 
run=1 --help/invalid-config=true             p90= 10.963ms p95= 13.760ms p99= 15.204ms max= 17.680ms target_misses=86 passed=false 
run=1 --version/invalid-config=true          p90=  6.369ms p95=  6.794ms p99=  8.148ms max=  8.316ms target_misses=30 passed=false 
run=1 0/list/json=false                      p90= 11.330ms p95= 12.723ms p99= 14.095ms max= 17.740ms target_misses=1 passed=true 
run=1 0/list/json=true                       p90=  9.933ms p95= 10.296ms p99= 11.991ms max= 13.157ms target_misses=0 passed=true 
run=1 0/tree/json=false                      p90=  8.106ms p95=  8.754ms p99= 10.616ms max= 10.687ms target_misses=0 passed=true 
run=1 0/tree/json=true                       p90=  9.565ms p95= 11.146ms p99= 12.376ms max= 13.696ms target_misses=0 passed=true 
run=1 0/stats/json=false                     p90=  6.690ms p95=  7.265ms p99=  8.593ms max=  9.454ms target_misses=0 passed=true 
run=1 0/stats/json=true                      p90=  6.897ms p95=  7.382ms p99=  8.399ms max=  8.412ms target_misses=0 passed=true 
run=1 0/history/json=false                   p90=  7.375ms p95=  7.746ms p99=  9.962ms max= 15.654ms target_misses=1 passed=true 
run=1 0/history/json=true                    p90=  6.975ms p95=  7.629ms p99=  8.771ms max=  9.129ms target_misses=0 passed=true 
run=1 100/list/json=false                    p90=  8.161ms p95=  8.911ms p99=  9.823ms max= 10.731ms target_misses=0 passed=true 
run=1 100/list/json=true                     p90= 10.341ms p95= 12.301ms p99= 16.119ms max= 18.037ms target_misses=2 passed=true 
run=1 100/tree/json=false                    p90=  9.522ms p95= 10.365ms p99= 12.071ms max= 12.881ms target_misses=0 passed=true 
run=1 100/tree/json=true                     p90=  7.802ms p95=  8.041ms p99=  8.534ms max=  9.024ms target_misses=0 passed=true 
run=1 100/stats/json=false                   p90=  7.243ms p95=  7.611ms p99=  8.798ms max=  9.615ms target_misses=0 passed=true 
run=1 100/stats/json=true                    p90=  6.751ms p95=  7.049ms p99=  7.508ms max=  7.751ms target_misses=0 passed=true 
run=1 100/history/json=false                 p90=  6.292ms p95=  6.558ms p99=  7.017ms max=  7.321ms target_misses=0 passed=true 
run=1 100/history/json=true                  p90=  6.596ms p95=  7.085ms p99=  8.156ms max=  8.702ms target_misses=0 passed=true 
run=1 1000/list/json=false                   p90= 12.264ms p95= 13.118ms p99= 13.825ms max= 16.430ms target_misses=1 passed=true 
run=1 1000/list/json=true                    p90= 13.664ms p95= 14.724ms p99= 18.964ms max= 19.563ms target_misses=5 passed=true 
run=1 1000/tree/json=false                   p90= 13.447ms p95= 14.111ms p99= 15.575ms max= 18.960ms target_misses=2 passed=true 
run=1 1000/tree/json=true                    p90= 15.670ms p95= 17.890ms p99= 19.071ms max= 19.874ms target_misses=17 passed=false 
run=1 1000/stats/json=false                  p90= 11.186ms p95= 11.610ms p99= 17.180ms max= 17.247ms target_misses=2 passed=true 
run=1 1000/stats/json=true                   p90= 11.394ms p95= 12.708ms p99= 17.511ms max= 21.140ms target_misses=3 passed=true 
run=1 1000/history/json=false                p90=  6.396ms p95=  6.763ms p99=  7.294ms max=  7.349ms target_misses=0 passed=true 
run=1 1000/history/json=true                 p90=  6.505ms p95=  6.869ms p99=  7.514ms max=  7.657ms target_misses=0 passed=true 
run=2 --help/invalid-config=false            p90=  4.176ms p95=  4.299ms p99=  4.835ms max=  5.448ms target_misses=1 passed=true 
run=2 --version/invalid-config=false         p90=  4.507ms p95=  5.195ms p99=  6.181ms max=  7.287ms target_misses=6 passed=true 
run=2 --help/invalid-config=true             p90=  4.364ms p95=  4.684ms p99=  4.924ms max=  5.650ms target_misses=1 passed=true 
run=2 --version/invalid-config=true          p90=  3.798ms p95=  4.042ms p99=  4.573ms max=  5.175ms target_misses=1 passed=true 
run=2 0/list/json=false                      p90=  6.211ms p95=  6.508ms p99=  6.749ms max=  7.091ms target_misses=0 passed=true 
run=2 0/list/json=true                       p90=  6.385ms p95=  6.517ms p99=  6.938ms max=  7.309ms target_misses=0 passed=true 
run=2 0/tree/json=false                      p90=  6.349ms p95=  6.566ms p99=  7.264ms max=  7.339ms target_misses=0 passed=true 
run=2 0/tree/json=true                       p90=  6.973ms p95=  7.286ms p99=  7.907ms max=  7.943ms target_misses=0 passed=true 
run=2 0/stats/json=false                     p90=  7.659ms p95=  8.745ms p99=  9.345ms max= 11.057ms target_misses=0 passed=true 
run=2 0/stats/json=true                      p90=  6.367ms p95=  6.661ms p99=  7.726ms max=  7.900ms target_misses=0 passed=true 
run=2 0/history/json=false                   p90=  6.545ms p95=  7.127ms p99=  7.643ms max=  7.831ms target_misses=0 passed=true 
run=2 0/history/json=true                    p90=  6.625ms p95=  6.891ms p99=  7.117ms max=  7.467ms target_misses=0 passed=true 
run=2 100/list/json=false                    p90=  6.959ms p95=  7.559ms p99=  9.066ms max= 10.207ms target_misses=0 passed=true 
run=2 100/list/json=true                     p90=  7.114ms p95=  7.307ms p99=  8.029ms max=  8.059ms target_misses=0 passed=true 
run=2 100/tree/json=false                    p90=  7.197ms p95=  7.588ms p99=  8.511ms max= 10.069ms target_misses=0 passed=true 
run=2 100/tree/json=true                     p90=  7.497ms p95=  7.726ms p99=  8.097ms max=  8.593ms target_misses=0 passed=true 
run=2 100/stats/json=false                   p90=  6.676ms p95=  6.850ms p99=  7.201ms max=  8.509ms target_misses=0 passed=true 
run=2 100/stats/json=true                    p90=  7.194ms p95=  7.277ms p99=  8.373ms max=  9.212ms target_misses=0 passed=true 
run=2 100/history/json=false                 p90=  6.601ms p95=  6.900ms p99=  7.497ms max=  7.633ms target_misses=0 passed=true 
run=2 100/history/json=true                  p90=  6.912ms p95=  7.126ms p99=  7.441ms max=  7.947ms target_misses=0 passed=true 
run=2 1000/list/json=false                   p90= 13.821ms p95= 15.406ms p99= 19.171ms max= 19.405ms target_misses=8 passed=true 
run=2 1000/list/json=true                    p90= 13.236ms p95= 18.169ms p99= 19.969ms max= 20.466ms target_misses=8 passed=true 
run=2 1000/tree/json=false                   p90= 13.650ms p95= 14.315ms p99= 15.012ms max= 18.859ms target_misses=2 passed=true 
run=2 1000/tree/json=true                    p90= 19.110ms p95= 20.619ms p99= 21.246ms max= 21.250ms target_misses=19 passed=false 
run=2 1000/stats/json=false                  p90= 11.647ms p95= 12.501ms p99= 17.219ms max= 20.095ms target_misses=3 passed=true 
run=2 1000/stats/json=true                   p90= 11.435ms p95= 11.645ms p99= 12.289ms max= 16.250ms target_misses=1 passed=true 
run=2 1000/history/json=false                p90=  6.534ms p95=  6.751ms p99=  7.103ms max=  7.137ms target_misses=0 passed=true 
run=2 1000/history/json=true                 p90=  6.793ms p95=  7.117ms p99=  7.457ms max=  7.979ms target_misses=0 passed=true 
run=3 --help/invalid-config=false            p90=  3.969ms p95=  4.360ms p99=  4.786ms max=  5.517ms target_misses=1 passed=true 
run=3 --version/invalid-config=false         p90=  4.127ms p95=  4.299ms p99=  5.087ms max=  5.123ms target_misses=2 passed=true 
run=3 --help/invalid-config=true             p90=  4.120ms p95=  4.537ms p99=  5.061ms max=  5.150ms target_misses=2 passed=true 
run=3 --version/invalid-config=true          p90=  4.222ms p95=  4.502ms p99=  4.800ms max=  5.230ms target_misses=1 passed=true 
run=3 0/list/json=false                      p90=  6.115ms p95=  6.420ms p99=  6.990ms max=  7.141ms target_misses=0 passed=true 
run=3 0/list/json=true                       p90=  6.515ms p95=  7.102ms p99=  7.967ms max=  7.971ms target_misses=0 passed=true 
run=3 0/tree/json=false                      p90=  6.239ms p95=  6.553ms p99=  7.282ms max=  7.352ms target_misses=0 passed=true 
run=3 0/tree/json=true                       p90=  6.402ms p95=  6.684ms p99=  7.179ms max=  7.183ms target_misses=0 passed=true 
run=3 0/stats/json=false                     p90=  6.177ms p95=  6.404ms p99=  7.098ms max=  7.368ms target_misses=0 passed=true 
run=3 0/stats/json=true                      p90=  6.895ms p95=  7.251ms p99=  8.063ms max=  8.226ms target_misses=0 passed=true 
run=3 0/history/json=false                   p90=  6.218ms p95=  6.387ms p99=  6.845ms max=  7.039ms target_misses=0 passed=true 
run=3 0/history/json=true                    p90=  6.402ms p95=  6.610ms p99=  8.029ms max=  8.187ms target_misses=0 passed=true 
run=3 100/list/json=false                    p90=  7.080ms p95=  7.216ms p99=  7.567ms max=  8.456ms target_misses=0 passed=true 
run=3 100/list/json=true                     p90=  7.208ms p95=  7.446ms p99=  8.436ms max=  8.669ms target_misses=0 passed=true 
run=3 100/tree/json=false                    p90=  7.120ms p95=  7.800ms p99=  8.457ms max=  8.969ms target_misses=0 passed=true 
run=3 100/tree/json=true                     p90=  7.363ms p95=  7.710ms p99=  8.122ms max=  8.235ms target_misses=0 passed=true 
run=3 100/stats/json=false                   p90=  7.475ms p95=  8.856ms p99= 16.217ms max= 23.595ms target_misses=3 passed=true 
run=3 100/stats/json=true                    p90=  6.839ms p95=  7.092ms p99=  7.589ms max=  8.259ms target_misses=0 passed=true 
run=3 100/history/json=false                 p90=  6.291ms p95=  6.708ms p99=  7.846ms max=  7.909ms target_misses=0 passed=true 
run=3 100/history/json=true                  p90=  6.749ms p95=  6.944ms p99=  7.345ms max=  7.859ms target_misses=0 passed=true 
run=3 1000/list/json=false                   p90= 12.532ms p95= 13.035ms p99= 19.663ms max= 19.739ms target_misses=2 passed=true 
run=3 1000/list/json=true                    p90= 13.345ms p95= 17.249ms p99= 20.025ms max= 20.051ms target_misses=6 passed=true 
run=3 1000/tree/json=false                   p90= 16.159ms p95= 16.574ms p99= 18.762ms max= 18.820ms target_misses=15 passed=false 
run=3 1000/tree/json=true                    p90= 15.404ms p95= 16.756ms p99= 19.684ms max= 20.199ms target_misses=13 passed=false 
run=3 1000/stats/json=false                  p90= 11.054ms p95= 11.417ms p99= 11.673ms max= 12.032ms target_misses=0 passed=true 
run=3 1000/stats/json=true                   p90= 11.257ms p95= 12.191ms p99= 16.185ms max= 17.138ms target_misses=3 passed=true 
run=3 1000/history/json=false                p90=  6.675ms p95=  7.074ms p99=  7.524ms max=  7.934ms target_misses=0 passed=true 
run=3 1000/history/json=true                 p90=  6.600ms p95=  7.106ms p99=  7.689ms max=  8.649ms target_misses=0 passed=true 
exit status 1
make: *** [Makefile:177: bench-cli] Error 1
