mkdir -p "bin/"
CGO_ENABLED=0 go build -o "bin/tusk" ./cmd/tusk
go run ./scripts/cli-bench --binary "bin/tusk" --output "docs/verification-evidence/005/u6-hierarchy/cli-latency.json"
run=1 --help/invalid-config=false            p90=  3.721ms p95=  3.831ms p99=  4.046ms max=  4.417ms target_misses=0 passed=true 
run=1 --version/invalid-config=false         p90=  3.679ms p95=  3.988ms p99=  4.057ms max=  4.894ms target_misses=0 passed=true 
run=1 --help/invalid-config=true             p90=  3.912ms p95=  4.277ms p99=  5.203ms max=  5.204ms target_misses=3 passed=true 
run=1 --version/invalid-config=true          p90=  3.687ms p95=  3.930ms p99=  4.340ms max=  4.439ms target_misses=0 passed=true 
run=1 0/list/json=false                      p90=  5.851ms p95=  6.014ms p99=  6.353ms max=  7.483ms target_misses=0 passed=true 
run=1 0/list/json=true                       p90=  6.468ms p95=  7.156ms p99=  7.591ms max=  8.024ms target_misses=0 passed=true 
run=1 0/tree/json=false                      p90=  6.730ms p95=  7.242ms p99=  8.122ms max= 12.778ms target_misses=0 passed=true 
run=1 0/tree/json=true                       p90=  6.306ms p95=  6.841ms p99=  7.261ms max=  7.276ms target_misses=0 passed=true 
run=1 0/stats/json=false                     p90=  6.301ms p95=  6.480ms p99=  6.853ms max=  7.532ms target_misses=0 passed=true 
run=1 0/stats/json=true                      p90=  5.993ms p95=  6.142ms p99=  6.776ms max=  7.288ms target_misses=0 passed=true 
run=1 0/history/json=false                   p90=  6.030ms p95=  6.641ms p99=  7.365ms max=  7.912ms target_misses=0 passed=true 
run=1 0/history/json=true                    p90=  6.344ms p95=  6.635ms p99=  8.545ms max= 10.250ms target_misses=0 passed=true 
run=1 100/list/json=false                    p90=  6.651ms p95=  7.140ms p99=  7.475ms max=  7.758ms target_misses=0 passed=true 
run=1 100/list/json=true                     p90=  7.729ms p95=  8.607ms p99=  9.827ms max= 11.457ms target_misses=0 passed=true 
run=1 100/tree/json=false                    p90=  6.320ms p95=  7.022ms p99=  8.174ms max=  9.799ms target_misses=0 passed=true 
run=1 100/tree/json=true                     p90=  6.801ms p95=  7.123ms p99=  7.770ms max=  7.834ms target_misses=0 passed=true 
run=1 100/stats/json=false                   p90=  6.084ms p95=  6.489ms p99=  7.378ms max=  8.042ms target_misses=0 passed=true 
run=1 100/stats/json=true                    p90=  6.163ms p95=  6.673ms p99=  7.236ms max=  7.254ms target_misses=0 passed=true 
run=1 100/history/json=false                 p90=  5.760ms p95=  5.906ms p99=  6.772ms max=  6.788ms target_misses=0 passed=true 
run=1 100/history/json=true                  p90=  6.132ms p95=  6.586ms p99=  7.284ms max=  7.455ms target_misses=0 passed=true 
run=1 1000/list/json=false                   p90= 11.878ms p95= 12.549ms p99= 13.293ms max= 17.243ms target_misses=1 passed=true 
run=1 1000/list/json=true                    p90= 13.469ms p95= 17.374ms p99= 20.474ms max= 21.322ms target_misses=6 passed=true 
run=1 1000/tree/json=false                   p90= 13.782ms p95= 14.480ms p99= 15.161ms max= 18.529ms target_misses=3 passed=true 
run=1 1000/tree/json=true                    p90= 14.465ms p95= 15.406ms p99= 19.773ms max= 23.478ms target_misses=7 passed=true 
run=1 1000/stats/json=false                  p90= 13.538ms p95= 15.509ms p99= 18.618ms max= 19.922ms target_misses=7 passed=true 
run=1 1000/stats/json=true                   p90= 15.433ms p95= 17.660ms p99= 28.988ms max= 37.928ms target_misses=11 passed=false 
run=1 1000/history/json=false                p90=  6.514ms p95=  7.000ms p99=  8.806ms max=  8.808ms target_misses=0 passed=true 
run=1 1000/history/json=true                 p90=  6.832ms p95=  8.002ms p99= 10.318ms max= 11.033ms target_misses=0 passed=true 
run=2 --help/invalid-config=false            p90=  3.641ms p95=  3.783ms p99=  3.878ms max=  3.937ms target_misses=0 passed=true 
run=2 --version/invalid-config=false         p90=  4.149ms p95=  4.404ms p99=  5.350ms max=  5.842ms target_misses=3 passed=true 
run=2 --help/invalid-config=true             p90=  5.155ms p95=  5.438ms p99=  8.305ms max=  9.038ms target_misses=11 passed=false 
run=2 --version/invalid-config=true          p90=  4.562ms p95=  5.025ms p99=  7.424ms max=  8.182ms target_misses=6 passed=true 
run=2 0/list/json=false                      p90=  6.524ms p95=  7.571ms p99=  8.296ms max= 10.108ms target_misses=0 passed=true 
run=2 0/list/json=true                       p90=  7.874ms p95=  9.007ms p99=  9.904ms max= 10.852ms target_misses=0 passed=true 
run=2 0/tree/json=false                      p90=  8.173ms p95=  9.681ms p99= 10.536ms max= 13.539ms target_misses=0 passed=true 
run=2 0/tree/json=true                       p90= 12.095ms p95= 13.703ms p99= 17.325ms max= 25.170ms target_misses=4 passed=true 
run=2 0/stats/json=false                     p90= 11.358ms p95= 12.335ms p99= 20.260ms max= 20.913ms target_misses=5 passed=true 
run=2 0/stats/json=true                      p90= 14.088ms p95= 15.759ms p99= 20.066ms max= 24.706ms target_misses=6 passed=true 
run=2 0/history/json=false                   p90=  9.016ms p95=  9.638ms p99= 11.036ms max= 12.913ms target_misses=0 passed=true 
run=2 0/history/json=true                    p90=  8.451ms p95= 11.010ms p99= 15.836ms max= 17.714ms target_misses=2 passed=true 
run=2 100/list/json=false                    p90=  9.144ms p95=  9.750ms p99= 11.248ms max= 11.280ms target_misses=0 passed=true 
run=2 100/list/json=true                     p90=  6.919ms p95=  7.533ms p99=  8.047ms max=  8.603ms target_misses=0 passed=true 
run=2 100/tree/json=false                    p90=  9.492ms p95=  9.874ms p99= 11.255ms max= 11.371ms target_misses=0 passed=true 
run=2 100/tree/json=true                     p90=  7.464ms p95=  8.278ms p99= 12.187ms max= 15.781ms target_misses=1 passed=true 
run=2 100/stats/json=false                   p90=  6.467ms p95=  6.601ms p99=  6.781ms max=  6.885ms target_misses=0 passed=true 
run=2 100/stats/json=true                    p90=  6.450ms p95=  6.710ms p99=  7.123ms max=  7.123ms target_misses=0 passed=true 
run=2 100/history/json=false                 p90=  5.673ms p95=  5.997ms p99=  6.508ms max=  8.415ms target_misses=0 passed=true 
run=2 100/history/json=true                  p90=  5.615ms p95=  5.802ms p99=  5.988ms max=  6.055ms target_misses=0 passed=true 
run=2 1000/list/json=false                   p90= 11.710ms p95= 12.033ms p99= 13.309ms max= 18.987ms target_misses=1 passed=true 
run=2 1000/list/json=true                    p90= 13.378ms p95= 14.810ms p99= 17.756ms max= 21.717ms target_misses=5 passed=true 
run=2 1000/tree/json=false                   p90= 12.991ms p95= 13.766ms p99= 18.675ms max= 18.837ms target_misses=3 passed=true 
run=2 1000/tree/json=true                    p90= 15.028ms p95= 20.291ms p99= 21.597ms max= 22.043ms target_misses=11 passed=false 
run=2 1000/stats/json=false                  p90= 10.468ms p95= 10.949ms p99= 12.908ms max= 14.819ms target_misses=0 passed=true 
run=2 1000/stats/json=true                   p90= 10.618ms p95= 11.456ms p99= 15.409ms max= 18.447ms target_misses=2 passed=true 
run=2 1000/history/json=false                p90=  5.737ms p95=  5.936ms p99=  6.643ms max=  6.756ms target_misses=0 passed=true 
run=2 1000/history/json=true                 p90=  6.317ms p95=  6.593ms p99=  6.864ms max=  7.060ms target_misses=0 passed=true 
run=3 --help/invalid-config=false            p90=  3.929ms p95=  4.171ms p99=  4.493ms max=  4.580ms target_misses=0 passed=true 
run=3 --version/invalid-config=false         p90=  3.642ms p95=  3.716ms p99=  3.872ms max=  3.888ms target_misses=0 passed=true 
run=3 --help/invalid-config=true             p90=  3.872ms p95=  4.169ms p99=  4.392ms max=  4.634ms target_misses=0 passed=true 
run=3 --version/invalid-config=true          p90=  4.104ms p95=  4.221ms p99=  4.547ms max=  4.703ms target_misses=0 passed=true 
run=3 0/list/json=false                      p90=  6.826ms p95=  7.038ms p99=  7.503ms max=  7.626ms target_misses=0 passed=true 
run=3 0/list/json=true                       p90=  6.632ms p95=  6.732ms p99=  7.725ms max=  8.501ms target_misses=0 passed=true 
run=3 0/tree/json=false                      p90=  6.433ms p95=  6.823ms p99=  7.840ms max=  8.352ms target_misses=0 passed=true 
run=3 0/tree/json=true                       p90=  6.363ms p95=  7.082ms p99=  7.952ms max=  9.276ms target_misses=0 passed=true 
run=3 0/stats/json=false                     p90=  5.758ms p95=  6.400ms p99=  7.321ms max=  7.869ms target_misses=0 passed=true 
run=3 0/stats/json=true                      p90=  6.757ms p95=  7.236ms p99=  7.714ms max=  7.912ms target_misses=0 passed=true 
run=3 0/history/json=false                   p90=  6.034ms p95=  6.193ms p99=  6.491ms max=  8.289ms target_misses=0 passed=true 
run=3 0/history/json=true                    p90=  5.707ms p95=  6.161ms p99=  6.825ms max=  6.891ms target_misses=0 passed=true 
run=3 100/list/json=false                    p90=  6.186ms p95=  6.502ms p99=  7.172ms max=  7.899ms target_misses=0 passed=true 
run=3 100/list/json=true                     p90=  6.771ms p95=  7.261ms p99=  8.561ms max=  8.856ms target_misses=0 passed=true 
run=3 100/tree/json=false                    p90=  7.239ms p95=  7.609ms p99=  8.207ms max= 11.468ms target_misses=0 passed=true 
run=3 100/tree/json=true                     p90=  7.140ms p95=  7.491ms p99=  8.490ms max=  8.665ms target_misses=0 passed=true 
run=3 100/stats/json=false                   p90=  7.139ms p95=  7.542ms p99=  8.449ms max=  9.561ms target_misses=0 passed=true 
run=3 100/stats/json=true                    p90=  7.542ms p95=  8.538ms p99= 12.293ms max= 12.569ms target_misses=0 passed=true 
run=3 100/history/json=false                 p90=  5.992ms p95=  6.134ms p99=  6.715ms max=  7.115ms target_misses=0 passed=true 
run=3 100/history/json=true                  p90=  6.368ms p95=  7.234ms p99= 10.156ms max= 11.972ms target_misses=0 passed=true 
run=3 1000/list/json=false                   p90= 12.368ms p95= 12.622ms p99= 13.313ms max= 13.423ms target_misses=0 passed=true 
run=3 1000/list/json=true                    p90= 12.684ms p95= 13.232ms p99= 16.666ms max= 17.775ms target_misses=2 passed=true 
run=3 1000/tree/json=false                   p90= 21.090ms p95= 22.444ms p99= 24.864ms max= 31.669ms target_misses=53 passed=false 
run=3 1000/tree/json=true                    p90= 24.410ms p95= 26.818ms p99= 34.434ms max= 36.804ms target_misses=53 passed=false 
run=3 1000/stats/json=false                  p90= 16.915ms p95= 17.710ms p99= 24.761ms max= 25.881ms target_misses=22 passed=false 
run=3 1000/stats/json=true                   p90= 19.907ms p95= 22.586ms p99= 29.352ms max= 31.630ms target_misses=46 passed=false 
run=3 1000/history/json=false                p90= 11.000ms p95= 12.324ms p99= 15.096ms max= 23.774ms target_misses=2 passed=true 
run=3 1000/history/json=true                 p90= 10.398ms p95= 11.278ms p99= 13.142ms max= 14.931ms target_misses=0 passed=true 
exit status 1
make: *** [Makefile:177: bench-cli] Error 1
