mkdir -p "bin/"
CGO_ENABLED=0 go build -o "bin/tusk" ./cmd/tusk
go run ./scripts/cli-bench --binary "bin/tusk" --output "docs/verification-evidence/005/u6-hierarchy/cli-latency-after-cline.json"
run=1 --help/invalid-config=false            p90=  4.112ms p95=  4.284ms p99=  4.542ms max=  5.069ms target_misses=1 passed=true 
run=1 --version/invalid-config=false         p90=  3.967ms p95=  4.103ms p99=  4.738ms max=  4.913ms target_misses=0 passed=true 
run=1 --help/invalid-config=true             p90=  3.664ms p95=  3.781ms p99=  4.015ms max=  4.023ms target_misses=0 passed=true 
run=1 --version/invalid-config=true          p90=  3.527ms p95=  3.771ms p99=  4.053ms max=  4.165ms target_misses=0 passed=true 
run=1 0/list/json=false                      p90=  5.368ms p95=  5.527ms p99=  5.723ms max=  6.107ms target_misses=0 passed=true 
run=1 0/list/json=true                       p90=  5.338ms p95=  5.689ms p99=  5.900ms max=  6.285ms target_misses=0 passed=true 
run=1 0/tree/json=false                      p90=  5.606ms p95=  5.771ms p99=  5.903ms max=  5.933ms target_misses=0 passed=true 
run=1 0/tree/json=true                       p90=  5.908ms p95=  6.004ms p99=  6.566ms max=  6.748ms target_misses=0 passed=true 
run=1 0/stats/json=false                     p90=  5.411ms p95=  5.489ms p99=  5.679ms max=  6.201ms target_misses=0 passed=true 
run=1 0/stats/json=true                      p90=  5.519ms p95=  5.915ms p99=  6.387ms max=  6.844ms target_misses=0 passed=true 
run=1 0/history/json=false                   p90=  5.439ms p95=  5.644ms p99=  6.297ms max=  7.607ms target_misses=0 passed=true 
run=1 0/history/json=true                    p90=  5.468ms p95=  5.893ms p99=  6.158ms max=  6.370ms target_misses=0 passed=true 
run=1 100/list/json=false                    p90=  6.465ms p95=  6.652ms p99=  6.906ms max=  7.181ms target_misses=0 passed=true 
run=1 100/list/json=true                     p90=  6.390ms p95=  6.837ms p99=  7.925ms max=  8.733ms target_misses=0 passed=true 
run=1 100/tree/json=false                    p90=  5.958ms p95=  6.271ms p99=  7.545ms max=  7.694ms target_misses=0 passed=true 
run=1 100/tree/json=true                     p90=  6.427ms p95=  6.792ms p99=  7.610ms max=  7.948ms target_misses=0 passed=true 
run=1 100/stats/json=false                   p90=  6.245ms p95=  6.442ms p99=  7.000ms max=  7.869ms target_misses=0 passed=true 
run=1 100/stats/json=true                    p90=  5.827ms p95=  6.135ms p99=  6.512ms max=  7.098ms target_misses=0 passed=true 
run=1 100/history/json=false                 p90=  5.377ms p95=  5.576ms p99=  6.564ms max=  8.135ms target_misses=0 passed=true 
run=1 100/history/json=true                  p90=  5.690ms p95=  5.862ms p99=  6.127ms max=  6.220ms target_misses=0 passed=true 
run=1 1000/list/json=false                   p90= 11.465ms p95= 11.828ms p99= 13.161ms max= 15.559ms target_misses=1 passed=true 
run=1 1000/list/json=true                    p90= 12.158ms p95= 13.889ms p99= 18.790ms max= 19.251ms target_misses=5 passed=true 
run=1 1000/tree/json=false                   p90= 12.292ms p95= 12.529ms p99= 13.353ms max= 18.864ms target_misses=1 passed=true 
run=1 1000/tree/json=true                    p90= 13.885ms p95= 15.470ms p99= 19.888ms max= 22.189ms target_misses=7 passed=true 
run=1 1000/stats/json=false                  p90=  9.835ms p95= 10.164ms p99= 11.572ms max= 15.622ms target_misses=1 passed=true 
run=1 1000/stats/json=true                   p90= 10.117ms p95= 10.256ms p99= 12.778ms max= 15.595ms target_misses=1 passed=true 
run=1 1000/history/json=false                p90=  5.830ms p95=  6.009ms p99=  6.161ms max=  7.018ms target_misses=0 passed=true 
run=1 1000/history/json=true                 p90=  6.244ms p95=  7.096ms p99=  9.009ms max= 10.613ms target_misses=0 passed=true 
run=2 --help/invalid-config=false            p90=  3.524ms p95=  3.658ms p99=  3.871ms max=  4.047ms target_misses=0 passed=true 
run=2 --version/invalid-config=false         p90=  3.535ms p95=  3.631ms p99=  4.510ms max=  4.961ms target_misses=0 passed=true 
run=2 --help/invalid-config=true             p90=  3.591ms p95=  3.740ms p99=  4.012ms max=  4.345ms target_misses=0 passed=true 
run=2 --version/invalid-config=true          p90=  3.594ms p95=  3.645ms p99=  4.271ms max=  4.305ms target_misses=0 passed=true 
run=2 0/list/json=false                      p90=  5.634ms p95=  6.104ms p99=  6.749ms max=  7.224ms target_misses=0 passed=true 
run=2 0/list/json=true                       p90=  5.674ms p95=  6.171ms p99=  6.346ms max=  6.571ms target_misses=0 passed=true 
run=2 0/tree/json=false                      p90=  5.456ms p95=  5.824ms p99=  6.174ms max=  6.328ms target_misses=0 passed=true 
run=2 0/tree/json=true                       p90=  5.375ms p95=  5.623ms p99=  5.735ms max=  5.981ms target_misses=0 passed=true 
run=2 0/stats/json=false                     p90=  5.393ms p95=  5.511ms p99=  6.136ms max=  6.267ms target_misses=0 passed=true 
run=2 0/stats/json=true                      p90=  5.646ms p95=  5.772ms p99=  5.931ms max=  6.046ms target_misses=0 passed=true 
run=2 0/history/json=false                   p90=  5.777ms p95=  6.097ms p99=  7.879ms max=  8.371ms target_misses=0 passed=true 
run=2 0/history/json=true                    p90=  5.631ms p95=  5.876ms p99=  6.745ms max=  7.172ms target_misses=0 passed=true 
run=2 100/list/json=false                    p90=  5.880ms p95=  6.018ms p99=  7.533ms max=  7.678ms target_misses=0 passed=true 
run=2 100/list/json=true                     p90=  6.394ms p95=  6.669ms p99=  6.989ms max=  7.809ms target_misses=0 passed=true 
run=2 100/tree/json=false                    p90=  6.569ms p95=  6.890ms p99=  7.222ms max=  7.556ms target_misses=0 passed=true 
run=2 100/tree/json=true                     p90=  6.506ms p95=  6.711ms p99=  7.165ms max=  9.195ms target_misses=0 passed=true 
run=2 100/stats/json=false                   p90=  5.688ms p95=  6.192ms p99=  6.863ms max=  7.005ms target_misses=0 passed=true 
run=2 100/stats/json=true                    p90=  6.014ms p95=  6.143ms p99=  6.422ms max=  6.643ms target_misses=0 passed=true 
run=2 100/history/json=false                 p90=  5.740ms p95=  5.886ms p99=  6.264ms max=  6.734ms target_misses=0 passed=true 
run=2 100/history/json=true                  p90=  5.835ms p95=  6.046ms p99=  6.136ms max=  6.320ms target_misses=0 passed=true 
run=2 1000/list/json=false                   p90= 11.437ms p95= 11.608ms p99= 12.186ms max= 18.767ms target_misses=1 passed=true 
run=2 1000/list/json=true                    p90= 13.759ms p95= 19.237ms p99= 20.697ms max= 20.914ms target_misses=10 passed=true 
run=2 1000/tree/json=false                   p90= 12.304ms p95= 12.494ms p99= 13.801ms max= 18.107ms target_misses=1 passed=true 
run=2 1000/tree/json=true                    p90= 14.291ms p95= 18.498ms p99= 21.047ms max= 21.084ms target_misses=9 passed=true 
run=2 1000/stats/json=false                  p90= 10.175ms p95= 10.428ms p99= 11.980ms max= 14.155ms target_misses=0 passed=true 
run=2 1000/stats/json=true                   p90= 10.523ms p95= 11.206ms p99= 16.566ms max= 18.340ms target_misses=2 passed=true 
run=2 1000/history/json=false                p90=  5.700ms p95=  6.002ms p99=  6.891ms max=  7.008ms target_misses=0 passed=true 
run=2 1000/history/json=true                 p90=  5.798ms p95=  6.075ms p99=  6.325ms max=  6.543ms target_misses=0 passed=true 
run=3 --help/invalid-config=false            p90=  3.431ms p95=  3.527ms p99=  4.098ms max=  4.641ms target_misses=0 passed=true 
run=3 --version/invalid-config=false         p90=  3.889ms p95=  4.168ms p99=  4.864ms max=  6.089ms target_misses=1 passed=true 
run=3 --help/invalid-config=true             p90=  3.625ms p95=  3.944ms p99=  4.985ms max=  8.321ms target_misses=1 passed=true 
run=3 --version/invalid-config=true          p90=  3.565ms p95=  3.634ms p99=  4.160ms max=  4.544ms target_misses=0 passed=true 
run=3 0/list/json=false                      p90=  5.244ms p95=  5.417ms p99=  6.021ms max=  6.485ms target_misses=0 passed=true 
run=3 0/list/json=true                       p90=  5.251ms p95=  5.491ms p99=  5.947ms max=  6.191ms target_misses=0 passed=true 
run=3 0/tree/json=false                      p90=  5.338ms p95=  5.561ms p99=  6.224ms max=  6.384ms target_misses=0 passed=true 
run=3 0/tree/json=true                       p90=  6.013ms p95=  6.570ms p99=  8.172ms max= 11.538ms target_misses=0 passed=true 
run=3 0/stats/json=false                     p90=  5.421ms p95=  5.617ms p99=  6.244ms max=  6.351ms target_misses=0 passed=true 
run=3 0/stats/json=true                      p90=  5.439ms p95=  5.805ms p99=  6.840ms max=  6.849ms target_misses=0 passed=true 
run=3 0/history/json=false                   p90=  5.411ms p95=  5.619ms p99=  6.314ms max=  7.442ms target_misses=0 passed=true 
run=3 0/history/json=true                    p90=  5.757ms p95=  5.960ms p99=  6.619ms max=  6.715ms target_misses=0 passed=true 
run=3 100/list/json=false                    p90=  6.287ms p95=  6.425ms p99=  6.954ms max=  7.046ms target_misses=0 passed=true 
run=3 100/list/json=true                     p90=  6.206ms p95=  6.306ms p99=  6.497ms max=  7.011ms target_misses=0 passed=true 
run=3 100/tree/json=false                    p90=  6.090ms p95=  6.243ms p99=  6.605ms max=  6.853ms target_misses=0 passed=true 
run=3 100/tree/json=true                     p90=  6.561ms p95=  6.822ms p99=  8.847ms max=  8.894ms target_misses=0 passed=true 
run=3 100/stats/json=false                   p90=  6.337ms p95=  6.620ms p99=  6.877ms max=  6.977ms target_misses=0 passed=true 
run=3 100/stats/json=true                    p90=  5.992ms p95=  6.185ms p99=  6.584ms max=  6.664ms target_misses=0 passed=true 
run=3 100/history/json=false                 p90=  5.567ms p95=  5.789ms p99=  6.275ms max=  7.063ms target_misses=0 passed=true 
run=3 100/history/json=true                  p90=  5.625ms p95=  5.850ms p99=  6.367ms max=  6.400ms target_misses=0 passed=true 
run=3 1000/list/json=false                   p90= 11.443ms p95= 11.680ms p99= 12.193ms max= 13.543ms target_misses=0 passed=true 
run=3 1000/list/json=true                    p90= 12.662ms p95= 14.846ms p99= 19.451ms max= 19.764ms target_misses=5 passed=true 
run=3 1000/tree/json=false                   p90= 12.046ms p95= 12.153ms p99= 12.351ms max= 12.375ms target_misses=0 passed=true 
run=3 1000/tree/json=true                    p90= 14.244ms p95= 17.651ms p99= 20.793ms max= 21.384ms target_misses=9 passed=true 
run=3 1000/stats/json=false                  p90=  9.905ms p95= 10.085ms p99= 10.570ms max= 10.737ms target_misses=0 passed=true 
run=3 1000/stats/json=true                   p90=  9.842ms p95=  9.999ms p99= 10.768ms max= 16.646ms target_misses=1 passed=true 
run=3 1000/history/json=false                p90=  5.765ms p95=  6.113ms p99=  6.407ms max=  6.835ms target_misses=0 passed=true 
run=3 1000/history/json=true                 p90=  5.565ms p95=  5.828ms p99=  7.102ms max=  8.043ms target_misses=0 passed=true 
