mkdir -p "bin/"
CGO_ENABLED=0 go build -o "bin/tusk" ./cmd/tusk
go run ./scripts/cli-bench --binary "bin/tusk" --output "docs/verification-evidence/005/u6-hierarchy/cli-latency.json"
run=1 --help/invalid-config=false            p90=  4.779ms p95=  4.924ms p99=  5.662ms max=  6.336ms target_misses=4 passed=true 
run=1 --version/invalid-config=false         p90=  5.287ms p95=  6.020ms p99=  6.563ms max=  7.531ms target_misses=19 passed=false 
run=1 --help/invalid-config=true             p90=  5.796ms p95=  5.998ms p99=  7.315ms max=  7.523ms target_misses=25 passed=false 
run=1 --version/invalid-config=true          p90=  5.164ms p95=  5.490ms p99=  6.521ms max=  7.863ms target_misses=12 passed=false 
run=1 0/list/json=false                      p90=  7.045ms p95=  7.518ms p99=  8.156ms max=  9.865ms target_misses=0 passed=true 
run=1 0/list/json=true                       p90=  8.994ms p95= 10.253ms p99= 12.127ms max= 13.117ms target_misses=0 passed=true 
run=1 0/tree/json=false                      p90=  5.542ms p95=  6.030ms p99=  6.557ms max=  6.857ms target_misses=0 passed=true 
run=1 0/tree/json=true                       p90=  9.925ms p95= 12.906ms p99= 14.444ms max= 19.532ms target_misses=1 passed=true 
run=1 0/stats/json=false                     p90=  7.494ms p95=  7.926ms p99=  9.099ms max=  9.831ms target_misses=0 passed=true 
run=1 0/stats/json=true                      p90=  6.912ms p95=  7.174ms p99=  7.973ms max=  8.556ms target_misses=0 passed=true 
run=1 0/history/json=false                   p90=  6.165ms p95=  6.435ms p99=  6.923ms max=  7.450ms target_misses=0 passed=true 
run=1 0/history/json=true                    p90=  5.967ms p95=  6.257ms p99=  6.881ms max=  7.072ms target_misses=0 passed=true 
run=1 100/list/json=false                    p90=  6.413ms p95=  7.014ms p99=  7.709ms max=  8.761ms target_misses=0 passed=true 
run=1 100/list/json=true                     p90=  7.330ms p95=  7.833ms p99=  8.475ms max=  9.791ms target_misses=0 passed=true 
run=1 100/tree/json=false                    p90=  6.334ms p95=  6.400ms p99=  7.179ms max=  7.240ms target_misses=0 passed=true 
run=1 100/tree/json=true                     p90=  7.153ms p95=  7.638ms p99=  8.289ms max=  9.534ms target_misses=0 passed=true 
run=1 100/stats/json=false                   p90=  7.214ms p95=  7.451ms p99=  8.099ms max=  8.945ms target_misses=0 passed=true 
run=1 100/stats/json=true                    p90=  8.027ms p95=  8.575ms p99=  9.852ms max=  9.892ms target_misses=0 passed=true 
run=1 100/history/json=false                 p90=  6.294ms p95=  6.770ms p99=  7.026ms max=  7.087ms target_misses=0 passed=true 
run=1 100/history/json=true                  p90=  5.978ms p95=  6.239ms p99=  6.579ms max=  6.663ms target_misses=0 passed=true 
run=1 1000/list/json=false                   p90= 11.951ms p95= 12.594ms p99= 13.714ms max= 14.390ms target_misses=0 passed=true 
run=1 1000/list/json=true                    p90= 12.410ms p95= 13.282ms p99= 14.970ms max= 18.453ms target_misses=1 passed=true 
run=1 1000/tree/json=false                   p90= 12.578ms p95= 12.883ms p99= 13.183ms max= 13.959ms target_misses=0 passed=true 
run=1 1000/tree/json=true                    p90= 13.524ms p95= 14.420ms p99= 15.566ms max= 17.833ms target_misses=2 passed=true 
run=1 1000/stats/json=false                  p90= 11.215ms p95= 11.392ms p99= 12.174ms max= 12.854ms target_misses=0 passed=true 
run=1 1000/stats/json=true                   p90= 10.764ms p95= 11.122ms p99= 12.554ms max= 15.425ms target_misses=1 passed=true 
run=1 1000/history/json=false                p90=  6.902ms p95=  7.291ms p99=  9.812ms max= 13.103ms target_misses=0 passed=true 
run=1 1000/history/json=true                 p90=  6.257ms p95=  6.801ms p99=  7.538ms max=  8.102ms target_misses=0 passed=true 
run=2 --help/invalid-config=false            p90=  3.976ms p95=  4.300ms p99=  5.031ms max=  5.539ms target_misses=2 passed=true 
run=2 --version/invalid-config=false         p90=  4.759ms p95=  6.125ms p99=  7.751ms max=  8.443ms target_misses=8 passed=true 
run=2 --help/invalid-config=true             p90=  3.783ms p95=  4.080ms p99=  4.600ms max=  5.322ms target_misses=1 passed=true 
run=2 --version/invalid-config=true          p90=  3.880ms p95=  4.077ms p99=  5.139ms max=  5.302ms target_misses=2 passed=true 
run=2 0/list/json=false                      p90=  7.195ms p95=  7.693ms p99=  8.374ms max=  8.761ms target_misses=0 passed=true 
run=2 0/list/json=true                       p90=  6.676ms p95=  7.120ms p99=  7.742ms max=  8.277ms target_misses=0 passed=true 
run=2 0/tree/json=false                      p90=  6.576ms p95=  7.489ms p99= 10.143ms max= 14.908ms target_misses=0 passed=true 
run=2 0/tree/json=true                       p90=  6.177ms p95=  6.332ms p99=  6.540ms max=  7.622ms target_misses=0 passed=true 
run=2 0/stats/json=false                     p90=  9.490ms p95=  9.631ms p99= 11.692ms max= 13.846ms target_misses=0 passed=true 
run=2 0/stats/json=true                      p90=  6.479ms p95=  6.610ms p99=  7.500ms max=  8.110ms target_misses=0 passed=true 
run=2 0/history/json=false                   p90=  5.595ms p95=  5.950ms p99=  6.466ms max=  6.850ms target_misses=0 passed=true 
run=2 0/history/json=true                    p90=  9.422ms p95= 10.825ms p99= 13.752ms max= 14.302ms target_misses=0 passed=true 
run=2 100/list/json=false                    p90=  6.341ms p95=  6.922ms p99=  7.720ms max=  7.746ms target_misses=0 passed=true 
run=2 100/list/json=true                     p90=  6.578ms p95=  7.299ms p99=  8.605ms max=  9.375ms target_misses=0 passed=true 
run=2 100/tree/json=false                    p90=  6.931ms p95=  7.193ms p99=  8.187ms max=  8.296ms target_misses=0 passed=true 
run=2 100/tree/json=true                     p90=  7.160ms p95=  8.249ms p99=  9.242ms max=  9.689ms target_misses=0 passed=true 
run=2 100/stats/json=false                   p90=  6.085ms p95=  6.288ms p99=  6.741ms max=  7.509ms target_misses=0 passed=true 
run=2 100/stats/json=true                    p90=  6.286ms p95=  6.598ms p99=  7.104ms max=  7.498ms target_misses=0 passed=true 
run=2 100/history/json=false                 p90=  6.053ms p95=  6.266ms p99=  7.445ms max=  7.449ms target_misses=0 passed=true 
run=2 100/history/json=true                  p90=  6.041ms p95=  6.770ms p99=  7.277ms max=  7.362ms target_misses=0 passed=true 
run=2 1000/list/json=false                   p90= 11.494ms p95= 11.809ms p99= 12.440ms max= 17.628ms target_misses=1 passed=true 
run=2 1000/list/json=true                    p90= 12.665ms p95= 14.785ms p99= 17.841ms max= 18.935ms target_misses=5 passed=true 
run=2 1000/tree/json=false                   p90= 12.783ms p95= 13.042ms p99= 14.745ms max= 17.088ms target_misses=1 passed=true 
run=2 1000/tree/json=true                    p90= 14.460ms p95= 15.585ms p99= 19.966ms max= 21.923ms target_misses=7 passed=true 
run=2 1000/stats/json=false                  p90= 12.915ms p95= 15.212ms p99= 17.815ms max= 20.938ms target_misses=6 passed=true 
run=2 1000/stats/json=true                   p90= 10.791ms p95= 11.113ms p99= 12.265ms max= 13.697ms target_misses=0 passed=true 
run=2 1000/history/json=false                p90=  8.071ms p95=  9.460ms p99= 15.382ms max= 15.960ms target_misses=2 passed=true 
run=2 1000/history/json=true                 p90=  8.462ms p95=  9.170ms p99= 11.889ms max= 12.626ms target_misses=0 passed=true 
run=3 --help/invalid-config=false            p90=  4.842ms p95=  5.414ms p99=  7.160ms max=  7.758ms target_misses=8 passed=true 
run=3 --version/invalid-config=false         p90=  4.230ms p95=  4.551ms p99=  5.409ms max=  5.815ms target_misses=2 passed=true 
run=3 --help/invalid-config=true             p90=  4.070ms p95=  4.387ms p99=  4.958ms max=  5.017ms target_misses=1 passed=true 
run=3 --version/invalid-config=true          p90=  4.248ms p95=  4.724ms p99=  7.083ms max=  7.471ms target_misses=5 passed=true 
run=3 0/list/json=false                      p90=  5.447ms p95=  5.695ms p99=  6.118ms max=  7.007ms target_misses=0 passed=true 
run=3 0/list/json=true                       p90=  6.420ms p95=  6.660ms p99=  7.168ms max=  7.226ms target_misses=0 passed=true 
run=3 0/tree/json=false                      p90=  6.948ms p95=  7.531ms p99=  8.287ms max=  8.869ms target_misses=0 passed=true 
run=3 0/tree/json=true                       p90=  6.273ms p95=  6.471ms p99=  6.961ms max= 10.163ms target_misses=0 passed=true 
run=3 0/stats/json=false                     p90=  6.420ms p95=  6.895ms p99=  7.716ms max=  8.879ms target_misses=0 passed=true 
run=3 0/stats/json=true                      p90=  7.236ms p95=  8.109ms p99=  9.807ms max= 10.501ms target_misses=0 passed=true 
run=3 0/history/json=false                   p90=  6.195ms p95=  6.679ms p99=  8.011ms max=  9.665ms target_misses=0 passed=true 
run=3 0/history/json=true                    p90=  8.153ms p95= 11.850ms p99= 17.549ms max= 23.512ms target_misses=2 passed=true 
run=3 100/list/json=false                    p90=  8.202ms p95=  9.662ms p99= 11.460ms max= 11.499ms target_misses=0 passed=true 
run=3 100/list/json=true                     p90=  6.837ms p95=  7.719ms p99=  9.002ms max=  9.487ms target_misses=0 passed=true 
run=3 100/tree/json=false                    p90=  7.207ms p95=  7.713ms p99=  8.528ms max=  9.826ms target_misses=0 passed=true 
run=3 100/tree/json=true                     p90= 22.374ms p95= 26.379ms p99= 43.412ms max= 45.409ms target_misses=36 passed=false 
run=3 100/stats/json=false                   p90= 14.697ms p95= 16.716ms p99= 21.667ms max= 24.835ms target_misses=10 passed=true 
run=3 100/stats/json=true                    p90= 10.486ms p95= 11.460ms p99= 12.403ms max= 12.603ms target_misses=0 passed=true 
run=3 100/history/json=false                 p90=  8.443ms p95= 10.056ms p99= 12.046ms max= 15.146ms target_misses=1 passed=true 
run=3 100/history/json=true                  p90=  6.842ms p95=  7.798ms p99=  8.301ms max=  8.907ms target_misses=0 passed=true 
run=3 1000/list/json=false                   p90= 12.133ms p95= 13.023ms p99= 18.447ms max= 19.440ms target_misses=4 passed=true 
run=3 1000/list/json=true                    p90= 12.783ms p95= 13.403ms p99= 14.194ms max= 17.737ms target_misses=1 passed=true 
run=3 1000/tree/json=false                   p90= 12.879ms p95= 13.029ms p99= 13.735ms max= 14.454ms target_misses=0 passed=true 
run=3 1000/tree/json=true                    p90= 14.314ms p95= 15.095ms p99= 18.380ms max= 20.673ms target_misses=6 passed=true 
run=3 1000/stats/json=false                  p90= 10.198ms p95= 10.559ms p99= 10.944ms max= 13.012ms target_misses=0 passed=true 
run=3 1000/stats/json=true                   p90= 10.482ms p95= 10.983ms p99= 14.947ms max= 16.121ms target_misses=1 passed=true 
run=3 1000/history/json=false                p90=  5.939ms p95=  6.162ms p99=  6.686ms max=  7.159ms target_misses=0 passed=true 
run=3 1000/history/json=true                 p90=  6.164ms p95=  7.021ms p99=  7.949ms max=  9.956ms target_misses=0 passed=true 
exit status 1
make: *** [Makefile:177: bench-cli] Error 1
