mkdir -p "bin/"
CGO_ENABLED=0 go build -o "bin/tusk" ./cmd/tusk
go run ./scripts/cli-bench --binary "bin/tusk" --output "/home/newbpydev/Development/Xoomby/tusk/docs/verification-evidence/005/u6-hierarchy/control-cli.json"
run=1 --help/invalid-config=false            p90=  5.218ms p95=  5.554ms p99=  6.782ms max=  7.023ms target_misses=14 passed=false 
run=1 --version/invalid-config=false         p90=  4.865ms p95=  5.159ms p99=  6.312ms max=  6.649ms target_misses=7 passed=true 
run=1 --help/invalid-config=true             p90=  4.501ms p95=  4.732ms p99=  6.193ms max=  6.691ms target_misses=4 passed=true 
run=1 --version/invalid-config=true          p90=  4.096ms p95=  4.295ms p99=  4.628ms max=  4.700ms target_misses=0 passed=true 
run=1 0/list/json=false                      p90=  6.848ms p95=  7.298ms p99=  8.405ms max=  9.785ms target_misses=0 passed=true 
run=1 0/list/json=true                       p90=  6.558ms p95=  6.822ms p99=  8.353ms max=  8.451ms target_misses=0 passed=true 
run=1 0/tree/json=false                      p90=  6.871ms p95=  7.922ms p99=  8.658ms max=  8.680ms target_misses=0 passed=true 
run=1 0/tree/json=true                       p90=  8.447ms p95=  8.877ms p99= 11.779ms max= 12.168ms target_misses=0 passed=true 
run=1 0/stats/json=false                     p90=  7.652ms p95=  8.348ms p99=  8.926ms max= 10.131ms target_misses=0 passed=true 
run=1 0/stats/json=true                      p90=  6.814ms p95=  7.189ms p99=  7.947ms max=  9.956ms target_misses=0 passed=true 
run=1 0/history/json=false                   p90=  6.530ms p95=  7.201ms p99=  8.125ms max=  8.222ms target_misses=0 passed=true 
run=1 0/history/json=true                    p90=  8.075ms p95=  8.650ms p99=  9.434ms max= 11.988ms target_misses=0 passed=true 
run=1 100/list/json=false                    p90=  7.491ms p95=  7.701ms p99=  8.650ms max= 13.771ms target_misses=0 passed=true 
run=1 100/list/json=true                     p90=  7.014ms p95=  7.984ms p99=  8.240ms max=  8.349ms target_misses=0 passed=true 
run=1 100/tree/json=false                    p90=  7.857ms p95=  8.464ms p99=  9.245ms max=  9.788ms target_misses=0 passed=true 
run=1 100/tree/json=true                     p90=  8.081ms p95=  8.374ms p99=  9.069ms max=  9.225ms target_misses=0 passed=true 
run=1 100/stats/json=false                   p90=  8.637ms p95=  9.405ms p99= 11.420ms max= 30.575ms target_misses=1 passed=true 
run=1 100/stats/json=true                    p90=  8.061ms p95=  9.050ms p99= 10.712ms max= 11.637ms target_misses=0 passed=true 
run=1 100/history/json=false                 p90=  8.928ms p95= 10.017ms p99= 13.485ms max= 23.559ms target_misses=1 passed=true 
run=1 100/history/json=true                  p90=  7.423ms p95=  8.915ms p99= 11.604ms max= 11.778ms target_misses=0 passed=true 
run=1 1000/list/json=false                   p90= 13.332ms p95= 13.699ms p99= 16.134ms max= 16.756ms target_misses=2 passed=true 
run=1 1000/list/json=true                    p90= 13.717ms p95= 15.137ms p99= 15.920ms max= 18.503ms target_misses=6 passed=true 
run=1 1000/tree/json=false                   p90= 15.098ms p95= 16.504ms p99= 17.668ms max= 17.740ms target_misses=11 passed=false 
run=1 1000/tree/json=true                    p90= 15.077ms p95= 16.622ms p99= 18.443ms max= 18.844ms target_misses=11 passed=false 
run=1 1000/stats/json=false                  p90= 11.412ms p95= 11.998ms p99= 13.231ms max= 13.265ms target_misses=0 passed=true 
run=1 1000/stats/json=true                   p90= 11.478ms p95= 12.007ms p99= 13.519ms max= 13.823ms target_misses=0 passed=true 
run=1 1000/history/json=false                p90=  6.795ms p95=  7.017ms p99=  8.019ms max=  8.729ms target_misses=0 passed=true 
run=1 1000/history/json=true                 p90=  7.697ms p95=  7.977ms p99=  8.673ms max=  9.612ms target_misses=0 passed=true 
run=2 --help/invalid-config=false            p90=  4.889ms p95=  5.205ms p99=  5.638ms max=  6.534ms target_misses=9 passed=true 
run=2 --version/invalid-config=false         p90=  4.877ms p95=  5.468ms p99=  5.820ms max=  6.098ms target_misses=9 passed=true 
run=2 --help/invalid-config=true             p90=  4.559ms p95=  4.749ms p99=  5.314ms max=  6.011ms target_misses=3 passed=true 
run=2 --version/invalid-config=true          p90=  4.573ms p95=  4.934ms p99=  5.824ms max=  6.083ms target_misses=4 passed=true 
run=2 0/list/json=false                      p90=  6.690ms p95=  6.857ms p99=  7.779ms max=  8.199ms target_misses=0 passed=true 
run=2 0/list/json=true                       p90=  7.500ms p95=  7.651ms p99=  8.883ms max=  9.106ms target_misses=0 passed=true 
run=2 0/tree/json=false                      p90=  6.839ms p95=  7.312ms p99=  8.834ms max= 10.269ms target_misses=0 passed=true 
run=2 0/tree/json=true                       p90=  6.502ms p95=  6.903ms p99=  7.319ms max=  7.439ms target_misses=0 passed=true 
run=2 0/stats/json=false                     p90=  6.753ms p95=  7.261ms p99=  8.072ms max=  8.166ms target_misses=0 passed=true 
run=2 0/stats/json=true                      p90=  7.173ms p95=  7.748ms p99=  9.356ms max=  9.756ms target_misses=0 passed=true 
run=2 0/history/json=false                   p90=  6.919ms p95=  7.712ms p99=  8.449ms max=  9.954ms target_misses=0 passed=true 
run=2 0/history/json=true                    p90=  6.794ms p95=  7.486ms p99=  8.214ms max=  8.819ms target_misses=0 passed=true 
run=2 100/list/json=false                    p90=  8.680ms p95=  9.140ms p99= 14.035ms max= 27.630ms target_misses=1 passed=true 
run=2 100/list/json=true                     p90=  7.128ms p95=  7.409ms p99=  8.338ms max=  8.471ms target_misses=0 passed=true 
run=2 100/tree/json=false                    p90=  8.146ms p95=  9.051ms p99=  9.787ms max= 10.526ms target_misses=0 passed=true 
run=2 100/tree/json=true                     p90=  8.593ms p95=  8.905ms p99=  9.251ms max= 10.852ms target_misses=0 passed=true 
run=2 100/stats/json=false                   p90=  7.504ms p95=  7.864ms p99=  8.561ms max=  8.967ms target_misses=0 passed=true 
run=2 100/stats/json=true                    p90=  7.309ms p95=  7.752ms p99=  9.487ms max=  9.626ms target_misses=0 passed=true 
run=2 100/history/json=false                 p90=  7.882ms p95=  8.146ms p99=  9.350ms max=  9.721ms target_misses=0 passed=true 
run=2 100/history/json=true                  p90=  7.513ms p95=  8.125ms p99=  8.591ms max=  9.553ms target_misses=0 passed=true 
run=2 1000/list/json=false                   p90= 12.884ms p95= 13.324ms p99= 14.158ms max= 17.683ms target_misses=1 passed=true 
run=2 1000/list/json=true                    p90= 13.081ms p95= 13.932ms p99= 15.787ms max= 17.173ms target_misses=4 passed=true 
run=2 1000/tree/json=false                   p90= 14.402ms p95= 16.206ms p99= 17.209ms max= 19.647ms target_misses=9 passed=true 
run=2 1000/tree/json=true                    p90= 14.602ms p95= 15.196ms p99= 20.264ms max= 21.000ms target_misses=7 passed=true 
run=2 1000/stats/json=false                  p90= 10.531ms p95= 10.885ms p99= 11.697ms max= 12.497ms target_misses=0 passed=true 
run=2 1000/stats/json=true                   p90= 10.967ms p95= 11.266ms p99= 11.472ms max= 11.537ms target_misses=0 passed=true 
run=2 1000/history/json=false                p90=  6.371ms p95=  6.594ms p99=  7.119ms max=  7.175ms target_misses=0 passed=true 
run=2 1000/history/json=true                 p90=  6.289ms p95=  6.603ms p99=  7.297ms max=  7.307ms target_misses=0 passed=true 
run=3 --help/invalid-config=false            p90=  3.908ms p95=  4.105ms p99=  4.874ms max=  5.007ms target_misses=1 passed=true 
run=3 --version/invalid-config=false         p90=  4.153ms p95=  4.520ms p99=  5.165ms max=  5.336ms target_misses=2 passed=true 
run=3 --help/invalid-config=true             p90=  4.101ms p95=  4.287ms p99=  4.718ms max=  4.761ms target_misses=0 passed=true 
run=3 --version/invalid-config=true          p90=  4.321ms p95=  4.570ms p99=  5.198ms max=  6.073ms target_misses=2 passed=true 
run=3 0/list/json=false                      p90=  6.038ms p95=  6.435ms p99=  7.853ms max=  8.546ms target_misses=0 passed=true 
run=3 0/list/json=true                       p90=  6.161ms p95=  6.276ms p99=  7.091ms max=  7.165ms target_misses=0 passed=true 
run=3 0/tree/json=false                      p90=  6.221ms p95=  6.286ms p99=  6.499ms max=  6.846ms target_misses=0 passed=true 
run=3 0/tree/json=true                       p90=  6.218ms p95=  6.410ms p99=  6.728ms max=  6.997ms target_misses=0 passed=true 
run=3 0/stats/json=false                     p90=  6.232ms p95=  6.462ms p99=  7.031ms max=  7.416ms target_misses=0 passed=true 
run=3 0/stats/json=true                      p90=  6.021ms p95=  6.544ms p99=  7.112ms max=  7.444ms target_misses=0 passed=true 
run=3 0/history/json=false                   p90=  6.453ms p95=  6.902ms p99=  7.194ms max=  7.847ms target_misses=0 passed=true 
run=3 0/history/json=true                    p90=  6.176ms p95=  6.491ms p99=  6.878ms max=  6.918ms target_misses=0 passed=true 
run=3 100/list/json=false                    p90=  6.689ms p95=  7.143ms p99=  7.630ms max=  7.673ms target_misses=0 passed=true 
run=3 100/list/json=true                     p90=  6.833ms p95=  7.097ms p99=  7.237ms max=  7.307ms target_misses=0 passed=true 
run=3 100/tree/json=false                    p90=  7.079ms p95=  7.383ms p99=  8.223ms max=  8.324ms target_misses=0 passed=true 
run=3 100/tree/json=true                     p90=  7.347ms p95=  7.709ms p99=  8.579ms max=  8.689ms target_misses=0 passed=true 
run=3 100/stats/json=false                   p90=  6.923ms p95=  7.052ms p99=  7.762ms max=  8.147ms target_misses=0 passed=true 
run=3 100/stats/json=true                    p90=  7.119ms p95=  7.456ms p99=  7.932ms max=  8.193ms target_misses=0 passed=true 
run=3 100/history/json=false                 p90=  6.217ms p95=  6.417ms p99=  6.600ms max=  7.286ms target_misses=0 passed=true 
run=3 100/history/json=true                  p90=  6.380ms p95=  6.741ms p99=  7.347ms max=  7.561ms target_misses=0 passed=true 
run=3 1000/list/json=false                   p90= 12.097ms p95= 12.345ms p99= 12.919ms max= 13.400ms target_misses=0 passed=true 
run=3 1000/list/json=true                    p90= 12.449ms p95= 14.480ms p99= 16.609ms max= 16.986ms target_misses=3 passed=true 
run=3 1000/tree/json=false                   p90= 13.094ms p95= 13.433ms p99= 15.728ms max= 19.642ms target_misses=2 passed=true 
run=3 1000/tree/json=true                    p90= 14.316ms p95= 15.478ms p99= 20.136ms max= 21.943ms target_misses=6 passed=true 
run=3 1000/stats/json=false                  p90= 10.618ms p95= 10.924ms p99= 11.871ms max= 12.322ms target_misses=0 passed=true 
run=3 1000/stats/json=true                   p90= 10.776ms p95= 11.019ms p99= 12.183ms max= 14.274ms target_misses=0 passed=true 
run=3 1000/history/json=false                p90=  6.374ms p95=  6.555ms p99=  6.933ms max=  7.870ms target_misses=0 passed=true 
run=3 1000/history/json=true                 p90=  6.466ms p95=  6.634ms p99=  7.604ms max=  8.137ms target_misses=0 passed=true 
exit status 1
make: *** [Makefile:177: bench-cli] Error 1
