go test  -v ./internal/tui ./internal/terminaltext ./internal/cli ./cmd/tusk -run '^TestHierarchy_|^TestNavigation_SpaciousMetadata'
=== RUN   TestHierarchy_ConnectedSpaciousBranches
--- PASS: TestHierarchy_ConnectedSpaciousBranches (0.00s)
=== RUN   TestHierarchy_ProgressCountsUseCompleteSnapshot
=== RUN   TestHierarchy_ProgressCountsUseCompleteSnapshot/empty_leaf
=== RUN   TestHierarchy_ProgressCountsUseCompleteSnapshot/manual_leaf
=== RUN   TestHierarchy_ProgressCountsUseCompleteSnapshot/done_leaf
=== RUN   TestHierarchy_ProgressCountsUseCompleteSnapshot/parent
=== RUN   TestHierarchy_ProgressCountsUseCompleteSnapshot/grandparent
=== RUN   TestHierarchy_ProgressCountsUseCompleteSnapshot/complete_open_parent
=== RUN   TestHierarchy_ProgressCountsUseCompleteSnapshot/hundredths
--- PASS: TestHierarchy_ProgressCountsUseCompleteSnapshot (0.07s)
    --- PASS: TestHierarchy_ProgressCountsUseCompleteSnapshot/empty_leaf (0.00s)
    --- PASS: TestHierarchy_ProgressCountsUseCompleteSnapshot/manual_leaf (0.00s)
    --- PASS: TestHierarchy_ProgressCountsUseCompleteSnapshot/done_leaf (0.00s)
    --- PASS: TestHierarchy_ProgressCountsUseCompleteSnapshot/parent (0.00s)
    --- PASS: TestHierarchy_ProgressCountsUseCompleteSnapshot/grandparent (0.00s)
    --- PASS: TestHierarchy_ProgressCountsUseCompleteSnapshot/complete_open_parent (0.00s)
    --- PASS: TestHierarchy_ProgressCountsUseCompleteSnapshot/hundredths (0.00s)
=== RUN   TestHierarchy_DeepTreeResizeAndScroll
--- PASS: TestHierarchy_DeepTreeResizeAndScroll (0.01s)
=== RUN   TestHierarchy_DescendantCompletionRefresh
    hierarchy_presentation_test.go:185: grandparent missing (0.5 / 3) / 16%:  TUSK  /  Personal workspace                             f Filters   a New task 
        ╭─ > Tasks · 6 tasks ──────────╮╭─ Task details · 1–20 / 28 ───────────────────╮
        │ /  Search tasks              ││                                              │
        │ [1 All]  2 Today  3 Done     ││  Grandparent                                 │
        │──────────────────────────────││  Root task                                   │
        │  Backlog                     ││                                              │
        │ >▾ ○ Grandparent             ││  Status                Priority              │
        │    │ Todo · Medium           ││  ○ Todo                Medium                │
        │    ├─ ▾ ○ First child        ││                                              │
        │    │  │   Todo · Medium      ││  Due date              Tags                  │
        │    │  ├─ ○ First grandchild  ││  Not set               None                  │
        │    │  │    Todo · Medium     ││                                              │
        │    │  └─ ○ Second grandchild ││  Progress                           (0 / 3)  │
        │    │       Todo · Medium     ││  ────────────────────────────────────   0%   │
        │    ├─ ○ Second child         ││                                              │
        │    │    Todo · Medium        ││  Notes                                       │
        │    └─ ○ Third child          ││  No notes                                    │
        │         Todo · Medium        ││                                              │
        │                              ││  ──────────────────────────────────────────  │
        │                              ││  Activity                                    │
        │                              ││  Loading history…                            │
        │                              ││                                              │
        ╰──────────────────────────────╯╰──────────────────────────────────────────────╯
         Refreshing · a new • e edit • / search • ? help • q quit • f filter • r refresh
--- FAIL: TestHierarchy_DescendantCompletionRefresh (0.01s)
=== RUN   TestNavigation_SpaciousMetadataFollowsTreeIndent
--- PASS: TestNavigation_SpaciousMetadataFollowsTreeIndent (0.00s)
FAIL
FAIL	github.com/newbpydev/tusk/internal/tui	0.102s
testing: warning: no tests to run
PASS
ok  	github.com/newbpydev/tusk/internal/terminaltext	(cached) [no tests to run]
testing: warning: no tests to run
PASS
ok  	github.com/newbpydev/tusk/internal/cli	(cached) [no tests to run]
testing: warning: no tests to run
PASS
ok  	github.com/newbpydev/tusk/cmd/tusk	0.006s [no tests to run]
FAIL
make: *** [Makefile:117: test-tui] Error 1
