go test  -v ./internal/tui ./internal/terminaltext ./internal/cli ./cmd/tusk -run '^TestHierarchy_|^TestNavigation_SpaciousMetadata'
=== RUN   TestHierarchy_ConnectedSpaciousBranches
    hierarchy_presentation_test.go:33: row 1: "      Todo · Medium", want "    │ Todo · Medium"
    hierarchy_presentation_test.go:33: row 2: "    └ ▾ ○ First", want "    ├─ ▾ ○ First"
    hierarchy_presentation_test.go:33: row 3: "          Todo · High", want "    │  │   Todo · High"
    hierarchy_presentation_test.go:33: row 4: "      └ ○ Grand first", want "    │  ├─ ○ Grand first"
    hierarchy_presentation_test.go:33: row 5: "          Todo · Medium", want "    │  │    Todo · Medium"
    hierarchy_presentation_test.go:33: row 6: "      └ ○ Grand last", want "    │  └─ ○ Grand last"
    hierarchy_presentation_test.go:33: row 7: "          Todo · Low", want "    │       Todo · Low"
    hierarchy_presentation_test.go:33: row 8: "    └ ○ Last", want "    └─ ○ Last"
    hierarchy_presentation_test.go:33: row 9: "        Todo · Low", want "         Todo · Low"
    hierarchy_presentation_test.go:42: row 1: "      Todo · Medium", want "    │ Todo · Medium"
    hierarchy_presentation_test.go:42: row 2: "    └ ▸ ○ First", want "    ├─ ▸ ○ First"
    hierarchy_presentation_test.go:42: row 3: "          Todo · High", want "    │      Todo · High"
    hierarchy_presentation_test.go:42: row 4: "    └ ○ Last", want "    └─ ○ Last"
    hierarchy_presentation_test.go:42: row 5: "        Todo · Low", want "         Todo · Low"
    hierarchy_presentation_test.go:51: row 1: "      Todo · Medium", want "    │ Todo · Medium"
    hierarchy_presentation_test.go:51: row 2: "    └ ▾ [context] ○ First", want "    └─ ▾ [context] ○ First"
    hierarchy_presentation_test.go:51: row 3: "          Todo · High", want "       │   Todo · High"
    hierarchy_presentation_test.go:51: row 4: "      └ ○ Grand first", want "       └─ ○ Grand first"
    hierarchy_presentation_test.go:51: row 5: "          Todo · Medium", want "            Todo · Medium"
--- FAIL: TestHierarchy_ConnectedSpaciousBranches (0.00s)
=== RUN   TestHierarchy_ProgressCountsUseCompleteSnapshot
=== RUN   TestHierarchy_ProgressCountsUseCompleteSnapshot/empty_leaf
    hierarchy_presentation_test.go:101: progress missing (0 / 1) at width 42
    hierarchy_presentation_test.go:101: progress missing (0 / 1) at width 70
    hierarchy_presentation_test.go:101: progress missing (0 / 1) at width 114
    hierarchy_presentation_test.go:101: progress missing (0 / 1) at width 42
    hierarchy_presentation_test.go:101: progress missing (0 / 1) at width 70
    hierarchy_presentation_test.go:101: progress missing (0 / 1) at width 114
=== RUN   TestHierarchy_ProgressCountsUseCompleteSnapshot/manual_leaf
    hierarchy_presentation_test.go:101: progress missing (0.42 / 1) at width 42
    hierarchy_presentation_test.go:101: progress missing (0.42 / 1) at width 70
    hierarchy_presentation_test.go:101: progress missing (0.42 / 1) at width 114
    hierarchy_presentation_test.go:101: progress missing (0.42 / 1) at width 42
    hierarchy_presentation_test.go:101: progress missing (0.42 / 1) at width 70
    hierarchy_presentation_test.go:101: progress missing (0.42 / 1) at width 114
=== RUN   TestHierarchy_ProgressCountsUseCompleteSnapshot/done_leaf
    hierarchy_presentation_test.go:101: progress missing (1 / 1) at width 42
    hierarchy_presentation_test.go:101: progress missing (1 / 1) at width 70
    hierarchy_presentation_test.go:101: progress missing (1 / 1) at width 114
    hierarchy_presentation_test.go:101: progress missing (1 / 1) at width 42
    hierarchy_presentation_test.go:101: progress missing (1 / 1) at width 70
    hierarchy_presentation_test.go:101: progress missing (1 / 1) at width 114
=== RUN   TestHierarchy_ProgressCountsUseCompleteSnapshot/parent
    hierarchy_presentation_test.go:101: progress missing (1 / 2) at width 42
    hierarchy_presentation_test.go:101: progress missing (1 / 2) at width 70
    hierarchy_presentation_test.go:101: progress missing (1 / 2) at width 114
    hierarchy_presentation_test.go:101: progress missing (1 / 2) at width 42
    hierarchy_presentation_test.go:101: progress missing (1 / 2) at width 70
    hierarchy_presentation_test.go:101: progress missing (1 / 2) at width 114
=== RUN   TestHierarchy_ProgressCountsUseCompleteSnapshot/grandparent
    hierarchy_presentation_test.go:101: progress missing (0.5 / 3) at width 42
    hierarchy_presentation_test.go:101: progress missing (0.5 / 3) at width 70
    hierarchy_presentation_test.go:101: progress missing (0.5 / 3) at width 114
    hierarchy_presentation_test.go:101: progress missing (0.5 / 3) at width 42
    hierarchy_presentation_test.go:101: progress missing (0.5 / 3) at width 70
    hierarchy_presentation_test.go:101: progress missing (0.5 / 3) at width 114
=== RUN   TestHierarchy_ProgressCountsUseCompleteSnapshot/complete_open_parent
    hierarchy_presentation_test.go:101: progress missing (2 / 2) at width 42
    hierarchy_presentation_test.go:101: progress missing (2 / 2) at width 70
    hierarchy_presentation_test.go:101: progress missing (2 / 2) at width 114
    hierarchy_presentation_test.go:101: progress missing (2 / 2) at width 42
    hierarchy_presentation_test.go:101: progress missing (2 / 2) at width 70
    hierarchy_presentation_test.go:101: progress missing (2 / 2) at width 114
=== RUN   TestHierarchy_ProgressCountsUseCompleteSnapshot/hundredths
    hierarchy_presentation_test.go:101: progress missing (1.98 / 2) at width 42
    hierarchy_presentation_test.go:101: progress missing (1.98 / 2) at width 70
    hierarchy_presentation_test.go:101: progress missing (1.98 / 2) at width 114
    hierarchy_presentation_test.go:101: progress missing (1.98 / 2) at width 42
    hierarchy_presentation_test.go:101: progress missing (1.98 / 2) at width 70
    hierarchy_presentation_test.go:101: progress missing (1.98 / 2) at width 114
=== NAME  TestHierarchy_ProgressCountsUseCompleteSnapshot
    hierarchy_presentation_test.go:111: collapse changed progress denominator
--- FAIL: TestHierarchy_ProgressCountsUseCompleteSnapshot (0.01s)
    --- FAIL: TestHierarchy_ProgressCountsUseCompleteSnapshot/empty_leaf (0.00s)
    --- FAIL: TestHierarchy_ProgressCountsUseCompleteSnapshot/manual_leaf (0.00s)
    --- FAIL: TestHierarchy_ProgressCountsUseCompleteSnapshot/done_leaf (0.00s)
    --- FAIL: TestHierarchy_ProgressCountsUseCompleteSnapshot/parent (0.00s)
    --- FAIL: TestHierarchy_ProgressCountsUseCompleteSnapshot/grandparent (0.00s)
    --- FAIL: TestHierarchy_ProgressCountsUseCompleteSnapshot/complete_open_parent (0.00s)
    --- FAIL: TestHierarchy_ProgressCountsUseCompleteSnapshot/hundredths (0.00s)
=== RUN   TestHierarchy_DeepTreeResizeAndScroll
--- PASS: TestHierarchy_DeepTreeResizeAndScroll (0.00s)
=== RUN   TestHierarchy_DescendantCompletionRefresh
    hierarchy_presentation_test.go:179: grandparent missing (0 / 3) / 0%:  TUSK  /  Personal workspace                             f Filters   a New task 
        ╭─ > Tasks · 6 tasks ──────────╮╭─ Task details · 1–20 / 33 ───────────────────╮
        │ /  Search tasks              ││                                              │
        │ [1 All]  2 Today  3 Done     ││  Grandparent                                 │
        │──────────────────────────────││  Root task                                   │
        │  Backlog                     ││                                              │
        │ >▾ ○ Grandparent             ││  Status                Priority              │
        │      Todo · Medium           ││  ○ Todo                Medium                │
        │    └ ▾ ○ First child         ││                                              │
        │          Todo · Medium       ││  Due date              Tags                  │
        │      └ ○ First grandchild    ││  Not set               None                  │
        │          Todo · Medium       ││                                              │
        │      └ ○ Second grandchild   ││  Progress                                    │
        │          Todo · Medium       ││  ────────────────────────────────────   0%   │
        │    └ ○ Second child          ││                                              │
        │        Todo · Medium         ││  Notes                                       │
        │    └ ○ Third child           ││  No notes                                    │
        │        Todo · Medium         ││                                              │
        │                              ││  ──────────────────────────────────────────  │
        │                              ││  Activity                                    │
        │                              ││                                              │
        │                              ││  #1  create                                  │
        ╰──────────────────────────────╯╰──────────────────────────────────────────────╯
         a new • e edit • / search • ? help • q quit • f filter • r refresh • Tab focus 
--- FAIL: TestHierarchy_DescendantCompletionRefresh (0.01s)
=== RUN   TestNavigation_SpaciousMetadataFollowsTreeIndent
    navigation_test.go:299: fixture child not rendered
--- FAIL: TestNavigation_SpaciousMetadataFollowsTreeIndent (0.00s)
FAIL
FAIL	github.com/newbpydev/tusk/internal/tui	0.037s
testing: warning: no tests to run
PASS
ok  	github.com/newbpydev/tusk/internal/terminaltext	0.003s [no tests to run]
testing: warning: no tests to run
PASS
ok  	github.com/newbpydev/tusk/internal/cli	0.005s [no tests to run]
testing: warning: no tests to run
PASS
ok  	github.com/newbpydev/tusk/cmd/tusk	0.007s [no tests to run]
FAIL
make: *** [Makefile:117: test-tui] Error 1
