init internal/bytealg @0.001 ms, 0.001 ms clock, 0 bytes, 0 allocs
init internal/runtime/gc/scan @0.017 ms, 0.001 ms clock, 0 bytes, 0 allocs
init runtime @0.027 ms, 0.043 ms clock, 0 bytes, 0 allocs
init crypto/internal/fips140deps/cpu @0.46 ms, 0.004 ms clock, 0 bytes, 0 allocs
init math @0.48 ms, 0.003 ms clock, 0 bytes, 0 allocs
init github.com/charmbracelet/x/ansi/parser @0.49 ms, 0.012 ms clock, 4128 bytes, 3 allocs
init errors @0.51 ms, 0.001 ms clock, 0 bytes, 0 allocs
init iter @0.52 ms, 0.014 ms clock, 0 bytes, 1 allocs
init sync @0.54 ms, 0.002 ms clock, 0 bytes, 0 allocs
init internal/godebug @0.54 ms, 0.014 ms clock, 1152 bytes, 28 allocs
init encoding/base32 @0.56 ms, 0.008 ms clock, 640 bytes, 2 allocs
init encoding/base64 @0.58 ms, 0.004 ms clock, 1408 bytes, 4 allocs
init crypto @0.59 ms, 0.003 ms clock, 176 bytes, 1 allocs
init syscall @0.59 ms, 0.008 ms clock, 144 bytes, 5 allocs
init time @0.61 ms, 0.003 ms clock, 256 bytes, 2 allocs
init context @0.61 ms, 0.005 ms clock, 112 bytes, 1 allocs
init internal/poll @0.62 ms, 0.002 ms clock, 72 bytes, 2 allocs
init io/fs @0.63 ms, 0.001 ms clock, 0 bytes, 0 allocs
init os @0.64 ms, 0.009 ms clock, 432 bytes, 9 allocs
init os/signal @0.65 ms, 0.002 ms clock, 0 bytes, 0 allocs
init time/tzdata @0.66 ms, 0.004 ms clock, 0 bytes, 0 allocs
init unicode @0.67 ms, 0.018 ms clock, 11400 bytes, 16 allocs
init reflect @0.69 ms, 0.001 ms clock, 0 bytes, 0 allocs
init golang.org/x/text/unicode/norm @0.70 ms, 0.003 ms clock, 0 bytes, 0 allocs
init log @0.72 ms, 0.008 ms clock, 64 bytes, 2 allocs
init modernc.org/libc/sys/types @0.74 ms, 0.005 ms clock, 48 bytes, 1 allocs
init modernc.org/libc/uuid/uuid @0.76 ms, 0.004 ms clock, 48 bytes, 1 allocs
init crypto/internal/fips140 @0.76 ms, 0.005 ms clock, 320 bytes, 8 allocs
init crypto/internal/fips140/sha3 @0.78 ms, 0.001 ms clock, 0 bytes, 0 allocs
init crypto/internal/fips140/sha256 @0.78 ms, 0.001 ms clock, 144 bytes, 2 allocs
init crypto/internal/fips140/sha512 @0.79 ms, 0.003 ms clock, 192 bytes, 1 allocs
init crypto/internal/fips140/hmac @0.80 ms, 0.001 ms clock, 0 bytes, 0 allocs
init crypto/internal/fips140/check @0.80 ms, 0.001 ms clock, 0 bytes, 0 allocs
init crypto/fips140 @0.81 ms, 0.001 ms clock, 48 bytes, 1 allocs
init crypto/internal/fips140/aes @0.81 ms, 0.001 ms clock, 0 bytes, 0 allocs
init crypto/internal/fips140/drbg @0.82 ms, 0.001 ms clock, 0 bytes, 0 allocs
init crypto/internal/fips140/aes/gcm @0.82 ms, 0.001 ms clock, 400 bytes, 2 allocs
init crypto/md5 @0.83 ms, 0.001 ms clock, 0 bytes, 0 allocs
init crypto/sha1 @0.83 ms, 0.001 ms clock, 0 bytes, 0 allocs
init crypto/sha256 @0.84 ms, 0.003 ms clock, 0 bytes, 0 allocs
init encoding/json/jsontext @0.85 ms, 0.009 ms clock, 0 bytes, 0 allocs
init encoding/json/v2 @0.86 ms, 0.008 ms clock, 408 bytes, 15 allocs
init encoding/json @0.87 ms, 0.001 ms clock, 224 bytes, 2 allocs
init flag @0.88 ms, 0.001 ms clock, 128 bytes, 2 allocs
init golang.org/x/net/html @0.89 ms, 0.071 ms clock, 113144 bytes, 16 allocs
init golang.org/x/sys/unix @0.96 ms, 0.006 ms clock, 48 bytes, 1 allocs
init github.com/muesli/cancelreader @0.97 ms, 0.005 ms clock, 16 bytes, 1 allocs
init golang.org/x/text/internal/language @0.98 ms, 0.011 ms clock, 4112 bytes, 8 allocs
init golang.org/x/text/internal/language/compact @1.0 ms, 0.010 ms clock, 560 bytes, 8 allocs
init golang.org/x/text/language @1.0 ms, 0.023 ms clock, 256 bytes, 3 allocs
init golang.org/x/text/cases @1.0 ms, 0.016 ms clock, 2600 bytes, 38 allocs
init html @1.0 ms, 0.001 ms clock, 312 bytes, 4 allocs
init image @1.0 ms, 0.004 ms clock, 0 bytes, 0 allocs
init io/ioutil @1.0 ms, 0.001 ms clock, 0 bytes, 0 allocs
init math/big @1.0 ms, 0.001 ms clock, 0 bytes, 0 allocs
init crypto/rand @1.0 ms, 0.001 ms clock, 0 bytes, 0 allocs
init modernc.org/mathutil @1.0 ms, 0.028 ms clock, 352 bytes, 15 allocs
init modernc.org/memory @1.1 ms, 0.001 ms clock, 0 bytes, 0 allocs
init github.com/xo/terminfo @1.1 ms, 0.001 ms clock, 48 bytes, 1 allocs
init path/filepath @1.1 ms, 0.004 ms clock, 0 bytes, 0 allocs
init github.com/atotto/clipboard @1.1 ms, 0.004 ms clock, 384 bytes, 6 allocs
init regexp/syntax @1.1 ms, 0.008 ms clock, 2344 bytes, 6 allocs
init regexp @1.1 ms, 0.004 ms clock, 0 bytes, 0 allocs
init github.com/dustin/go-humanize @1.1 ms, 0.038 ms clock, 9184 bytes, 119 allocs
init github.com/mattn/go-runewidth @1.2 ms, 0.008 ms clock, 4736 bytes, 38 allocs
init text/template/parse @1.2 ms, 0.004 ms clock, 504 bytes, 4 allocs
init database/sql/driver @1.2 ms, 0.003 ms clock, 0 bytes, 0 allocs
init database/sql @1.2 ms, 0.003 ms clock, 48 bytes, 1 allocs
init vendor/golang.org/x/net/dns/dnsmessage @1.2 ms, 0.004 ms clock, 768 bytes, 6 allocs
init net/netip @1.2 ms, 0.014 ms clock, 744 bytes, 18 allocs
init net @1.2 ms, 0.007 ms clock, 752 bytes, 15 allocs
init github.com/google/uuid @1.3 ms, 0.002 ms clock, 0 bytes, 0 allocs
init github.com/spf13/pflag @1.3 ms, 0.001 ms clock, 256 bytes, 1 allocs
init modernc.org/libc @1.3 ms, 0.11 ms clock, 2264 bytes, 25 allocs
init modernc.org/sqlite/lib @1.4 ms, 0.041 ms clock, 0 bytes, 0 allocs
init github.com/charmbracelet/x/ansi @1.4 ms, 0.001 ms clock, 0 bytes, 0 allocs
init github.com/charmbracelet/bubbletea @1.4 ms, 0.064 ms clock, 94584 bytes, 211 allocs
init github.com/yuin/goldmark/util @1.5 ms, 0.25 ms clock, 146136 bytes, 1967 allocs
init github.com/yuin/goldmark/ast @1.8 ms, 0.007 ms clock, 992 bytes, 5 allocs
init github.com/yuin/goldmark-emoji/ast @1.8 ms, 0.003 ms clock, 0 bytes, 0 allocs
init github.com/yuin/goldmark/extension/ast @1.8 ms, 0.001 ms clock, 1152 bytes, 1 allocs
init github.com/yuin/goldmark/parser @1.8 ms, 0.12 ms clock, 110312 bytes, 934 allocs
init github.com/yuin/goldmark/renderer/html @1.9 ms, 0.014 ms clock, 18888 bytes, 163 allocs
init github.com/yuin/goldmark @1.9 ms, 0.007 ms clock, 15072 bytes, 25 allocs
init github.com/yuin/goldmark/extension @2.0 ms, 0.48 ms clock, 265632 bytes, 2095 allocs
init modernc.org/sqlite @2.4 ms, 0.005 ms clock, 1392 bytes, 19 allocs
init text/template @2.5 ms, 0.002 ms clock, 72 bytes, 2 allocs
init github.com/muesli/termenv @2.5 ms, 0.009 ms clock, 792 bytes, 7 allocs
init github.com/charmbracelet/lipgloss @2.5 ms, 0.001 ms clock, 0 bytes, 0 allocs
init github.com/charmbracelet/bubbles/textinput @2.5 ms, 0.005 ms clock, 1504 bytes, 32 allocs
init github.com/charmbracelet/bubbles/textarea @2.5 ms, 0.006 ms clock, 2000 bytes, 44 allocs
init github.com/charmbracelet/glamour/ansi @2.5 ms, 0.013 ms clock, 3344 bytes, 11 allocs
init github.com/charmbracelet/glamour/styles @2.5 ms, 0.034 ms clock, 2896 bytes, 235 allocs
init github.com/spf13/cobra @2.6 ms, 0.003 ms clock, 1192 bytes, 14 allocs
