go test  -v ./internal/tui ./internal/terminaltext ./internal/cli ./cmd/tusk -run 'TestPR5'
=== RUN   TestPR5_StaleFormSaveExplainsPause
    pr5_review_test.go:20: save pause hidden: error="" saving=false
--- FAIL: TestPR5_StaleFormSaveExplainsPause (0.01s)
=== RUN   TestPR5_DeleteAbandonedReadCanRefresh
    pr5_review_test.go:40: delete dialog cannot refresh
--- FAIL: TestPR5_DeleteAbandonedReadCanRefresh (0.01s)
=== RUN   TestPR5_FailedTogglePausesWritesUntilReadback
    pr5_review_test.go:52: failed action still allows stale writes
--- FAIL: TestPR5_FailedTogglePausesWritesUntilReadback (0.00s)
FAIL
FAIL	github.com/newbpydev/tusk/internal/tui	0.020s
testing: warning: no tests to run
PASS
ok  	github.com/newbpydev/tusk/internal/terminaltext	0.002s [no tests to run]
testing: warning: no tests to run
PASS
ok  	github.com/newbpydev/tusk/internal/cli	0.005s [no tests to run]
testing: warning: no tests to run
PASS
ok  	github.com/newbpydev/tusk/cmd/tusk	0.007s [no tests to run]
FAIL
make: *** [Makefile:117: test-tui] Error 1
