go test  -v ./internal/tui ./internal/terminaltext ./internal/cli ./cmd/tusk -run 'TestPR5_(Page|Search|EndOnly|Parent|Details|Recovery)'
=== RUN   TestPR5_PageDownKeepsVisibleTaskOverlap
    pr5_review_test.go:87: page skipped visible overlap: Task 14
--- FAIL: TestPR5_PageDownKeepsVisibleTaskOverlap (0.00s)
=== RUN   TestPR5_SearchWhitespaceAndAtomicLimits
    pr5_review_test.go:98: whitespace search activates filters
--- FAIL: TestPR5_SearchWhitespaceAndAtomicLimits (0.00s)
=== RUN   TestPR5_EndOnlyFilterMatchesCollapsePresentation
    pr5_review_test.go:124: end-only filter renders collapsed marker
--- FAIL: TestPR5_EndOnlyFilterMatchesCollapsePresentation (0.00s)
=== RUN   TestPR5_ParentPickerWindowKeepsPairs
    pr5_review_test.go:136: orphaned first ID: ["    id06" "  Title07" "    id07" "  Title08" "    id08" "  Title09" "    id09" "  Title10" "    id10" "  Title11" "    id11" "> Title12" "    id12"]
--- FAIL: TestPR5_ParentPickerWindowKeepsPairs (0.00s)
=== RUN   TestPR5_DetailsDoesNotRenderTemplateEditor
    pr5_review_test.go:144: details renders form template
--- FAIL: TestPR5_DetailsDoesNotRenderTemplateEditor (0.00s)
=== RUN   TestPR5_RecoveryZeroDueMatchesDetails
    pr5_review_test.go:151: zero due presentation: [Outcome unknown — do not resubmit. Saved data reloaded. Review the current state below.  Task ID: one  Currently saved · other apps may also have made changes Target is absent: one There is no stored history for an absent task.  Acknowledge to discard uncertain intent and enable new actions.]
--- FAIL: TestPR5_RecoveryZeroDueMatchesDetails (0.00s)
FAIL
FAIL	github.com/newbpydev/tusk/internal/tui	0.012s
testing: warning: no tests to run
PASS
ok  	github.com/newbpydev/tusk/internal/terminaltext	(cached) [no tests to run]
testing: warning: no tests to run
PASS
ok  	github.com/newbpydev/tusk/internal/cli	(cached) [no tests to run]
testing: warning: no tests to run
PASS
ok  	github.com/newbpydev/tusk/cmd/tusk	(cached) [no tests to run]
FAIL
make: *** [Makefile:117: test-tui] Error 1
go test  -v ./internal/tui ./internal/terminaltext ./internal/cli ./cmd/tusk -run 'TestPR5_RecoveryZeroDueMatchesDetails'
=== RUN   TestPR5_RecoveryZeroDueMatchesDetails
    pr5_review_test.go:151: zero due presentation: [Outcome unknown — do not resubmit. Saved data reloaded. Review the current state below.  Task ID: one  Currently saved · other apps may also have made changes One ID: one Status: todo · Progress: 0% Priority: medium Tags:  Parent: Root Due: 0001-01-01T00:00:00Z Created: 2026-09-01T00:00:00Z Updated: 0001-01-01T00:00:00Z  0 stored activity events  Acknowledge to discard uncertain intent and enable new actions.]
--- FAIL: TestPR5_RecoveryZeroDueMatchesDetails (0.00s)
FAIL
FAIL	github.com/newbpydev/tusk/internal/tui	0.007s
testing: warning: no tests to run
PASS
ok  	github.com/newbpydev/tusk/internal/terminaltext	0.003s [no tests to run]
testing: warning: no tests to run
PASS
ok  	github.com/newbpydev/tusk/internal/cli	0.005s [no tests to run]
testing: warning: no tests to run
PASS
ok  	github.com/newbpydev/tusk/cmd/tusk	0.006s [no tests to run]
FAIL
make: *** [Makefile:117: test-tui] Error 1
