go test  -v ./internal/tui ./internal/terminaltext ./internal/cli ./cmd/tusk -run 'TestPR5_(FormRefresh|FilterAccepted|DeleteAbandoned)'
=== RUN   TestPR5_DeleteAbandonedReadCanRefresh
    pr5_review_test.go:52: delete uses form wording: "Refresh failed. Ctrl+R refresh before saving."
--- FAIL: TestPR5_DeleteAbandonedReadCanRefresh (0.00s)
=== RUN   TestPR5_FormRefreshClearsOnlyWritePause
    pr5_review_test.go:292: successful refresh left pause: "Writes paused. Ctrl+R refreshes before saving."
--- FAIL: TestPR5_FormRefreshClearsOnlyWritePause (0.00s)
=== RUN   TestPR5_FilterAcceptedEditsClearRejectedInput
    pr5_review_test.go:304: accepted edit retained error: "Input is too large or contains unsupported controls."
--- FAIL: TestPR5_FilterAcceptedEditsClearRejectedInput (0.00s)
FAIL
FAIL	github.com/newbpydev/tusk/internal/tui	0.016s
testing: warning: no tests to run
PASS
ok  	github.com/newbpydev/tusk/internal/terminaltext	0.004s [no tests to run]
testing: warning: no tests to run
PASS
ok  	github.com/newbpydev/tusk/internal/cli	0.005s [no tests to run]
testing: warning: no tests to run
PASS
ok  	github.com/newbpydev/tusk/cmd/tusk	0.006s [no tests to run]
FAIL
make: *** [Makefile:117: test-tui] Error 1
go test  -v ./internal/tui ./internal/terminaltext ./internal/cli ./cmd/tusk -run 'TestPR5_(FormRefresh|FilterAccepted|DeleteAbandoned)'
=== RUN   TestPR5_DeleteAbandonedReadCanRefresh
    pr5_review_test.go:52: delete uses form wording: "Refresh failed. Ctrl+R refresh before saving."
    pr5_review_test.go:66: completed preview retained error: "Refreshing; review the new preview before confirming."
--- FAIL: TestPR5_DeleteAbandonedReadCanRefresh (0.01s)
=== RUN   TestPR5_FormRefreshClearsOnlyWritePause
    pr5_review_test.go:292: successful refresh left pause: "Writes paused. Ctrl+R refreshes before saving."
--- FAIL: TestPR5_FormRefreshClearsOnlyWritePause (0.01s)
=== RUN   TestPR5_FilterAcceptedEditsClearRejectedInput
    pr5_review_test.go:304: accepted edit retained error: "Input is too large or contains unsupported controls."
--- FAIL: TestPR5_FilterAcceptedEditsClearRejectedInput (0.00s)
FAIL
FAIL	github.com/newbpydev/tusk/internal/tui	0.019s
testing: warning: no tests to run
PASS
ok  	github.com/newbpydev/tusk/internal/terminaltext	(cached) [no tests to run]
testing: warning: no tests to run
PASS
ok  	github.com/newbpydev/tusk/internal/cli	(cached) [no tests to run]
testing: warning: no tests to run
PASS
ok  	github.com/newbpydev/tusk/cmd/tusk	(cached) [no tests to run]
FAIL
make: *** [Makefile:117: test-tui] Error 1
