go test  -v ./internal/tui ./internal/terminaltext ./internal/cli ./cmd/tusk -run 'Test.*Invisible'
testing: warning: no tests to run
PASS
ok  	github.com/newbpydev/tusk/internal/tui	0.006s [no tests to run]
=== RUN   TestPR5_InvisibleFormattingIsVisible
    text_test.go:94: invisible U+115F not shown
    text_test.go:94: invisible U+1160 not shown
    text_test.go:94: invisible U+180E not shown
    text_test.go:94: invisible U+3164 not shown
    text_test.go:94: invisible U+FFA0 not shown
    text_test.go:94: invisible U+2065 not shown
    text_test.go:94: invisible U+206A not shown
    text_test.go:94: invisible U+206F not shown
--- FAIL: TestPR5_InvisibleFormattingIsVisible (0.00s)
FAIL
FAIL	github.com/newbpydev/tusk/internal/terminaltext	0.004s
testing: warning: no tests to run
PASS
ok  	github.com/newbpydev/tusk/internal/cli	0.004s [no tests to run]
testing: warning: no tests to run
PASS
ok  	github.com/newbpydev/tusk/cmd/tusk	0.006s [no tests to run]
FAIL
make: *** [Makefile:117: test-tui] Error 1
