go test  -v ./internal/tui ./internal/terminaltext ./internal/cli ./cmd/tusk -run 'TestPR5_'
=== RUN   TestPR5_StaleFormSaveExplainsPause
--- PASS: TestPR5_StaleFormSaveExplainsPause (0.00s)
=== RUN   TestPR5_DeleteAbandonedReadCanRefresh
--- PASS: TestPR5_DeleteAbandonedReadCanRefresh (0.01s)
=== RUN   TestPR5_FailedTogglePausesWritesUntilReadback
--- PASS: TestPR5_FailedTogglePausesWritesUntilReadback (0.00s)
=== RUN   TestPR5_PageDownKeepsVisibleTaskOverlap
--- PASS: TestPR5_PageDownKeepsVisibleTaskOverlap (0.00s)
=== RUN   TestPR5_SearchWhitespaceAndAtomicLimits
--- PASS: TestPR5_SearchWhitespaceAndAtomicLimits (0.00s)
=== RUN   TestPR5_EndOnlyFilterMatchesCollapsePresentation
--- PASS: TestPR5_EndOnlyFilterMatchesCollapsePresentation (0.00s)
=== RUN   TestPR5_ParentPickerWindowKeepsPairs
--- PASS: TestPR5_ParentPickerWindowKeepsPairs (0.00s)
=== RUN   TestPR5_DetailsDoesNotRenderTemplateEditor
--- PASS: TestPR5_DetailsDoesNotRenderTemplateEditor (0.00s)
=== RUN   TestPR5_RecoveryZeroDueMatchesDetails
--- PASS: TestPR5_RecoveryZeroDueMatchesDetails (0.00s)
=== RUN   TestPR5_UnsizedFrameWaitsForTerminal
--- PASS: TestPR5_UnsizedFrameWaitsForTerminal (0.00s)
=== RUN   TestPR5_RunRejectsMissingFactoryBeforeProgram
--- PASS: TestPR5_RunRejectsMissingFactoryBeforeProgram (0.00s)
=== RUN   TestPR5_TestsCannotExitPastRunner
--- PASS: TestPR5_TestsCannotExitPastRunner (0.01s)
=== RUN   TestPR5_FormRefreshClearsOnlyWritePause
--- PASS: TestPR5_FormRefreshClearsOnlyWritePause (0.01s)
=== RUN   TestPR5_FilterAcceptedEditsClearRejectedInput
--- PASS: TestPR5_FilterAcceptedEditsClearRejectedInput (0.01s)
=== RUN   TestPR5_RefreshRetainsUnrelatedNotice
--- PASS: TestPR5_RefreshRetainsUnrelatedNotice (0.00s)
PASS
ok  	github.com/newbpydev/tusk/internal/tui	0.065s
=== RUN   TestPR5_InvisibleFormattingIsVisible
--- PASS: TestPR5_InvisibleFormattingIsVisible (0.00s)
PASS
ok  	github.com/newbpydev/tusk/internal/terminaltext	0.004s
testing: warning: no tests to run
PASS
ok  	github.com/newbpydev/tusk/internal/cli	0.005s [no tests to run]
testing: warning: no tests to run
PASS
ok  	github.com/newbpydev/tusk/cmd/tusk	0.005s [no tests to run]
