make: Entering directory '/tmp/tusk-review-control-_2heraa5'
mkdir -p "bin/"
CGO_ENABLED=0 go build -o "bin/tusk" ./cmd/tusk
go run ./scripts/cli-bench --binary "bin/tusk" --output "/tmp/compound-engineering-1000/ce-code-review/20260930-160308-70ad9092/cli-control.json"
run=1 --help/invalid-config=false            p90=  4.202ms p95=  4.428ms p99=  4.650ms max=  4.862ms target_misses=0 passed=true 
run=1 --version/invalid-config=false         p90=  4.145ms p95=  4.504ms p99=  5.316ms max=  5.626ms target_misses=3 passed=true 
run=1 --help/invalid-config=true             p90=  3.975ms p95=  4.183ms p99=  4.663ms max=  5.357ms target_misses=1 passed=true 
run=1 --version/invalid-config=true          p90=  3.949ms p95=  4.067ms p99=  5.097ms max=  5.234ms target_misses=2 passed=true 
run=1 0/list/json=false                      p90=  5.773ms p95=  6.107ms p99=  6.757ms max=  6.778ms target_misses=0 passed=true 
run=1 0/list/json=true                       p90=  5.788ms p95=  5.934ms p99=  6.872ms max=  7.034ms target_misses=0 passed=true 
run=1 0/tree/json=false                      p90=  6.155ms p95=  6.618ms p99=  6.949ms max=  7.451ms target_misses=0 passed=true 
run=1 0/tree/json=true                       p90=  6.272ms p95=  6.706ms p99=  7.001ms max=  7.640ms target_misses=0 passed=true 
run=1 0/stats/json=false                     p90=  6.167ms p95=  6.328ms p99=  7.354ms max=  7.480ms target_misses=0 passed=true 
run=1 0/stats/json=true                      p90=  6.328ms p95=  6.502ms p99=  6.641ms max=  6.670ms target_misses=0 passed=true 
run=1 0/history/json=false                   p90=  6.065ms p95=  6.338ms p99=  6.603ms max=  6.614ms target_misses=0 passed=true 
run=1 0/history/json=true                    p90=  6.250ms p95=  6.564ms p99=  7.589ms max=  8.152ms target_misses=0 passed=true 
run=1 100/list/json=false                    p90=  6.615ms p95=  7.693ms p99= 11.957ms max= 14.642ms target_misses=0 passed=true 
run=1 100/list/json=true                     p90=  6.864ms p95=  7.076ms p99=  7.983ms max=  8.322ms target_misses=0 passed=true 
run=1 100/tree/json=false                    p90=  6.578ms p95=  6.834ms p99=  7.559ms max=  8.144ms target_misses=0 passed=true 
run=1 100/tree/json=true                     p90=  6.864ms p95=  7.279ms p99=  7.996ms max=  8.510ms target_misses=0 passed=true 
run=1 100/stats/json=false                   p90=  6.286ms p95=  6.640ms p99=  7.384ms max=  7.913ms target_misses=0 passed=true 
run=1 100/stats/json=true                    p90=  6.511ms p95=  6.835ms p99=  7.803ms max=  8.068ms target_misses=0 passed=true 
run=1 100/history/json=false                 p90=  6.332ms p95=  6.592ms p99=  7.523ms max=  8.315ms target_misses=0 passed=true 
run=1 100/history/json=true                  p90=  6.573ms p95=  6.926ms p99=  7.415ms max=  7.502ms target_misses=0 passed=true 
run=1 1000/list/json=false                   p90= 11.982ms p95= 12.725ms p99= 13.171ms max= 13.326ms target_misses=0 passed=true 
run=1 1000/list/json=true                    p90= 12.660ms p95= 13.315ms p99= 18.182ms max= 18.976ms target_misses=2 passed=true 
run=1 1000/tree/json=false                   p90= 13.184ms p95= 13.606ms p99= 18.471ms max= 18.961ms target_misses=3 passed=true 
run=1 1000/tree/json=true                    p90= 16.027ms p95= 17.523ms p99= 20.053ms max= 21.057ms target_misses=14 passed=false 
run=1 1000/stats/json=false                  p90= 10.866ms p95= 11.672ms p99= 13.441ms max= 16.227ms target_misses=1 passed=true 
run=1 1000/stats/json=true                   p90= 10.474ms p95= 10.657ms p99= 11.276ms max= 11.346ms target_misses=0 passed=true 
run=1 1000/history/json=false                p90=  6.350ms p95=  6.577ms p99=  6.818ms max=  6.854ms target_misses=0 passed=true 
run=1 1000/history/json=true                 p90=  6.200ms p95=  6.375ms p99=  7.280ms max=  7.514ms target_misses=0 passed=true 
run=2 --help/invalid-config=false            p90=  3.778ms p95=  3.879ms p99=  4.410ms max=  5.898ms target_misses=1 passed=true 
run=2 --version/invalid-config=false         p90=  3.998ms p95=  4.166ms p99=  4.821ms max=  5.143ms target_misses=1 passed=true 
run=2 --help/invalid-config=true             p90=  4.141ms p95=  4.569ms p99=  5.418ms max=  5.618ms target_misses=4 passed=true 
run=2 --version/invalid-config=true          p90=  4.084ms p95=  4.403ms p99=  4.678ms max=  4.703ms target_misses=0 passed=true 
run=2 0/list/json=false                      p90=  6.131ms p95=  6.617ms p99=  6.926ms max=  7.005ms target_misses=0 passed=true 
run=2 0/list/json=true                       p90=  5.995ms p95=  6.168ms p99=  6.333ms max=  7.191ms target_misses=0 passed=true 
run=2 0/tree/json=false                      p90=  5.972ms p95=  6.612ms p99=  6.970ms max=  7.052ms target_misses=0 passed=true 
run=2 0/tree/json=true                       p90=  5.921ms p95=  6.128ms p99=  6.298ms max=  6.732ms target_misses=0 passed=true 
run=2 0/stats/json=false                     p90=  6.008ms p95=  6.354ms p99=  7.111ms max=  7.973ms target_misses=0 passed=true 
run=2 0/stats/json=true                      p90=  6.390ms p95=  6.844ms p99=  7.485ms max=  7.870ms target_misses=0 passed=true 
run=2 0/history/json=false                   p90=  6.116ms p95=  6.420ms p99=  7.168ms max=  7.450ms target_misses=0 passed=true 
run=2 0/history/json=true                    p90=  6.048ms p95=  6.243ms p99=  6.826ms max=  7.385ms target_misses=0 passed=true 
run=2 100/list/json=false                    p90=  6.709ms p95=  7.101ms p99=  9.519ms max= 18.867ms target_misses=1 passed=true 
run=2 100/list/json=true                     p90=  6.878ms p95=  7.136ms p99=  7.880ms max=  8.164ms target_misses=0 passed=true 
run=2 100/tree/json=false                    p90=  6.685ms p95=  7.014ms p99=  7.583ms max=  8.154ms target_misses=0 passed=true 
run=2 100/tree/json=true                     p90=  7.419ms p95=  7.750ms p99=  8.365ms max=  8.381ms target_misses=0 passed=true 
run=2 100/stats/json=false                   p90=  6.535ms p95=  6.790ms p99=  7.204ms max=  7.323ms target_misses=0 passed=true 
run=2 100/stats/json=true                    p90=  6.833ms p95=  7.302ms p99=  7.996ms max=  8.064ms target_misses=0 passed=true 
run=2 100/history/json=false                 p90=  6.351ms p95=  6.823ms p99=  7.278ms max=  8.205ms target_misses=0 passed=true 
run=2 100/history/json=true                  p90=  6.378ms p95=  6.790ms p99=  7.321ms max=  7.348ms target_misses=0 passed=true 
run=2 1000/list/json=false                   p90= 12.627ms p95= 13.519ms p99= 18.139ms max= 23.365ms target_misses=3 passed=true 
run=2 1000/list/json=true                    p90= 12.768ms p95= 13.658ms p99= 16.874ms max= 20.343ms target_misses=3 passed=true 
run=2 1000/tree/json=false                   p90= 13.151ms p95= 13.515ms p99= 14.732ms max= 17.181ms target_misses=1 passed=true 
run=2 1000/tree/json=true                    p90= 14.967ms p95= 18.122ms p99= 19.551ms max= 21.640ms target_misses=10 passed=true 
run=2 1000/stats/json=false                  p90= 10.800ms p95= 11.585ms p99= 15.484ms max= 16.090ms target_misses=3 passed=true 
run=2 1000/stats/json=true                   p90= 10.754ms p95= 11.162ms p99= 15.459ms max= 15.464ms target_misses=2 passed=true 
run=2 1000/history/json=false                p90=  6.252ms p95=  6.582ms p99=  7.640ms max=  8.073ms target_misses=0 passed=true 
run=2 1000/history/json=true                 p90=  6.415ms p95=  6.901ms p99=  7.706ms max=  7.987ms target_misses=0 passed=true 
run=3 --help/invalid-config=false            p90=  4.029ms p95=  4.687ms p99=  5.219ms max=  5.740ms target_misses=2 passed=true 
run=3 --version/invalid-config=false         p90=  3.880ms p95=  4.159ms p99=  4.633ms max=  4.747ms target_misses=0 passed=true 
run=3 --help/invalid-config=true             p90=  3.967ms p95=  4.464ms p99=  4.844ms max=  4.914ms target_misses=0 passed=true 
run=3 --version/invalid-config=true          p90=  4.030ms p95=  4.195ms p99=  4.406ms max=  5.023ms target_misses=1 passed=true 
run=3 0/list/json=false                      p90=  6.414ms p95=  6.530ms p99=  7.093ms max=  7.370ms target_misses=0 passed=true 
run=3 0/list/json=true                       p90=  6.403ms p95=  7.452ms p99=  9.875ms max= 10.078ms target_misses=0 passed=true 
run=3 0/tree/json=false                      p90=  9.802ms p95= 10.821ms p99= 15.155ms max= 17.598ms target_misses=2 passed=true 
run=3 0/tree/json=true                       p90=  6.091ms p95=  6.556ms p99=  7.261ms max=  7.311ms target_misses=0 passed=true 
run=3 0/stats/json=false                     p90=  6.148ms p95=  6.571ms p99=  6.973ms max=  7.175ms target_misses=0 passed=true 
run=3 0/stats/json=true                      p90=  6.098ms p95=  6.335ms p99=  7.052ms max=  7.616ms target_misses=0 passed=true 
run=3 0/history/json=false                   p90=  6.248ms p95=  6.402ms p99=  6.725ms max=  7.011ms target_misses=0 passed=true 
run=3 0/history/json=true                    p90=  6.107ms p95=  6.441ms p99=  7.394ms max=  7.574ms target_misses=0 passed=true 
run=3 100/list/json=false                    p90=  6.513ms p95=  6.784ms p99=  7.549ms max=  7.832ms target_misses=0 passed=true 
run=3 100/list/json=true                     p90=  7.126ms p95=  7.702ms p99=  8.157ms max=  8.785ms target_misses=0 passed=true 
run=3 100/tree/json=false                    p90=  6.520ms p95=  6.989ms p99=  7.493ms max=  7.589ms target_misses=0 passed=true 
run=3 100/tree/json=true                     p90=  7.115ms p95=  7.366ms p99=  8.390ms max=  8.472ms target_misses=0 passed=true 
run=3 100/stats/json=false                   p90=  6.753ms p95=  6.979ms p99=  7.547ms max=  8.805ms target_misses=0 passed=true 
run=3 100/stats/json=true                    p90=  6.798ms p95=  6.912ms p99=  7.599ms max=  7.825ms target_misses=0 passed=true 
run=3 100/history/json=false                 p90=  6.345ms p95=  6.612ms p99=  7.151ms max=  8.914ms target_misses=0 passed=true 
run=3 100/history/json=true                  p90=  6.401ms p95=  6.620ms p99=  7.271ms max=  7.379ms target_misses=0 passed=true 
run=3 1000/list/json=false                   p90= 12.050ms p95= 12.409ms p99= 13.974ms max= 18.967ms target_misses=1 passed=true 
run=3 1000/list/json=true                    p90= 13.305ms p95= 14.166ms p99= 18.483ms max= 19.896ms target_misses=4 passed=true 
run=3 1000/tree/json=false                   p90= 13.149ms p95= 13.470ms p99= 13.892ms max= 14.101ms target_misses=0 passed=true 
run=3 1000/tree/json=true                    p90= 15.679ms p95= 18.063ms p99= 21.423ms max= 22.994ms target_misses=13 passed=false 
run=3 1000/stats/json=false                  p90= 10.547ms p95= 11.147ms p99= 12.117ms max= 14.182ms target_misses=0 passed=true 
run=3 1000/stats/json=true                   p90= 10.780ms p95= 10.993ms p99= 11.645ms max= 12.100ms target_misses=0 passed=true 
run=3 1000/history/json=false                p90=  6.544ms p95=  6.925ms p99=  7.710ms max=  8.012ms target_misses=0 passed=true 
run=3 1000/history/json=true                 p90=  6.516ms p95=  6.683ms p99=  7.192ms max=  7.215ms target_misses=0 passed=true 
exit status 1
make: *** [Makefile:177: bench-cli] Error 1
make: Leaving directory '/tmp/tusk-review-control-_2heraa5'
