mkdir -p "bin/"
CGO_ENABLED=0 go build -o "bin/tusk" ./cmd/tusk
go run ./scripts/cli-bench --binary "bin/tusk" --output "/tmp/compound-engineering-1000/ce-code-review/20260930-160308-70ad9092/cli-latency-repeat.json"
run=1 --help/invalid-config=false            p90=  3.885ms p95=  4.161ms p99=  4.683ms max=  4.709ms target_misses=0 passed=true 
run=1 --version/invalid-config=false         p90=  3.892ms p95=  4.085ms p99=  4.391ms max=  4.602ms target_misses=0 passed=true 
run=1 --help/invalid-config=true             p90=  3.917ms p95=  4.233ms p99=  4.578ms max=  4.703ms target_misses=0 passed=true 
run=1 --version/invalid-config=true          p90=  3.911ms p95=  4.171ms p99=  4.675ms max=  5.020ms target_misses=1 passed=true 
run=1 0/list/json=false                      p90=  5.624ms p95=  6.066ms p99=  6.245ms max=  6.624ms target_misses=0 passed=true 
run=1 0/list/json=true                       p90=  6.000ms p95=  6.420ms p99=  7.233ms max=  7.702ms target_misses=0 passed=true 
run=1 0/tree/json=false                      p90=  5.558ms p95=  5.911ms p99=  6.874ms max=  7.272ms target_misses=0 passed=true 
run=1 0/tree/json=true                       p90=  5.634ms p95=  6.039ms p99=  6.623ms max=  6.929ms target_misses=0 passed=true 
run=1 0/stats/json=false                     p90=  6.251ms p95=  6.951ms p99=  9.030ms max=  9.277ms target_misses=0 passed=true 
run=1 0/stats/json=true                      p90=  6.093ms p95=  6.237ms p99=  6.937ms max=  7.618ms target_misses=0 passed=true 
run=1 0/history/json=false                   p90=  5.925ms p95=  6.395ms p99=  6.843ms max=  7.446ms target_misses=0 passed=true 
run=1 0/history/json=true                    p90=  6.051ms p95=  6.317ms p99=  6.974ms max=  7.765ms target_misses=0 passed=true 
run=1 100/list/json=false                    p90=  6.607ms p95=  7.145ms p99=  8.678ms max= 12.182ms target_misses=0 passed=true 
run=1 100/list/json=true                     p90=  6.390ms p95=  6.841ms p99=  8.158ms max=  9.105ms target_misses=0 passed=true 
run=1 100/tree/json=false                    p90=  6.779ms p95=  6.939ms p99=  7.724ms max=  7.858ms target_misses=0 passed=true 
run=1 100/tree/json=true                     p90=  6.846ms p95=  7.261ms p99=  7.702ms max=  8.699ms target_misses=0 passed=true 
run=1 100/stats/json=false                   p90=  6.143ms p95=  6.479ms p99=  7.259ms max=  7.370ms target_misses=0 passed=true 
run=1 100/stats/json=true                    p90=  6.294ms p95=  6.492ms p99=  7.293ms max=  7.366ms target_misses=0 passed=true 
run=1 100/history/json=false                 p90=  5.834ms p95=  6.039ms p99=  6.343ms max=  6.389ms target_misses=0 passed=true 
run=1 100/history/json=true                  p90=  6.031ms p95=  6.289ms p99=  6.812ms max=  7.097ms target_misses=0 passed=true 
run=1 1000/list/json=false                   p90= 12.371ms p95= 12.675ms p99= 13.762ms max= 28.109ms target_misses=1 passed=true 
run=1 1000/list/json=true                    p90= 12.643ms p95= 13.305ms p99= 18.834ms max= 22.028ms target_misses=3 passed=true 
run=1 1000/tree/json=false                   p90= 12.560ms p95= 13.045ms p99= 13.955ms max= 14.302ms target_misses=0 passed=true 
run=1 1000/tree/json=true                    p90= 14.335ms p95= 15.047ms p99= 20.915ms max= 21.497ms target_misses=6 passed=true 
run=1 1000/stats/json=false                  p90= 10.383ms p95= 10.794ms p99= 11.231ms max= 12.257ms target_misses=0 passed=true 
run=1 1000/stats/json=true                   p90= 10.885ms p95= 11.693ms p99= 12.282ms max= 19.113ms target_misses=1 passed=true 
run=1 1000/history/json=false                p90=  6.145ms p95=  6.401ms p99=  6.874ms max=  7.375ms target_misses=0 passed=true 
run=1 1000/history/json=true                 p90=  6.107ms p95=  6.385ms p99=  6.995ms max=  7.930ms target_misses=0 passed=true 
run=2 --help/invalid-config=false            p90=  3.757ms p95=  4.064ms p99=  4.309ms max=  5.099ms target_misses=1 passed=true 
run=2 --version/invalid-config=false         p90=  3.600ms p95=  3.843ms p99=  4.139ms max=  4.638ms target_misses=0 passed=true 
run=2 --help/invalid-config=true             p90=  3.844ms p95=  4.039ms p99=  4.252ms max=  4.364ms target_misses=0 passed=true 
run=2 --version/invalid-config=true          p90=  3.953ms p95=  4.266ms p99=  4.542ms max=  4.700ms target_misses=0 passed=true 
run=2 0/list/json=false                      p90=  5.847ms p95=  6.138ms p99=  6.750ms max=  6.757ms target_misses=0 passed=true 
run=2 0/list/json=true                       p90=  6.456ms p95=  7.375ms p99=  8.287ms max= 14.608ms target_misses=0 passed=true 
run=2 0/tree/json=false                      p90=  5.741ms p95=  6.242ms p99=  6.632ms max=  8.377ms target_misses=0 passed=true 
run=2 0/tree/json=true                       p90=  6.034ms p95=  6.187ms p99=  6.453ms max=  6.526ms target_misses=0 passed=true 
run=2 0/stats/json=false                     p90=  5.737ms p95=  5.916ms p99=  6.441ms max=  6.528ms target_misses=0 passed=true 
run=2 0/stats/json=true                      p90=  5.752ms p95=  5.981ms p99=  6.309ms max=  6.401ms target_misses=0 passed=true 
run=2 0/history/json=false                   p90=  6.315ms p95=  6.600ms p99=  7.096ms max=  7.191ms target_misses=0 passed=true 
run=2 0/history/json=true                    p90=  6.202ms p95=  6.723ms p99=  7.169ms max= 13.139ms target_misses=0 passed=true 
run=2 100/list/json=false                    p90=  6.680ms p95=  7.160ms p99=  7.856ms max=  8.070ms target_misses=0 passed=true 
run=2 100/list/json=true                     p90=  6.670ms p95=  7.014ms p99=  7.835ms max=  8.719ms target_misses=0 passed=true 
run=2 100/tree/json=false                    p90=  6.580ms p95=  7.163ms p99=  9.079ms max= 11.804ms target_misses=0 passed=true 
run=2 100/tree/json=true                     p90=  6.818ms p95=  7.292ms p99=  7.921ms max=  8.750ms target_misses=0 passed=true 
run=2 100/stats/json=false                   p90=  6.533ms p95=  6.602ms p99=  7.029ms max=  7.063ms target_misses=0 passed=true 
run=2 100/stats/json=true                    p90=  6.586ms p95=  6.881ms p99=  7.549ms max=  7.942ms target_misses=0 passed=true 
run=2 100/history/json=false                 p90=  6.008ms p95=  6.272ms p99=  6.907ms max=  7.697ms target_misses=0 passed=true 
run=2 100/history/json=true                  p90=  6.088ms p95=  6.474ms p99=  6.772ms max=  7.806ms target_misses=0 passed=true 
run=2 1000/list/json=false                   p90= 11.925ms p95= 12.351ms p99= 13.012ms max= 13.732ms target_misses=0 passed=true 
run=2 1000/list/json=true                    p90= 13.757ms p95= 17.317ms p99= 19.475ms max= 19.790ms target_misses=6 passed=true 
run=2 1000/tree/json=false                   p90= 12.532ms p95= 13.232ms p99= 13.797ms max= 19.239ms target_misses=1 passed=true 
run=2 1000/tree/json=true                    p90= 14.554ms p95= 16.329ms p99= 19.030ms max= 20.793ms target_misses=8 passed=true 
run=2 1000/stats/json=false                  p90= 10.660ms p95= 11.285ms p99= 16.427ms max= 16.980ms target_misses=2 passed=true 
run=2 1000/stats/json=true                   p90= 10.684ms p95= 11.243ms p99= 16.086ms max= 16.111ms target_misses=3 passed=true 
run=2 1000/history/json=false                p90=  5.883ms p95=  6.190ms p99=  6.922ms max=  8.010ms target_misses=0 passed=true 
run=2 1000/history/json=true                 p90=  6.356ms p95=  6.629ms p99=  7.254ms max=  7.691ms target_misses=0 passed=true 
run=3 --help/invalid-config=false            p90=  3.941ms p95=  4.119ms p99=  4.600ms max=  5.276ms target_misses=1 passed=true 
run=3 --version/invalid-config=false         p90=  3.924ms p95=  4.359ms p99=  5.036ms max=  5.444ms target_misses=2 passed=true 
run=3 --help/invalid-config=true             p90=  3.773ms p95=  4.005ms p99=  4.486ms max=  4.590ms target_misses=0 passed=true 
run=3 --version/invalid-config=true          p90=  3.840ms p95=  4.083ms p99=  4.539ms max=  5.034ms target_misses=1 passed=true 
run=3 0/list/json=false                      p90=  6.126ms p95=  6.674ms p99=  8.098ms max=  8.345ms target_misses=0 passed=true 
run=3 0/list/json=true                       p90=  5.762ms p95=  5.912ms p99=  6.323ms max=  7.177ms target_misses=0 passed=true 
run=3 0/tree/json=false                      p90=  5.771ms p95=  6.135ms p99=  6.479ms max=  6.521ms target_misses=0 passed=true 
run=3 0/tree/json=true                       p90=  5.887ms p95=  6.278ms p99=  6.752ms max=  6.753ms target_misses=0 passed=true 
run=3 0/stats/json=false                     p90=  5.937ms p95=  6.091ms p99=  6.463ms max=  9.047ms target_misses=0 passed=true 
run=3 0/stats/json=true                      p90=  6.116ms p95=  6.289ms p99=  6.799ms max=  6.932ms target_misses=0 passed=true 
run=3 0/history/json=false                   p90=  6.018ms p95=  6.189ms p99=  7.011ms max=  7.480ms target_misses=0 passed=true 
run=3 0/history/json=true                    p90=  6.011ms p95=  6.287ms p99=  6.569ms max=  6.834ms target_misses=0 passed=true 
run=3 100/list/json=false                    p90=  6.581ms p95=  6.712ms p99=  6.900ms max=  7.106ms target_misses=0 passed=true 
run=3 100/list/json=true                     p90=  6.797ms p95=  7.048ms p99=  8.007ms max=  8.622ms target_misses=0 passed=true 
run=3 100/tree/json=false                    p90=  6.741ms p95=  7.179ms p99=  8.070ms max=  8.526ms target_misses=0 passed=true 
run=3 100/tree/json=true                     p90=  6.620ms p95=  6.833ms p99=  7.765ms max=  7.959ms target_misses=0 passed=true 
run=3 100/stats/json=false                   p90=  6.256ms p95=  6.663ms p99=  7.404ms max=  8.398ms target_misses=0 passed=true 
run=3 100/stats/json=true                    p90=  6.657ms p95=  7.202ms p99=  8.026ms max=  9.014ms target_misses=0 passed=true 
run=3 100/history/json=false                 p90=  5.745ms p95=  5.874ms p99=  6.233ms max=  6.432ms target_misses=0 passed=true 
run=3 100/history/json=true                  p90=  6.048ms p95=  6.319ms p99=  7.220ms max=  7.270ms target_misses=0 passed=true 
run=3 1000/list/json=false                   p90= 12.082ms p95= 12.386ms p99= 14.380ms max= 17.293ms target_misses=1 passed=true 
run=3 1000/list/json=true                    p90= 12.698ms p95= 15.055ms p99= 19.002ms max= 19.673ms target_misses=6 passed=true 
run=3 1000/tree/json=false                   p90= 12.586ms p95= 13.132ms p99= 13.559ms max= 13.585ms target_misses=0 passed=true 
run=3 1000/tree/json=true                    p90= 14.323ms p95= 15.132ms p99= 19.521ms max= 19.731ms target_misses=6 passed=true 
run=3 1000/stats/json=false                  p90= 10.471ms p95= 10.783ms p99= 11.507ms max= 15.641ms target_misses=1 passed=true 
run=3 1000/stats/json=true                   p90= 10.686ms p95= 11.088ms p99= 11.928ms max= 16.320ms target_misses=1 passed=true 
run=3 1000/history/json=false                p90=  5.862ms p95=  6.082ms p99=  7.236ms max=  7.571ms target_misses=0 passed=true 
run=3 1000/history/json=true                 p90=  6.108ms p95=  6.520ms p99=  6.748ms max=  7.112ms target_misses=0 passed=true 
