mkdir -p "bin/"
CGO_ENABLED=0 go build -o "bin/tusk" ./cmd/tusk
go run ./scripts/cli-bench --binary "bin/tusk" --output "/tmp/compound-engineering-1000/ce-code-review/20260930-160308-70ad9092/cli-latency.json"
run=1 --help/invalid-config=false            p90=  3.884ms p95=  4.270ms p99=  5.013ms max=  5.712ms target_misses=2 passed=true 
run=1 --version/invalid-config=false         p90=  3.743ms p95=  3.915ms p99=  4.034ms max=  4.460ms target_misses=0 passed=true 
run=1 --help/invalid-config=true             p90=  3.867ms p95=  4.117ms p99=  4.632ms max=  5.049ms target_misses=1 passed=true 
run=1 --version/invalid-config=true          p90=  3.894ms p95=  4.002ms p99=  4.079ms max=  4.160ms target_misses=0 passed=true 
run=1 0/list/json=false                      p90=  5.984ms p95=  6.262ms p99=  6.785ms max=  6.860ms target_misses=0 passed=true 
run=1 0/list/json=true                       p90=  5.803ms p95=  6.098ms p99=  6.460ms max=  6.659ms target_misses=0 passed=true 
run=1 0/tree/json=false                      p90=  5.905ms p95=  6.349ms p99=  8.056ms max= 11.358ms target_misses=0 passed=true 
run=1 0/tree/json=true                       p90=  5.857ms p95=  6.506ms p99=  7.032ms max=  7.411ms target_misses=0 passed=true 
run=1 0/stats/json=false                     p90=  5.793ms p95=  6.051ms p99=  6.347ms max=  6.395ms target_misses=0 passed=true 
run=1 0/stats/json=true                      p90=  6.107ms p95=  6.597ms p99=  7.351ms max=  7.374ms target_misses=0 passed=true 
run=1 0/history/json=false                   p90=  5.798ms p95=  6.076ms p99=  6.563ms max=  6.681ms target_misses=0 passed=true 
run=1 0/history/json=true                    p90=  5.858ms p95=  6.349ms p99=  6.925ms max=  6.982ms target_misses=0 passed=true 
run=1 100/list/json=false                    p90=  6.346ms p95=  6.471ms p99=  7.484ms max=  8.202ms target_misses=0 passed=true 
run=1 100/list/json=true                     p90=  6.595ms p95=  6.753ms p99=  7.009ms max=  7.157ms target_misses=0 passed=true 
run=1 100/tree/json=false                    p90=  6.679ms p95=  7.185ms p99=  7.984ms max=  8.130ms target_misses=0 passed=true 
run=1 100/tree/json=true                     p90=  6.779ms p95=  7.445ms p99=  7.836ms max=  8.383ms target_misses=0 passed=true 
run=1 100/stats/json=false                   p90=  6.732ms p95=  7.478ms p99= 11.004ms max= 16.040ms target_misses=1 passed=true 
run=1 100/stats/json=true                    p90=  6.206ms p95=  6.546ms p99=  7.332ms max=  8.014ms target_misses=0 passed=true 
run=1 100/history/json=false                 p90=  6.171ms p95=  6.316ms p99=  7.378ms max=  8.343ms target_misses=0 passed=true 
run=1 100/history/json=true                  p90=  6.340ms p95=  6.979ms p99=  7.327ms max=  7.415ms target_misses=0 passed=true 
run=1 1000/list/json=false                   p90= 11.681ms p95= 12.414ms p99= 18.579ms max= 18.952ms target_misses=2 passed=true 
run=1 1000/list/json=true                    p90= 13.580ms p95= 18.651ms p99= 20.154ms max= 21.382ms target_misses=7 passed=true 
run=1 1000/tree/json=false                   p90= 12.645ms p95= 12.894ms p99= 13.118ms max= 13.206ms target_misses=0 passed=true 
run=1 1000/tree/json=true                    p90= 15.321ms p95= 18.484ms p99= 21.516ms max= 22.848ms target_misses=13 passed=false 
run=1 1000/stats/json=false                  p90= 10.716ms p95= 11.354ms p99= 15.225ms max= 15.370ms target_misses=2 passed=true 
run=1 1000/stats/json=true                   p90= 10.673ms p95= 11.043ms p99= 14.887ms max= 15.827ms target_misses=1 passed=true 
run=1 1000/history/json=false                p90=  6.121ms p95=  6.355ms p99=  6.674ms max=  7.766ms target_misses=0 passed=true 
run=1 1000/history/json=true                 p90=  6.443ms p95=  6.656ms p99=  7.079ms max=  7.180ms target_misses=0 passed=true 
run=2 --help/invalid-config=false            p90=  3.654ms p95=  3.804ms p99=  5.209ms max=  5.312ms target_misses=2 passed=true 
run=2 --version/invalid-config=false         p90=  3.947ms p95=  4.172ms p99=  4.507ms max=  4.754ms target_misses=0 passed=true 
run=2 --help/invalid-config=true             p90=  4.162ms p95=  4.306ms p99=  4.569ms max=  4.824ms target_misses=0 passed=true 
run=2 --version/invalid-config=true          p90=  4.353ms p95=  4.604ms p99=  6.126ms max=  7.772ms target_misses=3 passed=true 
run=2 0/list/json=false                      p90=  5.889ms p95=  6.150ms p99=  6.972ms max=  8.338ms target_misses=0 passed=true 
run=2 0/list/json=true                       p90=  5.851ms p95=  6.099ms p99=  6.396ms max=  6.414ms target_misses=0 passed=true 
run=2 0/tree/json=false                      p90=  5.858ms p95=  6.221ms p99=  7.380ms max=  8.253ms target_misses=0 passed=true 
run=2 0/tree/json=true                       p90=  5.979ms p95=  6.298ms p99=  7.159ms max=  7.689ms target_misses=0 passed=true 
run=2 0/stats/json=false                     p90=  5.690ms p95=  6.067ms p99=  6.299ms max=  6.479ms target_misses=0 passed=true 
run=2 0/stats/json=true                      p90=  5.808ms p95=  6.006ms p99=  6.418ms max=  6.797ms target_misses=0 passed=true 
run=2 0/history/json=false                   p90=  5.860ms p95=  6.410ms p99=  6.948ms max=  7.600ms target_misses=0 passed=true 
run=2 0/history/json=true                    p90=  6.003ms p95=  6.207ms p99=  6.823ms max=  7.282ms target_misses=0 passed=true 
run=2 100/list/json=false                    p90=  6.133ms p95=  6.382ms p99=  7.034ms max=  7.293ms target_misses=0 passed=true 
run=2 100/list/json=true                     p90=  6.665ms p95=  7.178ms p99=  7.736ms max=  7.857ms target_misses=0 passed=true 
run=2 100/tree/json=false                    p90=  6.546ms p95=  6.933ms p99=  7.453ms max=  7.819ms target_misses=0 passed=true 
run=2 100/tree/json=true                     p90=  6.870ms p95=  7.043ms p99=  7.440ms max=  8.006ms target_misses=0 passed=true 
run=2 100/stats/json=false                   p90=  6.541ms p95=  6.885ms p99=  7.590ms max=  7.611ms target_misses=0 passed=true 
run=2 100/stats/json=true                    p90=  6.590ms p95=  6.872ms p99=  8.981ms max=  9.351ms target_misses=0 passed=true 
run=2 100/history/json=false                 p90=  6.029ms p95=  6.709ms p99=  6.930ms max=  7.005ms target_misses=0 passed=true 
run=2 100/history/json=true                  p90=  6.209ms p95=  6.669ms p99=  6.951ms max=  6.990ms target_misses=0 passed=true 
run=2 1000/list/json=false                   p90= 11.654ms p95= 12.264ms p99= 13.534ms max= 15.235ms target_misses=1 passed=true 
run=2 1000/list/json=true                    p90= 13.162ms p95= 14.621ms p99= 19.328ms max= 19.425ms target_misses=5 passed=true 
run=2 1000/tree/json=false                   p90= 12.926ms p95= 13.271ms p99= 14.042ms max= 14.193ms target_misses=0 passed=true 
run=2 1000/tree/json=true                    p90= 14.603ms p95= 15.075ms p99= 18.151ms max= 20.605ms target_misses=7 passed=true 
run=2 1000/stats/json=false                  p90= 10.400ms p95= 10.808ms p99= 11.362ms max= 11.399ms target_misses=0 passed=true 
run=2 1000/stats/json=true                   p90= 10.376ms p95= 10.989ms p99= 11.192ms max= 12.462ms target_misses=0 passed=true 
run=2 1000/history/json=false                p90=  5.980ms p95=  6.248ms p99=  6.658ms max=  6.706ms target_misses=0 passed=true 
run=2 1000/history/json=true                 p90=  6.354ms p95=  6.755ms p99=  7.367ms max=  7.937ms target_misses=0 passed=true 
run=3 --help/invalid-config=false            p90=  3.882ms p95=  4.076ms p99=  4.850ms max=  5.164ms target_misses=1 passed=true 
run=3 --version/invalid-config=false         p90=  3.784ms p95=  3.925ms p99=  4.257ms max=  4.454ms target_misses=0 passed=true 
run=3 --help/invalid-config=true             p90=  3.720ms p95=  3.888ms p99=  4.237ms max=  4.612ms target_misses=0 passed=true 
run=3 --version/invalid-config=true          p90=  3.932ms p95=  4.068ms p99=  4.260ms max=  4.408ms target_misses=0 passed=true 
run=3 0/list/json=false                      p90=  5.856ms p95=  6.051ms p99=  6.485ms max=  6.550ms target_misses=0 passed=true 
run=3 0/list/json=true                       p90=  5.597ms p95=  5.862ms p99=  6.518ms max=  6.862ms target_misses=0 passed=true 
run=3 0/tree/json=false                      p90=  5.933ms p95=  6.422ms p99=  7.597ms max=  8.124ms target_misses=0 passed=true 
run=3 0/tree/json=true                       p90=  5.981ms p95=  6.009ms p99=  6.458ms max=  6.678ms target_misses=0 passed=true 
run=3 0/stats/json=false                     p90=  6.114ms p95=  6.478ms p99=  6.818ms max=  6.931ms target_misses=0 passed=true 
run=3 0/stats/json=true                      p90=  5.887ms p95=  6.114ms p99=  6.338ms max=  6.458ms target_misses=0 passed=true 
run=3 0/history/json=false                   p90=  6.003ms p95=  6.185ms p99=  7.081ms max=  7.284ms target_misses=0 passed=true 
run=3 0/history/json=true                    p90=  5.746ms p95=  6.171ms p99=  6.913ms max=  7.795ms target_misses=0 passed=true 
run=3 100/list/json=false                    p90=  6.312ms p95=  6.484ms p99=  6.804ms max=  7.391ms target_misses=0 passed=true 
run=3 100/list/json=true                     p90=  6.438ms p95=  6.968ms p99=  8.109ms max=  8.207ms target_misses=0 passed=true 
run=3 100/tree/json=false                    p90=  6.685ms p95=  6.889ms p99=  7.251ms max=  7.617ms target_misses=0 passed=true 
run=3 100/tree/json=true                     p90=  6.720ms p95=  7.124ms p99=  8.184ms max=  8.199ms target_misses=0 passed=true 
run=3 100/stats/json=false                   p90=  6.240ms p95=  6.551ms p99=  7.627ms max=  7.984ms target_misses=0 passed=true 
run=3 100/stats/json=true                    p90=  6.013ms p95=  6.497ms p99=  7.034ms max=  7.638ms target_misses=0 passed=true 
run=3 100/history/json=false                 p90=  5.868ms p95=  6.087ms p99=  6.469ms max=  6.875ms target_misses=0 passed=true 
run=3 100/history/json=true                  p90=  6.194ms p95=  6.516ms p99=  7.247ms max=  7.854ms target_misses=0 passed=true 
run=3 1000/list/json=false                   p90= 11.855ms p95= 12.348ms p99= 13.037ms max= 19.597ms target_misses=1 passed=true 
run=3 1000/list/json=true                    p90= 13.435ms p95= 17.321ms p99= 20.123ms max= 20.543ms target_misses=7 passed=true 
run=3 1000/tree/json=false                   p90= 13.590ms p95= 15.917ms p99= 20.615ms max= 21.387ms target_misses=8 passed=true 
run=3 1000/tree/json=true                    p90= 16.729ms p95= 19.564ms p99= 21.169ms max= 21.411ms target_misses=15 passed=false 
run=3 1000/stats/json=false                  p90= 10.463ms p95= 10.694ms p99= 11.322ms max= 12.261ms target_misses=0 passed=true 
run=3 1000/stats/json=true                   p90= 10.253ms p95= 10.944ms p99= 12.420ms max= 16.291ms target_misses=1 passed=true 
run=3 1000/history/json=false                p90=  5.996ms p95=  6.205ms p99=  6.593ms max=  6.622ms target_misses=0 passed=true 
run=3 1000/history/json=true                 p90=  6.265ms p95=  6.684ms p99=  6.937ms max=  7.310ms target_misses=0 passed=true 
exit status 1
make: *** [Makefile:177: bench-cli] Error 1
