==> Formatting Go files with gofmt -s...
==> Successfully formatted Go files.
go test  -v ./internal/tui ./internal/terminaltext ./internal/cli ./cmd/tusk -run '^TestTUI_DependencyPatchIntegrity'
=== RUN   TestTUI_DependencyPatchIntegrity
=== RUN   TestTUI_DependencyPatchIntegrity/bubbletea
=== RUN   TestTUI_DependencyPatchIntegrity/glamour
--- PASS: TestTUI_DependencyPatchIntegrity (0.00s)
    --- PASS: TestTUI_DependencyPatchIntegrity/bubbletea (0.00s)
    --- PASS: TestTUI_DependencyPatchIntegrity/glamour (0.00s)
=== RUN   TestTUI_DependencyPatchIntegrityRejectsAdditionalSource
=== RUN   TestTUI_DependencyPatchIntegrityRejectsAdditionalSource/bubbletea
=== RUN   TestTUI_DependencyPatchIntegrityRejectsAdditionalSource/glamour
--- PASS: TestTUI_DependencyPatchIntegrityRejectsAdditionalSource (0.03s)
    --- PASS: TestTUI_DependencyPatchIntegrityRejectsAdditionalSource/bubbletea (0.01s)
    --- PASS: TestTUI_DependencyPatchIntegrityRejectsAdditionalSource/glamour (0.01s)
PASS
ok  	github.com/newbpydev/tusk/internal/tui	0.038s
testing: warning: no tests to run
PASS
ok  	github.com/newbpydev/tusk/internal/terminaltext	0.005s [no tests to run]
testing: warning: no tests to run
PASS
ok  	github.com/newbpydev/tusk/internal/cli	0.005s [no tests to run]
testing: warning: no tests to run
PASS
ok  	github.com/newbpydev/tusk/cmd/tusk	0.006s [no tests to run]
