go test -count=1 -v ./internal/tui ./internal/terminaltext ./internal/cli ./cmd/tusk -run '^TestTUI_DependencyCheckoutNeedsNoLFS$'
=== RUN   TestTUI_DependencyCheckoutNeedsNoLFS
=== RUN   TestTUI_DependencyCheckoutNeedsNoLFS/bubbletea
=== RUN   TestTUI_DependencyCheckoutNeedsNoLFS/glamour
    compatibility_test.go:45: dependency checkout must work without Git LFS ([-c filter.lfs.process= -c filter.lfs.clean=cat -c filter.lfs.smudge=false -c filter.lfs.required=true checkout-index --prefix=/tmp/TestTUI_DependencyCheckoutNeedsNoLFSglamour3009549210/002/ --all]): exit status 128
        fatal: styles/gallery/ascii.png: smudge filter lfs failed
--- FAIL: TestTUI_DependencyCheckoutNeedsNoLFS (0.04s)
    --- PASS: TestTUI_DependencyCheckoutNeedsNoLFS/bubbletea (0.01s)
    --- FAIL: TestTUI_DependencyCheckoutNeedsNoLFS/glamour (0.02s)
FAIL
FAIL	github.com/newbpydev/tusk/internal/tui	0.044s
testing: warning: no tests to run
PASS
ok  	github.com/newbpydev/tusk/internal/terminaltext	0.004s [no tests to run]
testing: warning: no tests to run
PASS
ok  	github.com/newbpydev/tusk/internal/cli	0.004s [no tests to run]
testing: warning: no tests to run
PASS
ok  	github.com/newbpydev/tusk/cmd/tusk	0.006s [no tests to run]
FAIL
make: *** [Makefile:117: test-tui] Error 1
